CascadeMinimizer.cc[188] : (in function: improveOnce) - Minimization configured with Type=Minuit2, Algo=Migrad, strategy=0, tolerance=0.1
CascadeMinimizer.cc[215] : (in function: improveOnce) - Minimization finished with status=0
CascadeMinimizer.cc[219] : (in function: improveOnce) - Minimization success! status=0
ToyMCSamplerOpt.cc[146] : (in function: generateAsimov) - Using internal logic for binned/unbinned Asimov dataset generation
ToyMCSamplerOpt.cc[214] : (in function: generateWithHisto) - Generating asimov with histogram for pdf pdf_binfail_LOW_obsOnly: in 4 x-bins
ToyMCSamplerOpt.cc[215] : (in function: generateWithHisto) -  , in 1 y-bins
ToyMCSamplerOpt.cc[146] : (in function: generateAsimov) - Using internal logic for binned/unbinned Asimov dataset generation
ToyMCSamplerOpt.cc[214] : (in function: generateWithHisto) - Generating asimov with histogram for pdf pdf_binfail_SIG_obsOnly: in 3 x-bins
ToyMCSamplerOpt.cc[215] : (in function: generateWithHisto) -  , in 1 y-bins
ToyMCSamplerOpt.cc[146] : (in function: generateAsimov) - Using internal logic for binned/unbinned Asimov dataset generation
ToyMCSamplerOpt.cc[214] : (in function: generateWithHisto) - Generating asimov with histogram for pdf pdf_binfail_HIGH_obsOnly: in 7 x-bins
ToyMCSamplerOpt.cc[215] : (in function: generateWithHisto) -  , in 1 y-bins
ToyMCSamplerOpt.cc[146] : (in function: generateAsimov) - Using internal logic for binned/unbinned Asimov dataset generation
ToyMCSamplerOpt.cc[214] : (in function: generateWithHisto) - Generating asimov with histogram for pdf pdf_binpass_LOW_obsOnly: in 4 x-bins
ToyMCSamplerOpt.cc[215] : (in function: generateWithHisto) -  , in 1 y-bins
ToyMCSamplerOpt.cc[146] : (in function: generateAsimov) - Using internal logic for binned/unbinned Asimov dataset generation
ToyMCSamplerOpt.cc[214] : (in function: generateWithHisto) - Generating asimov with histogram for pdf pdf_binpass_SIG_obsOnly: in 3 x-bins
ToyMCSamplerOpt.cc[215] : (in function: generateWithHisto) -  , in 1 y-bins
ToyMCSamplerOpt.cc[146] : (in function: generateAsimov) - Using internal logic for binned/unbinned Asimov dataset generation
ToyMCSamplerOpt.cc[214] : (in function: generateWithHisto) - Generating asimov with histogram for pdf pdf_binpass_HIGH_obsOnly: in 7 x-bins
ToyMCSamplerOpt.cc[215] : (in function: generateWithHisto) -  , in 1 y-bins
AsymptoticLimits.cc[428] : (in function: runLimitExpected) - Median for expected limits = 3.71875, Sigma for expected limits = 1.89736
AsymptoticLimits.cc[191] : (in function: runLimit) - NLL at global minimum of data = -11583 (r=4.74857e-06)
AsymptoticLimits.cc[211] : (in function: runLimit) - NLL at global minimum of asimov = -11582.8 (r=1.14647e-11)
AsymptoticLimits.cc[337] : (in function: getCLs) - At r = 1.390704:	q_mu = 2.18719	q_A  = 1.80943	Pmu = 0.06870	1-Pb  = 0.44417	CLs  = 0.15467
AsymptoticLimits.cc[337] : (in function: getCLs) - At r = 2.781407:	q_mu = 3.57728	q_A  = 3.12044	Pmu = 0.02899	1-Pb  = 0.44856	CLs  = 0.06464
AsymptoticLimits.cc[337] : (in function: getCLs) - At r = 5.562814:	q_mu = 5.54732	q_A  = 5.01535	Pmu = 0.00918	1-Pb  = 0.45273	CLs  = 0.02028
AsymptoticLimits.cc[337] : (in function: getCLs) - At r = 2.781410:	q_mu = 3.57729	q_A  = 3.12045	Pmu = 0.02899	1-Pb  = 0.44856	CLs  = 0.06464
AsymptoticLimits.cc[337] : (in function: getCLs) - At r = 3.830563:	q_mu = 4.40856	q_A  = 3.91634	Pmu = 0.01772	1-Pb  = 0.45051	CLs  = 0.03933
AsymptoticLimits.cc[337] : (in function: getCLs) - At r = 3.215195:	q_mu = 3.93774	q_A  = 3.46474	Pmu = 0.02338	1-Pb  = 0.44945	CLs  = 0.05202
AsymptoticLimits.cc[337] : (in function: getCLs) - At r = 3.408076:	q_mu = 4.09006	q_A  = 3.61063	Pmu = 0.02137	1-Pb  = 0.44980	CLs  = 0.04750
AsymptoticLimits.cc[337] : (in function: getCLs) - At r = 3.321071:	q_mu = 4.02188	q_A  = 3.54530	Pmu = 0.02224	1-Pb  = 0.44965	CLs  = 0.04947
AsymptoticLimits.cc[337] : (in function: getCLs) - At r = 3.281994:	q_mu = 3.99099	q_A  = 3.51571	Pmu = 0.02266	1-Pb  = 0.44957	CLs  = 0.05039
AsymptoticLimits.cc[337] : (in function: getCLs) - At r = 3.303061:	q_mu = 4.00783	q_A  = 3.53181	Pmu = 0.02243	1-Pb  = 0.44961	CLs  = 0.04989
AsymptoticLimits.cc[337] : (in function: getCLs) - At r = 3.295101:	q_mu = 4.00141	q_A  = 3.52569	Pmu = 0.02252	1-Pb  = 0.44960	CLs  = 0.05008
AsymptoticLimits.cc[337] : (in function: getCLs) - At r = 3.299345:	q_mu = 4.00474	q_A  = 3.52888	Pmu = 0.02247	1-Pb  = 0.44961	CLs  = 0.04998
AsymptoticLimits.cc[337] : (in function: getCLs) - At r = 3.297825:	q_mu = 4.00353	q_A  = 3.52789	Pmu = 0.02249	1-Pb  = 0.44962	CLs  = 0.05001
AsymptoticLimits.cc[337] : (in function: getCLs) - At r = 3.298650:	q_mu = 4.00418	q_A  = 3.52838	Pmu = 0.02248	1-Pb  = 0.44961	CLs  = 0.05000
AsymptoticLimits.cc[337] : (in function: getCLs) - At r = 3.298365:	q_mu = 4.00413	q_A  = 3.52813	Pmu = 0.02248	1-Pb  = 0.44959	CLs  = 0.05000
AsymptoticLimits.cc[337] : (in function: getCLs) - At r = 3.298436:	q_mu = 4.00405	q_A  = 3.52818	Pmu = 0.02248	1-Pb  = 0.44960	CLs  = 0.05000
AsymptoticLimits.cc[337] : (in function: getCLs) - At r = 3.298530:	q_mu = 4.00409	q_A  = 3.52825	Pmu = 0.02248	1-Pb  = 0.44960	CLs  = 0.05000
AsymptoticLimits.cc[337] : (in function: getCLs) - At r = 3.298500:	q_mu = 4.00406	q_A  = 3.52823	Pmu = 0.02248	1-Pb  = 0.44960	CLs  = 0.05000
AsymptoticLimits.cc[337] : (in function: getCLs) - At r = 3.298517:	q_mu = 4.00427	q_A  = 3.52824	Pmu = 0.02248	1-Pb  = 0.44958	CLs  = 0.05000
