CascadeMinimizer.cc[188] : (in function: improveOnce) - Minimization configured with Type=Minuit2, Algo=Migrad, strategy=0, tolerance=0.1
CascadeMinimizer.cc[215] : (in function: improveOnce) - Minimization finished with status=0
CascadeMinimizer.cc[219] : (in function: improveOnce) - Minimization success! status=0
ToyMCSamplerOpt.cc[146] : (in function: generateAsimov) - Using internal logic for binned/unbinned Asimov dataset generation
ToyMCSamplerOpt.cc[214] : (in function: generateWithHisto) - Generating asimov with histogram for pdf pdf_binfail_LOW_obsOnly: in 4 x-bins
ToyMCSamplerOpt.cc[215] : (in function: generateWithHisto) -  , in 1 y-bins
ToyMCSamplerOpt.cc[146] : (in function: generateAsimov) - Using internal logic for binned/unbinned Asimov dataset generation
ToyMCSamplerOpt.cc[214] : (in function: generateWithHisto) - Generating asimov with histogram for pdf pdf_binfail_SIG_obsOnly: in 3 x-bins
ToyMCSamplerOpt.cc[215] : (in function: generateWithHisto) -  , in 1 y-bins
ToyMCSamplerOpt.cc[146] : (in function: generateAsimov) - Using internal logic for binned/unbinned Asimov dataset generation
ToyMCSamplerOpt.cc[214] : (in function: generateWithHisto) - Generating asimov with histogram for pdf pdf_binfail_HIGH_obsOnly: in 7 x-bins
ToyMCSamplerOpt.cc[215] : (in function: generateWithHisto) -  , in 1 y-bins
ToyMCSamplerOpt.cc[146] : (in function: generateAsimov) - Using internal logic for binned/unbinned Asimov dataset generation
ToyMCSamplerOpt.cc[214] : (in function: generateWithHisto) - Generating asimov with histogram for pdf pdf_binpass_LOW_obsOnly: in 4 x-bins
ToyMCSamplerOpt.cc[215] : (in function: generateWithHisto) -  , in 1 y-bins
ToyMCSamplerOpt.cc[146] : (in function: generateAsimov) - Using internal logic for binned/unbinned Asimov dataset generation
ToyMCSamplerOpt.cc[214] : (in function: generateWithHisto) - Generating asimov with histogram for pdf pdf_binpass_SIG_obsOnly: in 3 x-bins
ToyMCSamplerOpt.cc[215] : (in function: generateWithHisto) -  , in 1 y-bins
ToyMCSamplerOpt.cc[146] : (in function: generateAsimov) - Using internal logic for binned/unbinned Asimov dataset generation
ToyMCSamplerOpt.cc[214] : (in function: generateWithHisto) - Generating asimov with histogram for pdf pdf_binpass_HIGH_obsOnly: in 7 x-bins
ToyMCSamplerOpt.cc[215] : (in function: generateWithHisto) -  , in 1 y-bins
AsymptoticLimits.cc[428] : (in function: runLimitExpected) - Median for expected limits = 1.01562, Sigma for expected limits = 0.518186
AsymptoticLimits.cc[191] : (in function: runLimit) - NLL at global minimum of data = -11137.1 (r=1.66034e-09)
AsymptoticLimits.cc[211] : (in function: runLimit) - NLL at global minimum of asimov = -11136.5 (r=2.84636e-06)
AsymptoticLimits.cc[337] : (in function: getCLs) - At r = 1.200000:	q_mu = 6.18596	q_A  = 4.48706	Pmu = 0.00588	1-Pb  = 0.34421	CLs  = 0.01708
AsymptoticLimits.cc[337] : (in function: getCLs) - At r = 0.600000:	q_mu = 3.58721	q_A  = 2.28280	Pmu = 0.02603	1-Pb  = 0.33299	CLs  = 0.07818
AsymptoticLimits.cc[337] : (in function: getCLs) - At r = 0.861075:	q_mu = 4.79648	q_A  = 3.28836	Pmu = 0.01290	1-Pb  = 0.33877	CLs  = 0.03808
AsymptoticLimits.cc[337] : (in function: getCLs) - At r = 0.729786:	q_mu = 4.20624	q_A  = 2.79214	Pmu = 0.01813	1-Pb  = 0.33610	CLs  = 0.05393
AsymptoticLimits.cc[337] : (in function: getCLs) - At r = 0.778872:	q_mu = 4.43090	q_A  = 2.97986	Pmu = 0.01592	1-Pb  = 0.33714	CLs  = 0.04721
AsymptoticLimits.cc[337] : (in function: getCLs) - At r = 0.752105:	q_mu = 4.30896	q_A  = 2.87779	Pmu = 0.01708	1-Pb  = 0.33658	CLs  = 0.05074
AsymptoticLimits.cc[337] : (in function: getCLs) - At r = 0.761818:	q_mu = 4.35334	q_A  = 2.91494	Pmu = 0.01665	1-Pb  = 0.33679	CLs  = 0.04942
AsymptoticLimits.cc[337] : (in function: getCLs) - At r = 0.756445:	q_mu = 4.32889	q_A  = 2.89440	Pmu = 0.01688	1-Pb  = 0.33666	CLs  = 0.05014
AsymptoticLimits.cc[337] : (in function: getCLs) - At r = 0.758377:	q_mu = 4.33765	q_A  = 2.90177	Pmu = 0.01680	1-Pb  = 0.33671	CLs  = 0.04988
AsymptoticLimits.cc[337] : (in function: getCLs) - At r = 0.757305:	q_mu = 4.33274	q_A  = 2.89767	Pmu = 0.01684	1-Pb  = 0.33669	CLs  = 0.05003
AsymptoticLimits.cc[337] : (in function: getCLs) - At r = 0.757697:	q_mu = 4.33452	q_A  = 2.89917	Pmu = 0.01683	1-Pb  = 0.33670	CLs  = 0.04998
AsymptoticLimits.cc[337] : (in function: getCLs) - At r = 0.757483:	q_mu = 4.33363	q_A  = 2.89835	Pmu = 0.01684	1-Pb  = 0.33668	CLs  = 0.05000
AsymptoticLimits.cc[337] : (in function: getCLs) - At r = 0.757553:	q_mu = 4.33389	q_A  = 2.89864	Pmu = 0.01683	1-Pb  = 0.33669	CLs  = 0.05000
AsymptoticLimits.cc[337] : (in function: getCLs) - At r = 0.757512:	q_mu = 4.33368	q_A  = 2.89847	Pmu = 0.01684	1-Pb  = 0.33669	CLs  = 0.05000
AsymptoticLimits.cc[337] : (in function: getCLs) - At r = 0.757531:	q_mu = 4.33377	q_A  = 2.89853	Pmu = 0.01683	1-Pb  = 0.33669	CLs  = 0.05000
AsymptoticLimits.cc[337] : (in function: getCLs) - At r = 0.757525:	q_mu = 4.33373	q_A  = 2.89851	Pmu = 0.01683	1-Pb  = 0.33669	CLs  = 0.05000
AsymptoticLimits.cc[337] : (in function: getCLs) - At r = 0.757528:	q_mu = 4.33383	q_A  = 2.89852	Pmu = 0.01683	1-Pb  = 0.33668	CLs  = 0.05000
