CascadeMinimizer.cc[188] : (in function: improveOnce) - Minimization configured with Type=Minuit2, Algo=Migrad, strategy=0, tolerance=0.1
CascadeMinimizer.cc[215] : (in function: improveOnce) - Minimization finished with status=0
CascadeMinimizer.cc[219] : (in function: improveOnce) - Minimization success! status=0
ToyMCSamplerOpt.cc[146] : (in function: generateAsimov) - Using internal logic for binned/unbinned Asimov dataset generation
ToyMCSamplerOpt.cc[214] : (in function: generateWithHisto) - Generating asimov with histogram for pdf pdf_binfail_LOW_obsOnly: in 4 x-bins
ToyMCSamplerOpt.cc[215] : (in function: generateWithHisto) -  , in 1 y-bins
ToyMCSamplerOpt.cc[146] : (in function: generateAsimov) - Using internal logic for binned/unbinned Asimov dataset generation
ToyMCSamplerOpt.cc[214] : (in function: generateWithHisto) - Generating asimov with histogram for pdf pdf_binfail_SIG_obsOnly: in 3 x-bins
ToyMCSamplerOpt.cc[215] : (in function: generateWithHisto) -  , in 1 y-bins
ToyMCSamplerOpt.cc[146] : (in function: generateAsimov) - Using internal logic for binned/unbinned Asimov dataset generation
ToyMCSamplerOpt.cc[214] : (in function: generateWithHisto) - Generating asimov with histogram for pdf pdf_binfail_HIGH_obsOnly: in 7 x-bins
ToyMCSamplerOpt.cc[215] : (in function: generateWithHisto) -  , in 1 y-bins
ToyMCSamplerOpt.cc[146] : (in function: generateAsimov) - Using internal logic for binned/unbinned Asimov dataset generation
ToyMCSamplerOpt.cc[214] : (in function: generateWithHisto) - Generating asimov with histogram for pdf pdf_binpass_LOW_obsOnly: in 4 x-bins
ToyMCSamplerOpt.cc[215] : (in function: generateWithHisto) -  , in 1 y-bins
ToyMCSamplerOpt.cc[146] : (in function: generateAsimov) - Using internal logic for binned/unbinned Asimov dataset generation
ToyMCSamplerOpt.cc[214] : (in function: generateWithHisto) - Generating asimov with histogram for pdf pdf_binpass_SIG_obsOnly: in 3 x-bins
ToyMCSamplerOpt.cc[215] : (in function: generateWithHisto) -  , in 1 y-bins
ToyMCSamplerOpt.cc[146] : (in function: generateAsimov) - Using internal logic for binned/unbinned Asimov dataset generation
ToyMCSamplerOpt.cc[214] : (in function: generateWithHisto) - Generating asimov with histogram for pdf pdf_binpass_HIGH_obsOnly: in 7 x-bins
ToyMCSamplerOpt.cc[215] : (in function: generateWithHisto) -  , in 1 y-bins
AsymptoticLimits.cc[428] : (in function: runLimitExpected) - Median for expected limits = 0.925781, Sigma for expected limits = 0.472346
AsymptoticLimits.cc[191] : (in function: runLimit) - NLL at global minimum of data = -11137.9 (r=4.73434e-08)
AsymptoticLimits.cc[211] : (in function: runLimit) - NLL at global minimum of asimov = -11137.3 (r=2.59978e-06)
AsymptoticLimits.cc[337] : (in function: getCLs) - At r = 1.200000:	q_mu = 6.80132	q_A  = 4.88477	Pmu = 0.00410	1-Pb  = 0.33230	CLs  = 0.01234
AsymptoticLimits.cc[337] : (in function: getCLs) - At r = 0.600000:	q_mu = 3.94124	q_A  = 2.48331	Pmu = 0.02075	1-Pb  = 0.32183	CLs  = 0.06448
AsymptoticLimits.cc[337] : (in function: getCLs) - At r = 0.900000:	q_mu = 5.45784	q_A  = 3.73476	Pmu = 0.00869	1-Pb  = 0.32787	CLs  = 0.02652
AsymptoticLimits.cc[337] : (in function: getCLs) - At r = 0.728716:	q_mu = 4.61694	q_A  = 3.03329	Pmu = 0.01404	1-Pb  = 0.32468	CLs  = 0.04323
AsymptoticLimits.cc[337] : (in function: getCLs) - At r = 0.665508:	q_mu = 4.29029	q_A  = 2.76571	Pmu = 0.01694	1-Pb  = 0.32334	CLs  = 0.05240
AsymptoticLimits.cc[337] : (in function: getCLs) - At r = 0.690478:	q_mu = 4.42054	q_A  = 2.87199	Pmu = 0.01572	1-Pb  = 0.32388	CLs  = 0.04852
AsymptoticLimits.cc[337] : (in function: getCLs) - At r = 0.677692:	q_mu = 4.35401	q_A  = 2.81764	Pmu = 0.01633	1-Pb  = 0.32361	CLs  = 0.05046
AsymptoticLimits.cc[337] : (in function: getCLs) - At r = 0.682660:	q_mu = 4.37987	q_A  = 2.83876	Pmu = 0.01609	1-Pb  = 0.32371	CLs  = 0.04970
AsymptoticLimits.cc[337] : (in function: getCLs) - At r = 0.680100:	q_mu = 4.36654	q_A  = 2.82791	Pmu = 0.01621	1-Pb  = 0.32366	CLs  = 0.05009
AsymptoticLimits.cc[337] : (in function: getCLs) - At r = 0.681092:	q_mu = 4.37171	q_A  = 2.83210	Pmu = 0.01616	1-Pb  = 0.32368	CLs  = 0.04994
AsymptoticLimits.cc[337] : (in function: getCLs) - At r = 0.680581:	q_mu = 4.36904	q_A  = 2.82992	Pmu = 0.01619	1-Pb  = 0.32367	CLs  = 0.05002
AsymptoticLimits.cc[337] : (in function: getCLs) - At r = 0.680781:	q_mu = 4.37017	q_A  = 2.83077	Pmu = 0.01618	1-Pb  = 0.32366	CLs  = 0.04999
AsymptoticLimits.cc[337] : (in function: getCLs) - At r = 0.680673:	q_mu = 4.36955	q_A  = 2.83033	Pmu = 0.01618	1-Pb  = 0.32367	CLs  = 0.05000
AsymptoticLimits.cc[337] : (in function: getCLs) - At r = 0.680713:	q_mu = 4.36974	q_A  = 2.83049	Pmu = 0.01618	1-Pb  = 0.32367	CLs  = 0.05000
AsymptoticLimits.cc[337] : (in function: getCLs) - At r = 0.680695:	q_mu = 4.36964	q_A  = 2.83040	Pmu = 0.01618	1-Pb  = 0.32367	CLs  = 0.05000
AsymptoticLimits.cc[337] : (in function: getCLs) - At r = 0.680704:	q_mu = 4.36969	q_A  = 2.83044	Pmu = 0.01618	1-Pb  = 0.32367	CLs  = 0.05000
AsymptoticLimits.cc[337] : (in function: getCLs) - At r = 0.680701:	q_mu = 4.36976	q_A  = 2.83045	Pmu = 0.01618	1-Pb  = 0.32366	CLs  = 0.05000
