CascadeMinimizer.cc[188] : (in function: improveOnce) - Minimization configured with Type=Minuit2, Algo=Migrad, strategy=0, tolerance=0.1
CascadeMinimizer.cc[215] : (in function: improveOnce) - Minimization finished with status=0
CascadeMinimizer.cc[219] : (in function: improveOnce) - Minimization success! status=0
ToyMCSamplerOpt.cc[146] : (in function: generateAsimov) - Using internal logic for binned/unbinned Asimov dataset generation
ToyMCSamplerOpt.cc[214] : (in function: generateWithHisto) - Generating asimov with histogram for pdf pdf_binfail_LOW_obsOnly: in 4 x-bins
ToyMCSamplerOpt.cc[215] : (in function: generateWithHisto) -  , in 1 y-bins
ToyMCSamplerOpt.cc[146] : (in function: generateAsimov) - Using internal logic for binned/unbinned Asimov dataset generation
ToyMCSamplerOpt.cc[214] : (in function: generateWithHisto) - Generating asimov with histogram for pdf pdf_binfail_SIG_obsOnly: in 3 x-bins
ToyMCSamplerOpt.cc[215] : (in function: generateWithHisto) -  , in 1 y-bins
ToyMCSamplerOpt.cc[146] : (in function: generateAsimov) - Using internal logic for binned/unbinned Asimov dataset generation
ToyMCSamplerOpt.cc[214] : (in function: generateWithHisto) - Generating asimov with histogram for pdf pdf_binfail_HIGH_obsOnly: in 7 x-bins
ToyMCSamplerOpt.cc[215] : (in function: generateWithHisto) -  , in 1 y-bins
ToyMCSamplerOpt.cc[146] : (in function: generateAsimov) - Using internal logic for binned/unbinned Asimov dataset generation
ToyMCSamplerOpt.cc[214] : (in function: generateWithHisto) - Generating asimov with histogram for pdf pdf_binpass_LOW_obsOnly: in 4 x-bins
ToyMCSamplerOpt.cc[215] : (in function: generateWithHisto) -  , in 1 y-bins
ToyMCSamplerOpt.cc[146] : (in function: generateAsimov) - Using internal logic for binned/unbinned Asimov dataset generation
ToyMCSamplerOpt.cc[214] : (in function: generateWithHisto) - Generating asimov with histogram for pdf pdf_binpass_SIG_obsOnly: in 3 x-bins
ToyMCSamplerOpt.cc[215] : (in function: generateWithHisto) -  , in 1 y-bins
ToyMCSamplerOpt.cc[146] : (in function: generateAsimov) - Using internal logic for binned/unbinned Asimov dataset generation
ToyMCSamplerOpt.cc[214] : (in function: generateWithHisto) - Generating asimov with histogram for pdf pdf_binpass_HIGH_obsOnly: in 7 x-bins
ToyMCSamplerOpt.cc[215] : (in function: generateWithHisto) -  , in 1 y-bins
AsymptoticLimits.cc[428] : (in function: runLimitExpected) - Median for expected limits = 1.98438, Sigma for expected limits = 1.01245
AsymptoticLimits.cc[191] : (in function: runLimit) - NLL at global minimum of data = -11593.8 (r=3.19246e-07)
AsymptoticLimits.cc[211] : (in function: runLimit) - NLL at global minimum of asimov = -11593.5 (r=2.66092e-08)
AsymptoticLimits.cc[337] : (in function: getCLs) - At r = 1.200000:	q_mu = 3.30786	q_A  = 2.36116	Pmu = 0.03254	1-Pb  = 0.37902	CLs  = 0.08586
AsymptoticLimits.cc[337] : (in function: getCLs) - At r = 2.400001:	q_mu = 5.30862	q_A  = 4.59415	Pmu = 0.01044	1-Pb  = 0.43382	CLs  = 0.02407
AsymptoticLimits.cc[337] : (in function: getCLs) - At r = 1.200000:	q_mu = 3.30789	q_A  = 2.36099	Pmu = 0.03254	1-Pb  = 0.37899	CLs  = 0.08587
AsymptoticLimits.cc[337] : (in function: getCLs) - At r = 1.848189:	q_mu = 4.43818	q_A  = 3.59466	Pmu = 0.01707	1-Pb  = 0.41198	CLs  = 0.04143
AsymptoticLimits.cc[337] : (in function: getCLs) - At r = 1.584824:	q_mu = 4.00422	q_A  = 3.10173	Pmu = 0.02183	1-Pb  = 0.39889	CLs  = 0.05472
AsymptoticLimits.cc[337] : (in function: getCLs) - At r = 1.705834:	q_mu = 4.20740	q_A  = 3.32950	Pmu = 0.01945	1-Pb  = 0.40495	CLs  = 0.04803
AsymptoticLimits.cc[337] : (in function: getCLs) - At r = 1.651788:	q_mu = 4.11736	q_A  = 3.22800	Pmu = 0.02047	1-Pb  = 0.40226	CLs  = 0.05088
AsymptoticLimits.cc[337] : (in function: getCLs) - At r = 1.675723:	q_mu = 4.15732	q_A  = 3.27311	Pmu = 0.02001	1-Pb  = 0.40347	CLs  = 0.04959
AsymptoticLimits.cc[337] : (in function: getCLs) - At r = 1.664860:	q_mu = 4.13918	q_A  = 3.25255	Pmu = 0.02022	1-Pb  = 0.40291	CLs  = 0.05018
AsymptoticLimits.cc[337] : (in function: getCLs) - At r = 1.669654:	q_mu = 4.14718	q_A  = 3.26167	Pmu = 0.02013	1-Pb  = 0.40317	CLs  = 0.04992
AsymptoticLimits.cc[337] : (in function: getCLs) - At r = 1.667477:	q_mu = 4.14354	q_A  = 3.25747	Pmu = 0.02017	1-Pb  = 0.40305	CLs  = 0.05004
AsymptoticLimits.cc[337] : (in function: getCLs) - At r = 1.668442:	q_mu = 4.14515	q_A  = 3.25940	Pmu = 0.02015	1-Pb  = 0.40311	CLs  = 0.04998
AsymptoticLimits.cc[337] : (in function: getCLs) - At r = 1.668000:	q_mu = 4.14442	q_A  = 3.25845	Pmu = 0.02016	1-Pb  = 0.40307	CLs  = 0.05001
AsymptoticLimits.cc[337] : (in function: getCLs) - At r = 1.668200:	q_mu = 4.14475	q_A  = 3.25894	Pmu = 0.02015	1-Pb  = 0.40310	CLs  = 0.05000
AsymptoticLimits.cc[337] : (in function: getCLs) - At r = 1.668106:	q_mu = 4.14459	q_A  = 3.25865	Pmu = 0.02015	1-Pb  = 0.40308	CLs  = 0.05000
AsymptoticLimits.cc[337] : (in function: getCLs) - At r = 1.668151:	q_mu = 4.14467	q_A  = 3.25885	Pmu = 0.02015	1-Pb  = 0.40309	CLs  = 0.05000
AsymptoticLimits.cc[337] : (in function: getCLs) - At r = 1.668128:	q_mu = 4.14463	q_A  = 3.25870	Pmu = 0.02015	1-Pb  = 0.40308	CLs  = 0.05000
AsymptoticLimits.cc[337] : (in function: getCLs) - At r = 1.668140:	q_mu = 4.14465	q_A  = 3.25883	Pmu = 0.02015	1-Pb  = 0.40309	CLs  = 0.05000
AsymptoticLimits.cc[337] : (in function: getCLs) - At r = 1.668133:	q_mu = 4.14464	q_A  = 3.25871	Pmu = 0.02015	1-Pb  = 0.40308	CLs  = 0.05000
