 <<< Combine >>> 
 <<< v10.0.1 >>>
>>> Random number generator seed is 123456
>>> Method used is FitDiagnostics
Set Default Value of Parameter r To : 1
>>> 0 out of 6 channels masked

>> Found 22 floating parameters
>> The following parameters are protected in the event of negative eigenvalues:
>> Verifying eigenvalues are all positive (iteration 0)
>> All eigenvalues are positive
>> Inverting Hessian...
>> Matrix inverted
 Fit B-only, status = 0, numBadNLL = 0, covariance quality = -1
Running Minos for POI r
>> Found 23 floating parameters
>> The following parameters are protected in the event of negative eigenvalues: r
>> Verifying eigenvalues are all positive (iteration 0)
Eigenvalue 22 : -0.0891482
 - 0.768103	r
 - -0.505212	CMS_EXO26004_pT
 - 0.275472	CMS_EXO26004_Background_rpf_1x0_par0
 - -0.167091	CMS_EXO26004_Background_fail_HIGH_bin_6_1
 - -0.137642	CMS_EXO26004_Background_fail_HIGH_bin_2_1
>> Attempt 0 failed, remove the variable with largest eigenvector component...
>> Dropping CMS_EXO26004_pT from the hessian
>> Verifying eigenvalues are all positive (iteration 1)
Eigenvalue 21 : -0.0123869
 - -0.596766	r
 - -0.5451	CMS_EXO26004_Background_rpf_1x0_par0
 - 0.395034	CMS_EXO26004_Background_fail_HIGH_bin_3_1
 - 0.378913	CMS_EXO26004_Background_fail_HIGH_bin_6_1
 - 0.142328	CMS_EXO26004_Background_fail_HIGH_bin_2_1
>> Attempt 1 failed, remove the variable with largest eigenvector component...
>> Dropping CMS_EXO26004_Background_rpf_1x0_par0 from the hessian
>> Verifying eigenvalues are all positive (iteration 2)
>> All eigenvalues are positive
>> Inverting Hessian...
>> Matrix inverted
>> Note: the following parameters were dropped to make the covariance matrix pos-def:
     - CMS_EXO26004_pT
     - CMS_EXO26004_Background_rpf_1x0_par0
Fit S+B, status = 0, numBadNLL = 0, covariance quality = -1

 --- FitDiagnostics ---
Best fit r: 0.00835999  -0.00835999/+49.9916  (68% CL)
Done in 0.00 min (cpu), 0.01 min (real)
31 log messages saved to combine_logger.out
