CascadeMinimizer.cc[188] : (in function: improveOnce) - Minimization configured with Type=Minuit2, Algo=Migrad, strategy=0, tolerance=0.1
CascadeMinimizer.cc[215] : (in function: improveOnce) - Minimization finished with status=0
CascadeMinimizer.cc[219] : (in function: improveOnce) - Minimization success! status=0
ToyMCSamplerOpt.cc[146] : (in function: generateAsimov) - Using internal logic for binned/unbinned Asimov dataset generation
ToyMCSamplerOpt.cc[214] : (in function: generateWithHisto) - Generating asimov with histogram for pdf pdf_binfail_LOW_obsOnly: in 4 x-bins
ToyMCSamplerOpt.cc[215] : (in function: generateWithHisto) -  , in 1 y-bins
ToyMCSamplerOpt.cc[146] : (in function: generateAsimov) - Using internal logic for binned/unbinned Asimov dataset generation
ToyMCSamplerOpt.cc[214] : (in function: generateWithHisto) - Generating asimov with histogram for pdf pdf_binfail_SIG_obsOnly: in 3 x-bins
ToyMCSamplerOpt.cc[215] : (in function: generateWithHisto) -  , in 1 y-bins
ToyMCSamplerOpt.cc[146] : (in function: generateAsimov) - Using internal logic for binned/unbinned Asimov dataset generation
ToyMCSamplerOpt.cc[214] : (in function: generateWithHisto) - Generating asimov with histogram for pdf pdf_binfail_HIGH_obsOnly: in 7 x-bins
ToyMCSamplerOpt.cc[215] : (in function: generateWithHisto) -  , in 1 y-bins
ToyMCSamplerOpt.cc[146] : (in function: generateAsimov) - Using internal logic for binned/unbinned Asimov dataset generation
ToyMCSamplerOpt.cc[214] : (in function: generateWithHisto) - Generating asimov with histogram for pdf pdf_binpass_LOW_obsOnly: in 4 x-bins
ToyMCSamplerOpt.cc[215] : (in function: generateWithHisto) -  , in 1 y-bins
ToyMCSamplerOpt.cc[146] : (in function: generateAsimov) - Using internal logic for binned/unbinned Asimov dataset generation
ToyMCSamplerOpt.cc[214] : (in function: generateWithHisto) - Generating asimov with histogram for pdf pdf_binpass_SIG_obsOnly: in 3 x-bins
ToyMCSamplerOpt.cc[215] : (in function: generateWithHisto) -  , in 1 y-bins
ToyMCSamplerOpt.cc[146] : (in function: generateAsimov) - Using internal logic for binned/unbinned Asimov dataset generation
ToyMCSamplerOpt.cc[214] : (in function: generateWithHisto) - Generating asimov with histogram for pdf pdf_binpass_HIGH_obsOnly: in 7 x-bins
ToyMCSamplerOpt.cc[215] : (in function: generateWithHisto) -  , in 1 y-bins
AsymptoticLimits.cc[428] : (in function: runLimitExpected) - Median for expected limits = 1.38281, Sigma for expected limits = 0.70553
AsymptoticLimits.cc[191] : (in function: runLimit) - NLL at global minimum of data = -11590 (r=7.36476e-07)
AsymptoticLimits.cc[211] : (in function: runLimit) - NLL at global minimum of asimov = -11589.7 (r=3.50522e-08)
AsymptoticLimits.cc[337] : (in function: getCLs) - At r = 1.200001:	q_mu = 3.85723	q_A  = 3.40158	Pmu = 0.02454	1-Pb  = 0.45085	CLs  = 0.05444
AsymptoticLimits.cc[337] : (in function: getCLs) - At r = 2.400001:	q_mu = 6.24111	q_A  = 5.97551	Pmu = 0.00623	1-Pb  = 0.47834	CLs  = 0.01303
AsymptoticLimits.cc[337] : (in function: getCLs) - At r = 1.200001:	q_mu = 3.85719	q_A  = 3.40153	Pmu = 0.02454	1-Pb  = 0.45084	CLs  = 0.05444
AsymptoticLimits.cc[337] : (in function: getCLs) - At r = 1.800001:	q_mu = 5.14343	q_A  = 4.77950	Pmu = 0.01162	1-Pb  = 0.46683	CLs  = 0.02489
AsymptoticLimits.cc[337] : (in function: getCLs) - At r = 1.372153:	q_mu = 4.25092	q_A  = 3.81936	Pmu = 0.01947	1-Pb  = 0.45604	CLs  = 0.04270
AsymptoticLimits.cc[337] : (in function: getCLs) - At r = 1.282659:	q_mu = 4.04912	q_A  = 3.60471	Pmu = 0.02192	1-Pb  = 0.45342	CLs  = 0.04834
AsymptoticLimits.cc[337] : (in function: getCLs) - At r = 1.247340:	q_mu = 3.96773	q_A  = 3.51846	Pmu = 0.02299	1-Pb  = 0.45234	CLs  = 0.05083
AsymptoticLimits.cc[337] : (in function: getCLs) - At r = 1.263689:	q_mu = 4.00545	q_A  = 3.55845	Pmu = 0.02249	1-Pb  = 0.45284	CLs  = 0.04966
AsymptoticLimits.cc[337] : (in function: getCLs) - At r = 1.256604:	q_mu = 3.98911	q_A  = 3.54112	Pmu = 0.02271	1-Pb  = 0.45263	CLs  = 0.05017
AsymptoticLimits.cc[337] : (in function: getCLs) - At r = 1.259871:	q_mu = 3.99664	q_A  = 3.54911	Pmu = 0.02261	1-Pb  = 0.45273	CLs  = 0.04993
AsymptoticLimits.cc[337] : (in function: getCLs) - At r = 1.258454:	q_mu = 3.99337	q_A  = 3.54565	Pmu = 0.02265	1-Pb  = 0.45268	CLs  = 0.05003
AsymptoticLimits.cc[337] : (in function: getCLs) - At r = 1.259108:	q_mu = 3.99488	q_A  = 3.54724	Pmu = 0.02263	1-Pb  = 0.45270	CLs  = 0.04999
AsymptoticLimits.cc[337] : (in function: getCLs) - At r = 1.258825:	q_mu = 3.99422	q_A  = 3.54655	Pmu = 0.02264	1-Pb  = 0.45269	CLs  = 0.05001
AsymptoticLimits.cc[337] : (in function: getCLs) - At r = 1.258956:	q_mu = 3.99470	q_A  = 3.54687	Pmu = 0.02263	1-Pb  = 0.45268	CLs  = 0.04999
AsymptoticLimits.cc[337] : (in function: getCLs) - At r = 1.258879:	q_mu = 3.99440	q_A  = 3.54668	Pmu = 0.02264	1-Pb  = 0.45269	CLs  = 0.05000
AsymptoticLimits.cc[337] : (in function: getCLs) - At r = 1.258909:	q_mu = 3.99443	q_A  = 3.54689	Pmu = 0.02264	1-Pb  = 0.45271	CLs  = 0.05000
AsymptoticLimits.cc[337] : (in function: getCLs) - At r = 1.258894:	q_mu = 3.99439	q_A  = 3.54675	Pmu = 0.02264	1-Pb  = 0.45270	CLs  = 0.05000
AsymptoticLimits.cc[337] : (in function: getCLs) - At r = 1.258900:	q_mu = 3.99460	q_A  = 3.54674	Pmu = 0.02263	1-Pb  = 0.45268	CLs  = 0.05000
AsymptoticLimits.cc[337] : (in function: getCLs) - At r = 1.258897:	q_mu = 3.99445	q_A  = 3.54673	Pmu = 0.02263	1-Pb  = 0.45269	CLs  = 0.05000
