CascadeMinimizer.cc[188] : (in function: improveOnce) - Minimization configured with Type=Minuit2, Algo=Migrad, strategy=0, tolerance=0.1
CascadeMinimizer.cc[215] : (in function: improveOnce) - Minimization finished with status=0
CascadeMinimizer.cc[219] : (in function: improveOnce) - Minimization success! status=0
ToyMCSamplerOpt.cc[146] : (in function: generateAsimov) - Using internal logic for binned/unbinned Asimov dataset generation
ToyMCSamplerOpt.cc[214] : (in function: generateWithHisto) - Generating asimov with histogram for pdf pdf_binfail_LOW_obsOnly: in 4 x-bins
ToyMCSamplerOpt.cc[215] : (in function: generateWithHisto) -  , in 1 y-bins
ToyMCSamplerOpt.cc[146] : (in function: generateAsimov) - Using internal logic for binned/unbinned Asimov dataset generation
ToyMCSamplerOpt.cc[214] : (in function: generateWithHisto) - Generating asimov with histogram for pdf pdf_binfail_SIG_obsOnly: in 3 x-bins
ToyMCSamplerOpt.cc[215] : (in function: generateWithHisto) -  , in 1 y-bins
ToyMCSamplerOpt.cc[146] : (in function: generateAsimov) - Using internal logic for binned/unbinned Asimov dataset generation
ToyMCSamplerOpt.cc[214] : (in function: generateWithHisto) - Generating asimov with histogram for pdf pdf_binfail_HIGH_obsOnly: in 7 x-bins
ToyMCSamplerOpt.cc[215] : (in function: generateWithHisto) -  , in 1 y-bins
ToyMCSamplerOpt.cc[146] : (in function: generateAsimov) - Using internal logic for binned/unbinned Asimov dataset generation
ToyMCSamplerOpt.cc[214] : (in function: generateWithHisto) - Generating asimov with histogram for pdf pdf_binpass_LOW_obsOnly: in 4 x-bins
ToyMCSamplerOpt.cc[215] : (in function: generateWithHisto) -  , in 1 y-bins
ToyMCSamplerOpt.cc[146] : (in function: generateAsimov) - Using internal logic for binned/unbinned Asimov dataset generation
ToyMCSamplerOpt.cc[214] : (in function: generateWithHisto) - Generating asimov with histogram for pdf pdf_binpass_SIG_obsOnly: in 3 x-bins
ToyMCSamplerOpt.cc[215] : (in function: generateWithHisto) -  , in 1 y-bins
ToyMCSamplerOpt.cc[146] : (in function: generateAsimov) - Using internal logic for binned/unbinned Asimov dataset generation
ToyMCSamplerOpt.cc[214] : (in function: generateWithHisto) - Generating asimov with histogram for pdf pdf_binpass_HIGH_obsOnly: in 7 x-bins
ToyMCSamplerOpt.cc[215] : (in function: generateWithHisto) -  , in 1 y-bins
AsymptoticLimits.cc[428] : (in function: runLimitExpected) - Median for expected limits = 2.10156, Sigma for expected limits = 1.07225
AsymptoticLimits.cc[191] : (in function: runLimit) - NLL at global minimum of data = -11156.6 (r=1.78532)
AsymptoticLimits.cc[211] : (in function: runLimit) - NLL at global minimum of asimov = -11154 (r=0.0135116)
AsymptoticLimits.cc[337] : (in function: getCLs) - At r = 4.946731:	q_mu = 4.91516	q_A  = 11.84353	Pmu = 0.01331	1-Pb  = 0.88960	CLs  = 0.01496
AsymptoticLimits.cc[337] : (in function: getCLs) - At r = 3.366026:	q_mu = 1.71455	q_A  = 7.34154	Pmu = 0.09520	1-Pb  = 0.91926	CLs  = 0.10356
AsymptoticLimits.cc[337] : (in function: getCLs) - At r = 4.156378:	q_mu = 3.23143	q_A  = 9.57180	Pmu = 0.03612	1-Pb  = 0.90255	CLs  = 0.04002
AsymptoticLimits.cc[337] : (in function: getCLs) - At r = 3.850226:	q_mu = 2.61753	q_A  = 8.70933	Pmu = 0.05284	1-Pb  = 0.90878	CLs  = 0.05815
AsymptoticLimits.cc[337] : (in function: getCLs) - At r = 4.010418:	q_mu = 2.93542	q_A  = 9.16095	Pmu = 0.04333	1-Pb  = 0.90548	CLs  = 0.04785
AsymptoticLimits.cc[337] : (in function: getCLs) - At r = 3.949498:	q_mu = 2.81353	q_A  = 8.98921	Pmu = 0.04674	1-Pb  = 0.90672	CLs  = 0.05154
AsymptoticLimits.cc[337] : (in function: getCLs) - At r = 3.981622:	q_mu = 2.87765	q_A  = 9.07982	Pmu = 0.04491	1-Pb  = 0.90607	CLs  = 0.04956
AsymptoticLimits.cc[337] : (in function: getCLs) - At r = 3.969454:	q_mu = 2.85329	q_A  = 9.04546	Pmu = 0.04559	1-Pb  = 0.90632	CLs  = 0.05031
AsymptoticLimits.cc[337] : (in function: getCLs) - At r = 3.975891:	q_mu = 2.86614	q_A  = 9.06361	Pmu = 0.04523	1-Pb  = 0.90618	CLs  = 0.04991
AsymptoticLimits.cc[337] : (in function: getCLs) - At r = 3.973466:	q_mu = 2.86130	q_A  = 9.05677	Pmu = 0.04537	1-Pb  = 0.90623	CLs  = 0.05006
AsymptoticLimits.cc[337] : (in function: getCLs) - At r = 3.974754:	q_mu = 2.86387	q_A  = 9.06040	Pmu = 0.04529	1-Pb  = 0.90621	CLs  = 0.04998
AsymptoticLimits.cc[337] : (in function: getCLs) - At r = 3.974270:	q_mu = 2.86290	q_A  = 9.05903	Pmu = 0.04532	1-Pb  = 0.90622	CLs  = 0.05001
AsymptoticLimits.cc[337] : (in function: getCLs) - At r = 3.974528:	q_mu = 2.86342	q_A  = 9.05976	Pmu = 0.04531	1-Pb  = 0.90621	CLs  = 0.05000
AsymptoticLimits.cc[337] : (in function: getCLs) - At r = 3.974431:	q_mu = 2.86322	q_A  = 9.05948	Pmu = 0.04531	1-Pb  = 0.90621	CLs  = 0.05000
AsymptoticLimits.cc[337] : (in function: getCLs) - At r = 3.974482:	q_mu = 2.86332	q_A  = 9.05963	Pmu = 0.04531	1-Pb  = 0.90621	CLs  = 0.05000
AsymptoticLimits.cc[337] : (in function: getCLs) - At r = 3.974463:	q_mu = 2.86329	q_A  = 9.05958	Pmu = 0.04531	1-Pb  = 0.90621	CLs  = 0.05000
AsymptoticLimits.cc[337] : (in function: getCLs) - At r = 3.974473:	q_mu = 2.86331	q_A  = 9.05960	Pmu = 0.04531	1-Pb  = 0.90621	CLs  = 0.05000
