CascadeMinimizer.cc[188] : (in function: improveOnce) - Minimization configured with Type=Minuit2, Algo=Migrad, strategy=0, tolerance=0.1
CascadeMinimizer.cc[215] : (in function: improveOnce) - Minimization finished with status=0
CascadeMinimizer.cc[219] : (in function: improveOnce) - Minimization success! status=0
ToyMCSamplerOpt.cc[146] : (in function: generateAsimov) - Using internal logic for binned/unbinned Asimov dataset generation
ToyMCSamplerOpt.cc[214] : (in function: generateWithHisto) - Generating asimov with histogram for pdf pdf_binfail_LOW_obsOnly: in 4 x-bins
ToyMCSamplerOpt.cc[215] : (in function: generateWithHisto) -  , in 1 y-bins
ToyMCSamplerOpt.cc[146] : (in function: generateAsimov) - Using internal logic for binned/unbinned Asimov dataset generation
ToyMCSamplerOpt.cc[214] : (in function: generateWithHisto) - Generating asimov with histogram for pdf pdf_binfail_SIG_obsOnly: in 3 x-bins
ToyMCSamplerOpt.cc[215] : (in function: generateWithHisto) -  , in 1 y-bins
ToyMCSamplerOpt.cc[146] : (in function: generateAsimov) - Using internal logic for binned/unbinned Asimov dataset generation
ToyMCSamplerOpt.cc[214] : (in function: generateWithHisto) - Generating asimov with histogram for pdf pdf_binfail_HIGH_obsOnly: in 7 x-bins
ToyMCSamplerOpt.cc[215] : (in function: generateWithHisto) -  , in 1 y-bins
ToyMCSamplerOpt.cc[146] : (in function: generateAsimov) - Using internal logic for binned/unbinned Asimov dataset generation
ToyMCSamplerOpt.cc[214] : (in function: generateWithHisto) - Generating asimov with histogram for pdf pdf_binpass_LOW_obsOnly: in 4 x-bins
ToyMCSamplerOpt.cc[215] : (in function: generateWithHisto) -  , in 1 y-bins
ToyMCSamplerOpt.cc[146] : (in function: generateAsimov) - Using internal logic for binned/unbinned Asimov dataset generation
ToyMCSamplerOpt.cc[214] : (in function: generateWithHisto) - Generating asimov with histogram for pdf pdf_binpass_SIG_obsOnly: in 3 x-bins
ToyMCSamplerOpt.cc[215] : (in function: generateWithHisto) -  , in 1 y-bins
ToyMCSamplerOpt.cc[146] : (in function: generateAsimov) - Using internal logic for binned/unbinned Asimov dataset generation
ToyMCSamplerOpt.cc[214] : (in function: generateWithHisto) - Generating asimov with histogram for pdf pdf_binpass_HIGH_obsOnly: in 7 x-bins
ToyMCSamplerOpt.cc[215] : (in function: generateWithHisto) -  , in 1 y-bins
AsymptoticLimits.cc[428] : (in function: runLimitExpected) - Median for expected limits = 0.751953, Sigma for expected limits = 0.383657
AsymptoticLimits.cc[191] : (in function: runLimit) - NLL at global minimum of data = -11145.5 (r=1.02318e-07)
AsymptoticLimits.cc[211] : (in function: runLimit) - NLL at global minimum of asimov = -11144.7 (r=1.35844e-08)
AsymptoticLimits.cc[337] : (in function: getCLs) - At r = 1.200000:	q_mu = 10.58030	q_A  = 6.31389	Pmu = 0.00039	1-Pb  = 0.19795	CLs  = 0.00196
AsymptoticLimits.cc[337] : (in function: getCLs) - At r = 0.600000:	q_mu = 6.12626	q_A  = 2.95819	Pmu = 0.00413	1-Pb  = 0.17853	CLs  = 0.02316
AsymptoticLimits.cc[337] : (in function: getCLs) - At r = 0.300000:	q_mu = 3.37761	q_A  = 1.21391	Pmu = 0.01859	1-Pb  = 0.16307	CLs  = 0.11402
AsymptoticLimits.cc[337] : (in function: getCLs) - At r = 0.424112:	q_mu = 4.57290	q_A  = 1.92446	Pmu = 0.00960	1-Pb  = 0.16990	CLs  = 0.05648
AsymptoticLimits.cc[337] : (in function: getCLs) - At r = 0.478511:	q_mu = 5.06934	q_A  = 2.24392	Pmu = 0.00732	1-Pb  = 0.17282	CLs  = 0.04237
AsymptoticLimits.cc[337] : (in function: getCLs) - At r = 0.453434:	q_mu = 4.84237	q_A  = 2.09632	Pmu = 0.00828	1-Pb  = 0.17149	CLs  = 0.04830
AsymptoticLimits.cc[337] : (in function: getCLs) - At r = 0.442392:	q_mu = 4.74148	q_A  = 2.03147	Pmu = 0.00875	1-Pb  = 0.17088	CLs  = 0.05121
AsymptoticLimits.cc[337] : (in function: getCLs) - At r = 0.448220:	q_mu = 4.79478	q_A  = 2.06568	Pmu = 0.00850	1-Pb  = 0.17120	CLs  = 0.04965
AsymptoticLimits.cc[337] : (in function: getCLs) - At r = 0.446006:	q_mu = 4.77452	q_A  = 2.05268	Pmu = 0.00860	1-Pb  = 0.17108	CLs  = 0.05024
AsymptoticLimits.cc[337] : (in function: getCLs) - At r = 0.447172:	q_mu = 4.78527	q_A  = 2.05952	Pmu = 0.00854	1-Pb  = 0.17114	CLs  = 0.04993
AsymptoticLimits.cc[337] : (in function: getCLs) - At r = 0.446725:	q_mu = 4.78111	q_A  = 2.05690	Pmu = 0.00856	1-Pb  = 0.17112	CLs  = 0.05005
AsymptoticLimits.cc[337] : (in function: getCLs) - At r = 0.446960:	q_mu = 4.78324	q_A  = 2.05828	Pmu = 0.00855	1-Pb  = 0.17114	CLs  = 0.04999
AsymptoticLimits.cc[337] : (in function: getCLs) - At r = 0.446873:	q_mu = 4.78244	q_A  = 2.05779	Pmu = 0.00856	1-Pb  = 0.17114	CLs  = 0.05001
AsymptoticLimits.cc[337] : (in function: getCLs) - At r = 0.446920:	q_mu = 4.78287	q_A  = 2.05805	Pmu = 0.00856	1-Pb  = 0.17114	CLs  = 0.05000
AsymptoticLimits.cc[337] : (in function: getCLs) - At r = 0.446903:	q_mu = 4.78280	q_A  = 2.05795	Pmu = 0.00856	1-Pb  = 0.17113	CLs  = 0.05000
AsymptoticLimits.cc[337] : (in function: getCLs) - At r = 0.446907:	q_mu = 4.78278	q_A  = 2.05800	Pmu = 0.00856	1-Pb  = 0.17114	CLs  = 0.05000
AsymptoticLimits.cc[337] : (in function: getCLs) - At r = 0.446910:	q_mu = 4.78279	q_A  = 2.05800	Pmu = 0.00856	1-Pb  = 0.17114	CLs  = 0.05000
AsymptoticLimits.cc[337] : (in function: getCLs) - At r = 0.446909:	q_mu = 4.78277	q_A  = 2.05798	Pmu = 0.00856	1-Pb  = 0.17113	CLs  = 0.05000
