CascadeMinimizer.cc[188] : (in function: improveOnce) - Minimization configured with Type=Minuit2, Algo=Migrad, strategy=0, tolerance=0.1
CascadeMinimizer.cc[215] : (in function: improveOnce) - Minimization finished with status=0
CascadeMinimizer.cc[219] : (in function: improveOnce) - Minimization success! status=0
ToyMCSamplerOpt.cc[146] : (in function: generateAsimov) - Using internal logic for binned/unbinned Asimov dataset generation
ToyMCSamplerOpt.cc[214] : (in function: generateWithHisto) - Generating asimov with histogram for pdf pdf_binfail_LOW_obsOnly: in 4 x-bins
ToyMCSamplerOpt.cc[215] : (in function: generateWithHisto) -  , in 1 y-bins
ToyMCSamplerOpt.cc[146] : (in function: generateAsimov) - Using internal logic for binned/unbinned Asimov dataset generation
ToyMCSamplerOpt.cc[214] : (in function: generateWithHisto) - Generating asimov with histogram for pdf pdf_binfail_SIG_obsOnly: in 3 x-bins
ToyMCSamplerOpt.cc[215] : (in function: generateWithHisto) -  , in 1 y-bins
ToyMCSamplerOpt.cc[146] : (in function: generateAsimov) - Using internal logic for binned/unbinned Asimov dataset generation
ToyMCSamplerOpt.cc[214] : (in function: generateWithHisto) - Generating asimov with histogram for pdf pdf_binfail_HIGH_obsOnly: in 7 x-bins
ToyMCSamplerOpt.cc[215] : (in function: generateWithHisto) -  , in 1 y-bins
ToyMCSamplerOpt.cc[146] : (in function: generateAsimov) - Using internal logic for binned/unbinned Asimov dataset generation
ToyMCSamplerOpt.cc[214] : (in function: generateWithHisto) - Generating asimov with histogram for pdf pdf_binpass_LOW_obsOnly: in 4 x-bins
ToyMCSamplerOpt.cc[215] : (in function: generateWithHisto) -  , in 1 y-bins
ToyMCSamplerOpt.cc[146] : (in function: generateAsimov) - Using internal logic for binned/unbinned Asimov dataset generation
ToyMCSamplerOpt.cc[214] : (in function: generateWithHisto) - Generating asimov with histogram for pdf pdf_binpass_SIG_obsOnly: in 3 x-bins
ToyMCSamplerOpt.cc[215] : (in function: generateWithHisto) -  , in 1 y-bins
ToyMCSamplerOpt.cc[146] : (in function: generateAsimov) - Using internal logic for binned/unbinned Asimov dataset generation
ToyMCSamplerOpt.cc[214] : (in function: generateWithHisto) - Generating asimov with histogram for pdf pdf_binpass_HIGH_obsOnly: in 7 x-bins
ToyMCSamplerOpt.cc[215] : (in function: generateWithHisto) -  , in 1 y-bins
AsymptoticLimits.cc[428] : (in function: runLimitExpected) - Median for expected limits = 1.99219, Sigma for expected limits = 1.01644
AsymptoticLimits.cc[191] : (in function: runLimit) - NLL at global minimum of data = -11593.9 (r=6.88322e-08)
AsymptoticLimits.cc[211] : (in function: runLimit) - NLL at global minimum of asimov = -11593.7 (r=2.4325e-06)
AsymptoticLimits.cc[337] : (in function: getCLs) - At r = 1.200000:	q_mu = 3.00961	q_A  = 2.33837	Pmu = 0.04018	1-Pb  = 0.41314	CLs  = 0.09725
AsymptoticLimits.cc[337] : (in function: getCLs) - At r = 2.400000:	q_mu = 5.06609	q_A  = 4.55183	Pmu = 0.01210	1-Pb  = 0.45204	CLs  = 0.02676
AsymptoticLimits.cc[337] : (in function: getCLs) - At r = 1.200000:	q_mu = 3.00957	q_A  = 2.33312	Pmu = 0.04016	1-Pb  = 0.41238	CLs  = 0.09737
AsymptoticLimits.cc[337] : (in function: getCLs) - At r = 1.695425:	q_mu = 3.89228	q_A  = 3.29010	Pmu = 0.02386	1-Pb  = 0.43408	CLs  = 0.05497
AsymptoticLimits.cc[337] : (in function: getCLs) - At r = 1.910501:	q_mu = 4.25797	q_A  = 3.68564	Pmu = 0.01928	1-Pb  = 0.44075	CLs  = 0.04374
AsymptoticLimits.cc[337] : (in function: getCLs) - At r = 1.809776:	q_mu = 4.08763	q_A  = 3.50149	Pmu = 0.02129	1-Pb  = 0.43777	CLs  = 0.04863
AsymptoticLimits.cc[337] : (in function: getCLs) - At r = 1.766129:	q_mu = 4.01341	q_A  = 3.42100	Pmu = 0.02223	1-Pb  = 0.43638	CLs  = 0.05094
AsymptoticLimits.cc[337] : (in function: getCLs) - At r = 1.788858:	q_mu = 4.05213	q_A  = 3.46298	Pmu = 0.02173	1-Pb  = 0.43711	CLs  = 0.04972
AsymptoticLimits.cc[337] : (in function: getCLs) - At r = 1.780093:	q_mu = 4.03719	q_A  = 3.44687	Pmu = 0.02192	1-Pb  = 0.43684	CLs  = 0.05019
AsymptoticLimits.cc[337] : (in function: getCLs) - At r = 1.784630:	q_mu = 4.04492	q_A  = 3.45514	Pmu = 0.02182	1-Pb  = 0.43698	CLs  = 0.04994
AsymptoticLimits.cc[337] : (in function: getCLs) - At r = 1.782888:	q_mu = 4.04195	q_A  = 3.45202	Pmu = 0.02186	1-Pb  = 0.43693	CLs  = 0.05004
AsymptoticLimits.cc[337] : (in function: getCLs) - At r = 1.783790:	q_mu = 4.04348	q_A  = 3.45359	Pmu = 0.02184	1-Pb  = 0.43695	CLs  = 0.04999
AsymptoticLimits.cc[337] : (in function: getCLs) - At r = 1.783448:	q_mu = 4.04290	q_A  = 3.45305	Pmu = 0.02185	1-Pb  = 0.43695	CLs  = 0.05001
AsymptoticLimits.cc[337] : (in function: getCLs) - At r = 1.783622:	q_mu = 4.04320	q_A  = 3.45328	Pmu = 0.02185	1-Pb  = 0.43694	CLs  = 0.05000
AsymptoticLimits.cc[337] : (in function: getCLs) - At r = 1.783560:	q_mu = 4.04309	q_A  = 3.45326	Pmu = 0.02185	1-Pb  = 0.43695	CLs  = 0.05000
AsymptoticLimits.cc[337] : (in function: getCLs) - At r = 1.783588:	q_mu = 4.04314	q_A  = 3.45321	Pmu = 0.02185	1-Pb  = 0.43694	CLs  = 0.05000
AsymptoticLimits.cc[337] : (in function: getCLs) - At r = 1.783598:	q_mu = 4.04321	q_A  = 3.45333	Pmu = 0.02185	1-Pb  = 0.43695	CLs  = 0.05000
AsymptoticLimits.cc[337] : (in function: getCLs) - At r = 1.783591:	q_mu = 4.04316	q_A  = 3.45322	Pmu = 0.02185	1-Pb  = 0.43694	CLs  = 0.05000
