CascadeMinimizer.cc[188] : (in function: improveOnce) - Minimization configured with Type=Minuit2, Algo=Migrad, strategy=0, tolerance=0.1
CascadeMinimizer.cc[215] : (in function: improveOnce) - Minimization finished with status=0
CascadeMinimizer.cc[219] : (in function: improveOnce) - Minimization success! status=0
ToyMCSamplerOpt.cc[146] : (in function: generateAsimov) - Using internal logic for binned/unbinned Asimov dataset generation
ToyMCSamplerOpt.cc[214] : (in function: generateWithHisto) - Generating asimov with histogram for pdf pdf_binfail_LOW_obsOnly: in 4 x-bins
ToyMCSamplerOpt.cc[215] : (in function: generateWithHisto) -  , in 1 y-bins
ToyMCSamplerOpt.cc[146] : (in function: generateAsimov) - Using internal logic for binned/unbinned Asimov dataset generation
ToyMCSamplerOpt.cc[214] : (in function: generateWithHisto) - Generating asimov with histogram for pdf pdf_binfail_SIG_obsOnly: in 3 x-bins
ToyMCSamplerOpt.cc[215] : (in function: generateWithHisto) -  , in 1 y-bins
ToyMCSamplerOpt.cc[146] : (in function: generateAsimov) - Using internal logic for binned/unbinned Asimov dataset generation
ToyMCSamplerOpt.cc[214] : (in function: generateWithHisto) - Generating asimov with histogram for pdf pdf_binfail_HIGH_obsOnly: in 7 x-bins
ToyMCSamplerOpt.cc[215] : (in function: generateWithHisto) -  , in 1 y-bins
ToyMCSamplerOpt.cc[146] : (in function: generateAsimov) - Using internal logic for binned/unbinned Asimov dataset generation
ToyMCSamplerOpt.cc[214] : (in function: generateWithHisto) - Generating asimov with histogram for pdf pdf_binpass_LOW_obsOnly: in 4 x-bins
ToyMCSamplerOpt.cc[215] : (in function: generateWithHisto) -  , in 1 y-bins
ToyMCSamplerOpt.cc[146] : (in function: generateAsimov) - Using internal logic for binned/unbinned Asimov dataset generation
ToyMCSamplerOpt.cc[214] : (in function: generateWithHisto) - Generating asimov with histogram for pdf pdf_binpass_SIG_obsOnly: in 3 x-bins
ToyMCSamplerOpt.cc[215] : (in function: generateWithHisto) -  , in 1 y-bins
ToyMCSamplerOpt.cc[146] : (in function: generateAsimov) - Using internal logic for binned/unbinned Asimov dataset generation
ToyMCSamplerOpt.cc[214] : (in function: generateWithHisto) - Generating asimov with histogram for pdf pdf_binpass_HIGH_obsOnly: in 7 x-bins
ToyMCSamplerOpt.cc[215] : (in function: generateWithHisto) -  , in 1 y-bins
AsymptoticLimits.cc[428] : (in function: runLimitExpected) - Median for expected limits = 2.9375, Sigma for expected limits = 1.49875
AsymptoticLimits.cc[191] : (in function: runLimit) - NLL at global minimum of data = -11583.5 (r=2.00594e-07)
AsymptoticLimits.cc[211] : (in function: runLimit) - NLL at global minimum of asimov = -11583.3 (r=4.56249e-06)
AsymptoticLimits.cc[337] : (in function: getCLs) - At r = 1.200000:	q_mu = 2.32556	q_A  = 1.90073	Pmu = 0.06267	1-Pb  = 0.43878	CLs  = 0.14283
AsymptoticLimits.cc[337] : (in function: getCLs) - At r = 2.400000:	q_mu = 3.82751	q_A  = 3.31145	Pmu = 0.02491	1-Pb  = 0.44362	CLs  = 0.05615
AsymptoticLimits.cc[337] : (in function: getCLs) - At r = 4.800001:	q_mu = 5.97394	q_A  = 5.37165	Pmu = 0.00719	1-Pb  = 0.44831	CLs  = 0.01604
AsymptoticLimits.cc[337] : (in function: getCLs) - At r = 2.400001:	q_mu = 3.82751	q_A  = 3.31146	Pmu = 0.02491	1-Pb  = 0.44362	CLs  = 0.05615
AsymptoticLimits.cc[337] : (in function: getCLs) - At r = 3.057696:	q_mu = 4.49790	q_A  = 3.95090	Pmu = 0.01678	1-Pb  = 0.44528	CLs  = 0.03769
AsymptoticLimits.cc[337] : (in function: getCLs) - At r = 2.684590:	q_mu = 4.12756	q_A  = 3.59708	Pmu = 0.02085	1-Pb  = 0.44439	CLs  = 0.04692
AsymptoticLimits.cc[337] : (in function: getCLs) - At r = 2.547127:	q_mu = 3.98473	q_A  = 3.46099	Pmu = 0.02269	1-Pb  = 0.44403	CLs  = 0.05110
AsymptoticLimits.cc[337] : (in function: getCLs) - At r = 2.602650:	q_mu = 4.04284	q_A  = 3.51633	Pmu = 0.02192	1-Pb  = 0.44418	CLs  = 0.04935
AsymptoticLimits.cc[337] : (in function: getCLs) - At r = 2.574917:	q_mu = 4.01387	q_A  = 3.48873	Pmu = 0.02230	1-Pb  = 0.44410	CLs  = 0.05022
AsymptoticLimits.cc[337] : (in function: getCLs) - At r = 2.585984:	q_mu = 4.02545	q_A  = 3.49976	Pmu = 0.02215	1-Pb  = 0.44413	CLs  = 0.04987
AsymptoticLimits.cc[337] : (in function: getCLs) - At r = 2.580428:	q_mu = 4.01964	q_A  = 3.49422	Pmu = 0.02222	1-Pb  = 0.44412	CLs  = 0.05004
AsymptoticLimits.cc[337] : (in function: getCLs) - At r = 2.582639:	q_mu = 4.02195	q_A  = 3.49643	Pmu = 0.02219	1-Pb  = 0.44412	CLs  = 0.04997
AsymptoticLimits.cc[337] : (in function: getCLs) - At r = 2.581528:	q_mu = 4.02079	q_A  = 3.49532	Pmu = 0.02221	1-Pb  = 0.44412	CLs  = 0.05001
AsymptoticLimits.cc[337] : (in function: getCLs) - At r = 2.581970:	q_mu = 4.02143	q_A  = 3.49589	Pmu = 0.02220	1-Pb  = 0.44412	CLs  = 0.04999
AsymptoticLimits.cc[337] : (in function: getCLs) - At r = 2.581779:	q_mu = 4.02109	q_A  = 3.49560	Pmu = 0.02221	1-Pb  = 0.44412	CLs  = 0.05000
AsymptoticLimits.cc[337] : (in function: getCLs) - At r = 2.581720:	q_mu = 4.02100	q_A  = 3.49552	Pmu = 0.02221	1-Pb  = 0.44412	CLs  = 0.05000
AsymptoticLimits.cc[337] : (in function: getCLs) - At r = 2.581760:	q_mu = 4.02104	q_A  = 3.49556	Pmu = 0.02221	1-Pb  = 0.44412	CLs  = 0.05000
AsymptoticLimits.cc[337] : (in function: getCLs) - At r = 2.581772:	q_mu = 4.02124	q_A  = 3.49572	Pmu = 0.02220	1-Pb  = 0.44412	CLs  = 0.05000
