CascadeMinimizer.cc[188] : (in function: improveOnce) - Minimization configured with Type=Minuit2, Algo=Migrad, strategy=0, tolerance=0.1
CascadeMinimizer.cc[215] : (in function: improveOnce) - Minimization finished with status=0
CascadeMinimizer.cc[219] : (in function: improveOnce) - Minimization success! status=0
ToyMCSamplerOpt.cc[146] : (in function: generateAsimov) - Using internal logic for binned/unbinned Asimov dataset generation
ToyMCSamplerOpt.cc[214] : (in function: generateWithHisto) - Generating asimov with histogram for pdf pdf_binfail_LOW_obsOnly: in 4 x-bins
ToyMCSamplerOpt.cc[215] : (in function: generateWithHisto) -  , in 1 y-bins
ToyMCSamplerOpt.cc[146] : (in function: generateAsimov) - Using internal logic for binned/unbinned Asimov dataset generation
ToyMCSamplerOpt.cc[214] : (in function: generateWithHisto) - Generating asimov with histogram for pdf pdf_binfail_SIG_obsOnly: in 3 x-bins
ToyMCSamplerOpt.cc[215] : (in function: generateWithHisto) -  , in 1 y-bins
ToyMCSamplerOpt.cc[146] : (in function: generateAsimov) - Using internal logic for binned/unbinned Asimov dataset generation
ToyMCSamplerOpt.cc[214] : (in function: generateWithHisto) - Generating asimov with histogram for pdf pdf_binfail_HIGH_obsOnly: in 7 x-bins
ToyMCSamplerOpt.cc[215] : (in function: generateWithHisto) -  , in 1 y-bins
ToyMCSamplerOpt.cc[146] : (in function: generateAsimov) - Using internal logic for binned/unbinned Asimov dataset generation
ToyMCSamplerOpt.cc[214] : (in function: generateWithHisto) - Generating asimov with histogram for pdf pdf_binpass_LOW_obsOnly: in 4 x-bins
ToyMCSamplerOpt.cc[215] : (in function: generateWithHisto) -  , in 1 y-bins
ToyMCSamplerOpt.cc[146] : (in function: generateAsimov) - Using internal logic for binned/unbinned Asimov dataset generation
ToyMCSamplerOpt.cc[214] : (in function: generateWithHisto) - Generating asimov with histogram for pdf pdf_binpass_SIG_obsOnly: in 3 x-bins
ToyMCSamplerOpt.cc[215] : (in function: generateWithHisto) -  , in 1 y-bins
ToyMCSamplerOpt.cc[146] : (in function: generateAsimov) - Using internal logic for binned/unbinned Asimov dataset generation
ToyMCSamplerOpt.cc[214] : (in function: generateWithHisto) - Generating asimov with histogram for pdf pdf_binpass_HIGH_obsOnly: in 7 x-bins
ToyMCSamplerOpt.cc[215] : (in function: generateWithHisto) -  , in 1 y-bins
AsymptoticLimits.cc[428] : (in function: runLimitExpected) - Median for expected limits = 3.32812, Sigma for expected limits = 1.69805
AsymptoticLimits.cc[191] : (in function: runLimit) - NLL at global minimum of data = -11594.5 (r=2.24552e-06)
AsymptoticLimits.cc[211] : (in function: runLimit) - NLL at global minimum of asimov = -11594.3 (r=8.11286e-08)
AsymptoticLimits.cc[337] : (in function: getCLs) - At r = 1.200002:	q_mu = 2.82884	q_A  = 1.01568	Pmu = 0.02824	1-Pb  = 0.18418	CLs  = 0.15331
AsymptoticLimits.cc[337] : (in function: getCLs) - At r = 2.400004:	q_mu = 5.13781	q_A  = 2.60106	Pmu = 0.00821	1-Pb  = 0.21580	CLs  = 0.03807
AsymptoticLimits.cc[337] : (in function: getCLs) - At r = 1.200003:	q_mu = 2.82882	q_A  = 0.98179	Pmu = 0.02725	1-Pb  = 0.17566	CLs  = 0.15511
AsymptoticLimits.cc[337] : (in function: getCLs) - At r = 1.800004:	q_mu = 4.01699	q_A  = 1.78064	Pmu = 0.01491	1-Pb  = 0.20103	CLs  = 0.07419
AsymptoticLimits.cc[337] : (in function: getCLs) - At r = 2.083848:	q_mu = 4.55553	q_A  = 2.16915	Pmu = 0.01122	1-Pb  = 0.20893	CLs  = 0.05369
AsymptoticLimits.cc[337] : (in function: getCLs) - At r = 2.199409:	q_mu = 4.77057	q_A  = 2.32744	Pmu = 0.01000	1-Pb  = 0.21165	CLs  = 0.04725
AsymptoticLimits.cc[337] : (in function: getCLs) - At r = 2.135371:	q_mu = 4.65167	q_A  = 2.23950	Pmu = 0.01066	1-Pb  = 0.21014	CLs  = 0.05071
AsymptoticLimits.cc[337] : (in function: getCLs) - At r = 2.158364:	q_mu = 4.69443	q_A  = 2.27102	Pmu = 0.01042	1-Pb  = 0.21068	CLs  = 0.04944
AsymptoticLimits.cc[337] : (in function: getCLs) - At r = 2.145533:	q_mu = 4.67057	q_A  = 2.25338	Pmu = 0.01055	1-Pb  = 0.21037	CLs  = 0.05014
AsymptoticLimits.cc[337] : (in function: getCLs) - At r = 2.150135:	q_mu = 4.67913	q_A  = 2.25966	Pmu = 0.01050	1-Pb  = 0.21048	CLs  = 0.04989
AsymptoticLimits.cc[337] : (in function: getCLs) - At r = 2.147573:	q_mu = 4.67436	q_A  = 2.25613	Pmu = 0.01053	1-Pb  = 0.21042	CLs  = 0.05003
AsymptoticLimits.cc[337] : (in function: getCLs) - At r = 2.148498:	q_mu = 4.67608	q_A  = 2.25738	Pmu = 0.01052	1-Pb  = 0.21043	CLs  = 0.04998
AsymptoticLimits.cc[337] : (in function: getCLs) - At r = 2.147988:	q_mu = 4.67513	q_A  = 2.25666	Pmu = 0.01052	1-Pb  = 0.21042	CLs  = 0.05001
AsymptoticLimits.cc[337] : (in function: getCLs) - At r = 2.148177:	q_mu = 4.67548	q_A  = 2.25691	Pmu = 0.01052	1-Pb  = 0.21042	CLs  = 0.05000
AsymptoticLimits.cc[337] : (in function: getCLs) - At r = 2.148077:	q_mu = 4.67530	q_A  = 2.25676	Pmu = 0.01052	1-Pb  = 0.21042	CLs  = 0.05000
AsymptoticLimits.cc[337] : (in function: getCLs) - At r = 2.148117:	q_mu = 4.67537	q_A  = 2.25681	Pmu = 0.01052	1-Pb  = 0.21042	CLs  = 0.05000
AsymptoticLimits.cc[337] : (in function: getCLs) - At r = 2.148098:	q_mu = 4.67534	q_A  = 2.25677	Pmu = 0.01052	1-Pb  = 0.21042	CLs  = 0.05000
AsymptoticLimits.cc[337] : (in function: getCLs) - At r = 2.148107:	q_mu = 4.67544	q_A  = 2.25678	Pmu = 0.01052	1-Pb  = 0.21041	CLs  = 0.05000
