CascadeMinimizer.cc[188] : (in function: improveOnce) - Minimization configured with Type=Minuit2, Algo=Migrad, strategy=0, tolerance=0.1
CascadeMinimizer.cc[215] : (in function: improveOnce) - Minimization finished with status=0
CascadeMinimizer.cc[219] : (in function: improveOnce) - Minimization success! status=0
ToyMCSamplerOpt.cc[146] : (in function: generateAsimov) - Using internal logic for binned/unbinned Asimov dataset generation
ToyMCSamplerOpt.cc[214] : (in function: generateWithHisto) - Generating asimov with histogram for pdf pdf_binfail_LOW_obsOnly: in 4 x-bins
ToyMCSamplerOpt.cc[215] : (in function: generateWithHisto) -  , in 1 y-bins
ToyMCSamplerOpt.cc[146] : (in function: generateAsimov) - Using internal logic for binned/unbinned Asimov dataset generation
ToyMCSamplerOpt.cc[214] : (in function: generateWithHisto) - Generating asimov with histogram for pdf pdf_binfail_SIG_obsOnly: in 3 x-bins
ToyMCSamplerOpt.cc[215] : (in function: generateWithHisto) -  , in 1 y-bins
ToyMCSamplerOpt.cc[146] : (in function: generateAsimov) - Using internal logic for binned/unbinned Asimov dataset generation
ToyMCSamplerOpt.cc[214] : (in function: generateWithHisto) - Generating asimov with histogram for pdf pdf_binfail_HIGH_obsOnly: in 7 x-bins
ToyMCSamplerOpt.cc[215] : (in function: generateWithHisto) -  , in 1 y-bins
ToyMCSamplerOpt.cc[146] : (in function: generateAsimov) - Using internal logic for binned/unbinned Asimov dataset generation
ToyMCSamplerOpt.cc[214] : (in function: generateWithHisto) - Generating asimov with histogram for pdf pdf_binpass_LOW_obsOnly: in 4 x-bins
ToyMCSamplerOpt.cc[215] : (in function: generateWithHisto) -  , in 1 y-bins
ToyMCSamplerOpt.cc[146] : (in function: generateAsimov) - Using internal logic for binned/unbinned Asimov dataset generation
ToyMCSamplerOpt.cc[214] : (in function: generateWithHisto) - Generating asimov with histogram for pdf pdf_binpass_SIG_obsOnly: in 3 x-bins
ToyMCSamplerOpt.cc[215] : (in function: generateWithHisto) -  , in 1 y-bins
ToyMCSamplerOpt.cc[146] : (in function: generateAsimov) - Using internal logic for binned/unbinned Asimov dataset generation
ToyMCSamplerOpt.cc[214] : (in function: generateWithHisto) - Generating asimov with histogram for pdf pdf_binpass_HIGH_obsOnly: in 7 x-bins
ToyMCSamplerOpt.cc[215] : (in function: generateWithHisto) -  , in 1 y-bins
AsymptoticLimits.cc[428] : (in function: runLimitExpected) - Median for expected limits = 1.375, Sigma for expected limits = 0.701544
AsymptoticLimits.cc[191] : (in function: runLimit) - NLL at global minimum of data = -11590.3 (r=7.97207e-08)
AsymptoticLimits.cc[211] : (in function: runLimit) - NLL at global minimum of asimov = -11590 (r=8.57056e-07)
AsymptoticLimits.cc[337] : (in function: getCLs) - At r = 1.200000:	q_mu = 5.56161	q_A  = 3.39889	Pmu = 0.00755	1-Pb  = 0.27875	CLs  = 0.02707
AsymptoticLimits.cc[337] : (in function: getCLs) - At r = 0.600000:	q_mu = 3.35477	q_A  = 1.71494	Pmu = 0.02645	1-Pb  = 0.26562	CLs  = 0.09959
AsymptoticLimits.cc[337] : (in function: getCLs) - At r = 0.853917:	q_mu = 4.36426	q_A  = 2.46209	Pmu = 0.01481	1-Pb  = 0.27221	CLs  = 0.05439
AsymptoticLimits.cc[337] : (in function: getCLs) - At r = 0.956541:	q_mu = 4.73766	q_A  = 2.74926	Pmu = 0.01198	1-Pb  = 0.27438	CLs  = 0.04367
AsymptoticLimits.cc[337] : (in function: getCLs) - At r = 0.905924:	q_mu = 4.55567	q_A  = 2.60864	Pmu = 0.01328	1-Pb  = 0.27334	CLs  = 0.04859
AsymptoticLimits.cc[337] : (in function: getCLs) - At r = 0.884974:	q_mu = 4.47911	q_A  = 2.54982	Pmu = 0.01387	1-Pb  = 0.27289	CLs  = 0.05083
AsymptoticLimits.cc[337] : (in function: getCLs) - At r = 0.895287:	q_mu = 4.51687	q_A  = 2.57879	Pmu = 0.01358	1-Pb  = 0.27311	CLs  = 0.04971
AsymptoticLimits.cc[337] : (in function: getCLs) - At r = 0.891085:	q_mu = 4.50149	q_A  = 2.56698	Pmu = 0.01370	1-Pb  = 0.27302	CLs  = 0.05016
AsymptoticLimits.cc[337] : (in function: getCLs) - At r = 0.893145:	q_mu = 4.50903	q_A  = 2.57277	Pmu = 0.01364	1-Pb  = 0.27306	CLs  = 0.04994
AsymptoticLimits.cc[337] : (in function: getCLs) - At r = 0.892303:	q_mu = 4.50596	q_A  = 2.57041	Pmu = 0.01366	1-Pb  = 0.27304	CLs  = 0.05003
AsymptoticLimits.cc[337] : (in function: getCLs) - At r = 0.892715:	q_mu = 4.50746	q_A  = 2.57156	Pmu = 0.01365	1-Pb  = 0.27305	CLs  = 0.04999
AsymptoticLimits.cc[337] : (in function: getCLs) - At r = 0.892547:	q_mu = 4.50693	q_A  = 2.57109	Pmu = 0.01365	1-Pb  = 0.27304	CLs  = 0.05000
AsymptoticLimits.cc[337] : (in function: getCLs) - At r = 0.892620:	q_mu = 4.50713	q_A  = 2.57130	Pmu = 0.01365	1-Pb  = 0.27305	CLs  = 0.05000
AsymptoticLimits.cc[337] : (in function: getCLs) - At r = 0.892591:	q_mu = 4.50701	q_A  = 2.57121	Pmu = 0.01365	1-Pb  = 0.27305	CLs  = 0.05000
AsymptoticLimits.cc[337] : (in function: getCLs) - At r = 0.892603:	q_mu = 4.50705	q_A  = 2.57125	Pmu = 0.01365	1-Pb  = 0.27305	CLs  = 0.05000
AsymptoticLimits.cc[337] : (in function: getCLs) - At r = 0.892610:	q_mu = 4.50708	q_A  = 2.57127	Pmu = 0.01365	1-Pb  = 0.27305	CLs  = 0.05000
AsymptoticLimits.cc[337] : (in function: getCLs) - At r = 0.892607:	q_mu = 4.50716	q_A  = 2.57126	Pmu = 0.01365	1-Pb  = 0.27304	CLs  = 0.05000
