CascadeMinimizer.cc[188] : (in function: improveOnce) - Minimization configured with Type=Minuit2, Algo=Migrad, strategy=0, tolerance=0.1
CascadeMinimizer.cc[215] : (in function: improveOnce) - Minimization finished with status=0
CascadeMinimizer.cc[219] : (in function: improveOnce) - Minimization success! status=0
ToyMCSamplerOpt.cc[146] : (in function: generateAsimov) - Using internal logic for binned/unbinned Asimov dataset generation
ToyMCSamplerOpt.cc[214] : (in function: generateWithHisto) - Generating asimov with histogram for pdf pdf_binfail_LOW_obsOnly: in 4 x-bins
ToyMCSamplerOpt.cc[215] : (in function: generateWithHisto) -  , in 1 y-bins
ToyMCSamplerOpt.cc[146] : (in function: generateAsimov) - Using internal logic for binned/unbinned Asimov dataset generation
ToyMCSamplerOpt.cc[214] : (in function: generateWithHisto) - Generating asimov with histogram for pdf pdf_binfail_SIG_obsOnly: in 3 x-bins
ToyMCSamplerOpt.cc[215] : (in function: generateWithHisto) -  , in 1 y-bins
ToyMCSamplerOpt.cc[146] : (in function: generateAsimov) - Using internal logic for binned/unbinned Asimov dataset generation
ToyMCSamplerOpt.cc[214] : (in function: generateWithHisto) - Generating asimov with histogram for pdf pdf_binfail_HIGH_obsOnly: in 7 x-bins
ToyMCSamplerOpt.cc[215] : (in function: generateWithHisto) -  , in 1 y-bins
ToyMCSamplerOpt.cc[146] : (in function: generateAsimov) - Using internal logic for binned/unbinned Asimov dataset generation
ToyMCSamplerOpt.cc[214] : (in function: generateWithHisto) - Generating asimov with histogram for pdf pdf_binpass_LOW_obsOnly: in 4 x-bins
ToyMCSamplerOpt.cc[215] : (in function: generateWithHisto) -  , in 1 y-bins
ToyMCSamplerOpt.cc[146] : (in function: generateAsimov) - Using internal logic for binned/unbinned Asimov dataset generation
ToyMCSamplerOpt.cc[214] : (in function: generateWithHisto) - Generating asimov with histogram for pdf pdf_binpass_SIG_obsOnly: in 3 x-bins
ToyMCSamplerOpt.cc[215] : (in function: generateWithHisto) -  , in 1 y-bins
ToyMCSamplerOpt.cc[146] : (in function: generateAsimov) - Using internal logic for binned/unbinned Asimov dataset generation
ToyMCSamplerOpt.cc[214] : (in function: generateWithHisto) - Generating asimov with histogram for pdf pdf_binpass_HIGH_obsOnly: in 7 x-bins
ToyMCSamplerOpt.cc[215] : (in function: generateWithHisto) -  , in 1 y-bins
AsymptoticLimits.cc[428] : (in function: runLimitExpected) - Median for expected limits = 1.78125, Sigma for expected limits = 0.908818
AsymptoticLimits.cc[191] : (in function: runLimit) - NLL at global minimum of data = -11585.5 (r=5.30825e-07)
AsymptoticLimits.cc[211] : (in function: runLimit) - NLL at global minimum of asimov = -11585.3 (r=2.43717e-08)
AsymptoticLimits.cc[337] : (in function: getCLs) - At r = 1.200001:	q_mu = 3.39788	q_A  = 2.86968	Pmu = 0.03216	1-Pb  = 0.43805	CLs  = 0.07342
AsymptoticLimits.cc[337] : (in function: getCLs) - At r = 2.400001:	q_mu = 5.36621	q_A  = 4.73309	Pmu = 0.01014	1-Pb  = 0.44215	CLs  = 0.02294
AsymptoticLimits.cc[337] : (in function: getCLs) - At r = 1.200001:	q_mu = 3.39787	q_A  = 2.86969	Pmu = 0.03216	1-Pb  = 0.43806	CLs  = 0.07342
AsymptoticLimits.cc[337] : (in function: getCLs) - At r = 1.757004:	q_mu = 4.39521	q_A  = 3.80893	Pmu = 0.01778	1-Pb  = 0.44030	CLs  = 0.04039
AsymptoticLimits.cc[337] : (in function: getCLs) - At r = 1.486444:	q_mu = 3.93318	q_A  = 3.37241	Pmu = 0.02335	1-Pb  = 0.43932	CLs  = 0.05314
AsymptoticLimits.cc[337] : (in function: getCLs) - At r = 1.588594:	q_mu = 4.11216	q_A  = 3.54123	Pmu = 0.02100	1-Pb  = 0.43971	CLs  = 0.04776
AsymptoticLimits.cc[337] : (in function: getCLs) - At r = 1.533063:	q_mu = 4.01554	q_A  = 3.45004	Pmu = 0.02223	1-Pb  = 0.43950	CLs  = 0.05059
AsymptoticLimits.cc[337] : (in function: getCLs) - At r = 1.553203:	q_mu = 4.05074	q_A  = 3.48325	Pmu = 0.02178	1-Pb  = 0.43958	CLs  = 0.04954
AsymptoticLimits.cc[337] : (in function: getCLs) - At r = 1.542047:	q_mu = 4.03126	q_A  = 3.46487	Pmu = 0.02203	1-Pb  = 0.43954	CLs  = 0.05012
AsymptoticLimits.cc[337] : (in function: getCLs) - At r = 1.546064:	q_mu = 4.03828	q_A  = 3.47150	Pmu = 0.02194	1-Pb  = 0.43955	CLs  = 0.04991
AsymptoticLimits.cc[337] : (in function: getCLs) - At r = 1.543831:	q_mu = 4.03438	q_A  = 3.46782	Pmu = 0.02199	1-Pb  = 0.43955	CLs  = 0.05002
AsymptoticLimits.cc[337] : (in function: getCLs) - At r = 1.544634:	q_mu = 4.03579	q_A  = 3.46914	Pmu = 0.02197	1-Pb  = 0.43955	CLs  = 0.04998
AsymptoticLimits.cc[337] : (in function: getCLs) - At r = 1.544187:	q_mu = 4.03518	q_A  = 3.46840	Pmu = 0.02198	1-Pb  = 0.43953	CLs  = 0.05000
AsymptoticLimits.cc[337] : (in function: getCLs) - At r = 1.544297:	q_mu = 4.03524	q_A  = 3.46871	Pmu = 0.02198	1-Pb  = 0.43956	CLs  = 0.05000
AsymptoticLimits.cc[337] : (in function: getCLs) - At r = 1.544233:	q_mu = 4.03510	q_A  = 3.46851	Pmu = 0.02198	1-Pb  = 0.43955	CLs  = 0.05000
AsymptoticLimits.cc[337] : (in function: getCLs) - At r = 1.544264:	q_mu = 4.03514	q_A  = 3.46854	Pmu = 0.02198	1-Pb  = 0.43955	CLs  = 0.05000
AsymptoticLimits.cc[337] : (in function: getCLs) - At r = 1.544274:	q_mu = 4.03536	q_A  = 3.46871	Pmu = 0.02197	1-Pb  = 0.43954	CLs  = 0.04999
AsymptoticLimits.cc[337] : (in function: getCLs) - At r = 1.544266:	q_mu = 4.03519	q_A  = 3.46857	Pmu = 0.02198	1-Pb  = 0.43955	CLs  = 0.05000
