CascadeMinimizer.cc[188] : (in function: improveOnce) - Minimization configured with Type=Minuit2, Algo=Migrad, strategy=0, tolerance=0.1
CascadeMinimizer.cc[215] : (in function: improveOnce) - Minimization finished with status=0
CascadeMinimizer.cc[219] : (in function: improveOnce) - Minimization success! status=0
ToyMCSamplerOpt.cc[146] : (in function: generateAsimov) - Using internal logic for binned/unbinned Asimov dataset generation
ToyMCSamplerOpt.cc[214] : (in function: generateWithHisto) - Generating asimov with histogram for pdf pdf_binfail_LOW_obsOnly: in 4 x-bins
ToyMCSamplerOpt.cc[215] : (in function: generateWithHisto) -  , in 1 y-bins
ToyMCSamplerOpt.cc[146] : (in function: generateAsimov) - Using internal logic for binned/unbinned Asimov dataset generation
ToyMCSamplerOpt.cc[214] : (in function: generateWithHisto) - Generating asimov with histogram for pdf pdf_binfail_SIG_obsOnly: in 3 x-bins
ToyMCSamplerOpt.cc[215] : (in function: generateWithHisto) -  , in 1 y-bins
ToyMCSamplerOpt.cc[146] : (in function: generateAsimov) - Using internal logic for binned/unbinned Asimov dataset generation
ToyMCSamplerOpt.cc[214] : (in function: generateWithHisto) - Generating asimov with histogram for pdf pdf_binfail_HIGH_obsOnly: in 7 x-bins
ToyMCSamplerOpt.cc[215] : (in function: generateWithHisto) -  , in 1 y-bins
ToyMCSamplerOpt.cc[146] : (in function: generateAsimov) - Using internal logic for binned/unbinned Asimov dataset generation
ToyMCSamplerOpt.cc[214] : (in function: generateWithHisto) - Generating asimov with histogram for pdf pdf_binpass_LOW_obsOnly: in 4 x-bins
ToyMCSamplerOpt.cc[215] : (in function: generateWithHisto) -  , in 1 y-bins
ToyMCSamplerOpt.cc[146] : (in function: generateAsimov) - Using internal logic for binned/unbinned Asimov dataset generation
ToyMCSamplerOpt.cc[214] : (in function: generateWithHisto) - Generating asimov with histogram for pdf pdf_binpass_SIG_obsOnly: in 3 x-bins
ToyMCSamplerOpt.cc[215] : (in function: generateWithHisto) -  , in 1 y-bins
ToyMCSamplerOpt.cc[146] : (in function: generateAsimov) - Using internal logic for binned/unbinned Asimov dataset generation
ToyMCSamplerOpt.cc[214] : (in function: generateWithHisto) - Generating asimov with histogram for pdf pdf_binpass_HIGH_obsOnly: in 7 x-bins
ToyMCSamplerOpt.cc[215] : (in function: generateWithHisto) -  , in 1 y-bins
AsymptoticLimits.cc[428] : (in function: runLimitExpected) - Median for expected limits = 1.78125, Sigma for expected limits = 0.908818
AsymptoticLimits.cc[191] : (in function: runLimit) - NLL at global minimum of data = -11593.3 (r=0.670692)
AsymptoticLimits.cc[211] : (in function: runLimit) - NLL at global minimum of asimov = -11593.1 (r=0.00464278)
AsymptoticLimits.cc[337] : (in function: getCLs) - At r = 2.409787:	q_mu = 2.15706	q_A  = 5.04778	Pmu = 0.07096	1-Pb  = 0.78172	CLs  = 0.09077
AsymptoticLimits.cc[337] : (in function: getCLs) - At r = 4.819575:	q_mu = 5.58749	q_A  = 8.91806	Pmu = 0.00904	1-Pb  = 0.73320	CLs  = 0.01234
AsymptoticLimits.cc[337] : (in function: getCLs) - At r = 2.745133:	q_mu = 2.67038	q_A  = 5.65544	Pmu = 0.05112	1-Pb  = 0.77156	CLs  = 0.06625
AsymptoticLimits.cc[337] : (in function: getCLs) - At r = 3.782354:	q_mu = 4.19065	q_A  = 7.38328	Pmu = 0.02032	1-Pb  = 0.74861	CLs  = 0.02715
AsymptoticLimits.cc[337] : (in function: getCLs) - At r = 3.214329:	q_mu = 3.37288	q_A  = 6.46393	Pmu = 0.03314	1-Pb  = 0.75987	CLs  = 0.04361
AsymptoticLimits.cc[337] : (in function: getCLs) - At r = 2.997764:	q_mu = 3.05150	q_A  = 6.09662	Pmu = 0.04033	1-Pb  = 0.76494	CLs  = 0.05272
AsymptoticLimits.cc[337] : (in function: getCLs) - At r = 3.089522:	q_mu = 3.18823	q_A  = 6.25343	Pmu = 0.03709	1-Pb  = 0.76273	CLs  = 0.04862
AsymptoticLimits.cc[337] : (in function: getCLs) - At r = 3.045838:	q_mu = 3.12321	q_A  = 6.17899	Pmu = 0.03859	1-Pb  = 0.76377	CLs  = 0.05053
AsymptoticLimits.cc[337] : (in function: getCLs) - At r = 3.064124:	q_mu = 3.15045	q_A  = 6.21019	Pmu = 0.03795	1-Pb  = 0.76334	CLs  = 0.04972
AsymptoticLimits.cc[337] : (in function: getCLs) - At r = 3.055372:	q_mu = 3.13741	q_A  = 6.19526	Pmu = 0.03826	1-Pb  = 0.76355	CLs  = 0.05011
AsymptoticLimits.cc[337] : (in function: getCLs) - At r = 3.059028:	q_mu = 3.14286	q_A  = 6.20150	Pmu = 0.03813	1-Pb  = 0.76346	CLs  = 0.04994
AsymptoticLimits.cc[337] : (in function: getCLs) - At r = 3.057277:	q_mu = 3.14025	q_A  = 6.19851	Pmu = 0.03819	1-Pb  = 0.76350	CLs  = 0.05002
AsymptoticLimits.cc[337] : (in function: getCLs) - At r = 3.058008:	q_mu = 3.14134	q_A  = 6.19976	Pmu = 0.03817	1-Pb  = 0.76348	CLs  = 0.04999
AsymptoticLimits.cc[337] : (in function: getCLs) - At r = 3.057658:	q_mu = 3.14082	q_A  = 6.19916	Pmu = 0.03818	1-Pb  = 0.76349	CLs  = 0.05000
AsymptoticLimits.cc[337] : (in function: getCLs) - At r = 3.057805:	q_mu = 3.14104	q_A  = 6.19941	Pmu = 0.03817	1-Pb  = 0.76349	CLs  = 0.05000
AsymptoticLimits.cc[337] : (in function: getCLs) - At r = 3.057735:	q_mu = 3.14093	q_A  = 6.19929	Pmu = 0.03818	1-Pb  = 0.76349	CLs  = 0.05000
AsymptoticLimits.cc[337] : (in function: getCLs) - At r = 3.057764:	q_mu = 3.14098	q_A  = 6.19934	Pmu = 0.03817	1-Pb  = 0.76349	CLs  = 0.05000
AsymptoticLimits.cc[337] : (in function: getCLs) - At r = 3.057750:	q_mu = 3.14095	q_A  = 6.19932	Pmu = 0.03817	1-Pb  = 0.76349	CLs  = 0.05000
