CascadeMinimizer.cc[188] : (in function: improveOnce) - Minimization configured with Type=Minuit2, Algo=Migrad, strategy=0, tolerance=0.1
CascadeMinimizer.cc[215] : (in function: improveOnce) - Minimization finished with status=0
CascadeMinimizer.cc[219] : (in function: improveOnce) - Minimization success! status=0
ToyMCSamplerOpt.cc[146] : (in function: generateAsimov) - Using internal logic for binned/unbinned Asimov dataset generation
ToyMCSamplerOpt.cc[214] : (in function: generateWithHisto) - Generating asimov with histogram for pdf pdf_binfail_LOW_obsOnly: in 4 x-bins
ToyMCSamplerOpt.cc[215] : (in function: generateWithHisto) -  , in 1 y-bins
ToyMCSamplerOpt.cc[146] : (in function: generateAsimov) - Using internal logic for binned/unbinned Asimov dataset generation
ToyMCSamplerOpt.cc[214] : (in function: generateWithHisto) - Generating asimov with histogram for pdf pdf_binfail_SIG_obsOnly: in 3 x-bins
ToyMCSamplerOpt.cc[215] : (in function: generateWithHisto) -  , in 1 y-bins
ToyMCSamplerOpt.cc[146] : (in function: generateAsimov) - Using internal logic for binned/unbinned Asimov dataset generation
ToyMCSamplerOpt.cc[214] : (in function: generateWithHisto) - Generating asimov with histogram for pdf pdf_binfail_HIGH_obsOnly: in 7 x-bins
ToyMCSamplerOpt.cc[215] : (in function: generateWithHisto) -  , in 1 y-bins
ToyMCSamplerOpt.cc[146] : (in function: generateAsimov) - Using internal logic for binned/unbinned Asimov dataset generation
ToyMCSamplerOpt.cc[214] : (in function: generateWithHisto) - Generating asimov with histogram for pdf pdf_binpass_LOW_obsOnly: in 4 x-bins
ToyMCSamplerOpt.cc[215] : (in function: generateWithHisto) -  , in 1 y-bins
ToyMCSamplerOpt.cc[146] : (in function: generateAsimov) - Using internal logic for binned/unbinned Asimov dataset generation
ToyMCSamplerOpt.cc[214] : (in function: generateWithHisto) - Generating asimov with histogram for pdf pdf_binpass_SIG_obsOnly: in 3 x-bins
ToyMCSamplerOpt.cc[215] : (in function: generateWithHisto) -  , in 1 y-bins
ToyMCSamplerOpt.cc[146] : (in function: generateAsimov) - Using internal logic for binned/unbinned Asimov dataset generation
ToyMCSamplerOpt.cc[214] : (in function: generateWithHisto) - Generating asimov with histogram for pdf pdf_binpass_HIGH_obsOnly: in 7 x-bins
ToyMCSamplerOpt.cc[215] : (in function: generateWithHisto) -  , in 1 y-bins
AsymptoticLimits.cc[428] : (in function: runLimitExpected) - Median for expected limits = 1.20312, Sigma for expected limits = 0.613851
AsymptoticLimits.cc[191] : (in function: runLimit) - NLL at global minimum of data = -11588.9 (r=5.78888e-08)
AsymptoticLimits.cc[211] : (in function: runLimit) - NLL at global minimum of asimov = -11588.6 (r=3.3172e-06)
AsymptoticLimits.cc[337] : (in function: getCLs) - At r = 1.200000:	q_mu = 5.00691	q_A  = 3.82428	Pmu = 0.01197	1-Pb  = 0.38118	CLs  = 0.03141
AsymptoticLimits.cc[337] : (in function: getCLs) - At r = 0.600000:	q_mu = 3.03723	q_A  = 2.08643	Pmu = 0.03807	1-Pb  = 0.37103	CLs  = 0.10260
AsymptoticLimits.cc[337] : (in function: getCLs) - At r = 0.891509:	q_mu = 4.06754	q_A  = 2.98388	Pmu = 0.02062	1-Pb  = 0.37689	CLs  = 0.05472
AsymptoticLimits.cc[337] : (in function: getCLs) - At r = 0.993306:	q_mu = 4.39183	q_A  = 3.27215	Pmu = 0.01707	1-Pb  = 0.37847	CLs  = 0.04510
AsymptoticLimits.cc[337] : (in function: getCLs) - At r = 0.949871:	q_mu = 4.25538	q_A  = 3.15056	Pmu = 0.01848	1-Pb  = 0.37782	CLs  = 0.04891
AsymptoticLimits.cc[337] : (in function: getCLs) - At r = 0.929048:	q_mu = 4.18896	q_A  = 3.09153	Pmu = 0.01921	1-Pb  = 0.37749	CLs  = 0.05089
AsymptoticLimits.cc[337] : (in function: getCLs) - At r = 0.940621:	q_mu = 4.22594	q_A  = 3.12437	Pmu = 0.01880	1-Pb  = 0.37767	CLs  = 0.04978
AsymptoticLimits.cc[337] : (in function: getCLs) - At r = 0.936441:	q_mu = 4.21260	q_A  = 3.11252	Pmu = 0.01895	1-Pb  = 0.37761	CLs  = 0.05018
AsymptoticLimits.cc[337] : (in function: getCLs) - At r = 0.938753:	q_mu = 4.21998	q_A  = 3.11908	Pmu = 0.01887	1-Pb  = 0.37764	CLs  = 0.04996
AsymptoticLimits.cc[337] : (in function: getCLs) - At r = 0.937916:	q_mu = 4.21731	q_A  = 3.11671	Pmu = 0.01889	1-Pb  = 0.37763	CLs  = 0.05004
AsymptoticLimits.cc[337] : (in function: getCLs) - At r = 0.938378:	q_mu = 4.21878	q_A  = 3.11802	Pmu = 0.01888	1-Pb  = 0.37764	CLs  = 0.04999
AsymptoticLimits.cc[337] : (in function: getCLs) - At r = 0.938211:	q_mu = 4.21825	q_A  = 3.11754	Pmu = 0.01888	1-Pb  = 0.37763	CLs  = 0.05001
AsymptoticLimits.cc[337] : (in function: getCLs) - At r = 0.938303:	q_mu = 4.21871	q_A  = 3.11780	Pmu = 0.01888	1-Pb  = 0.37762	CLs  = 0.04999
AsymptoticLimits.cc[337] : (in function: getCLs) - At r = 0.938253:	q_mu = 4.21842	q_A  = 3.11778	Pmu = 0.01888	1-Pb  = 0.37765	CLs  = 0.05000
AsymptoticLimits.cc[337] : (in function: getCLs) - At r = 0.938270:	q_mu = 4.21845	q_A  = 3.11774	Pmu = 0.01888	1-Pb  = 0.37764	CLs  = 0.05000
AsymptoticLimits.cc[337] : (in function: getCLs) - At r = 0.938280:	q_mu = 4.21847	q_A  = 3.11775	Pmu = 0.01888	1-Pb  = 0.37764	CLs  = 0.05000
AsymptoticLimits.cc[337] : (in function: getCLs) - At r = 0.938285:	q_mu = 4.21868	q_A  = 3.11776	Pmu = 0.01888	1-Pb  = 0.37762	CLs  = 0.05000
AsymptoticLimits.cc[337] : (in function: getCLs) - At r = 0.938281:	q_mu = 4.21852	q_A  = 3.11788	Pmu = 0.01888	1-Pb  = 0.37765	CLs  = 0.05000
