CascadeMinimizer.cc[188] : (in function: improveOnce) - Minimization configured with Type=Minuit2, Algo=Migrad, strategy=0, tolerance=0.1
CascadeMinimizer.cc[215] : (in function: improveOnce) - Minimization finished with status=0
CascadeMinimizer.cc[219] : (in function: improveOnce) - Minimization success! status=0
ToyMCSamplerOpt.cc[146] : (in function: generateAsimov) - Using internal logic for binned/unbinned Asimov dataset generation
ToyMCSamplerOpt.cc[214] : (in function: generateWithHisto) - Generating asimov with histogram for pdf pdf_binfail_LOW_obsOnly: in 4 x-bins
ToyMCSamplerOpt.cc[215] : (in function: generateWithHisto) -  , in 1 y-bins
ToyMCSamplerOpt.cc[146] : (in function: generateAsimov) - Using internal logic for binned/unbinned Asimov dataset generation
ToyMCSamplerOpt.cc[214] : (in function: generateWithHisto) - Generating asimov with histogram for pdf pdf_binfail_SIG_obsOnly: in 3 x-bins
ToyMCSamplerOpt.cc[215] : (in function: generateWithHisto) -  , in 1 y-bins
ToyMCSamplerOpt.cc[146] : (in function: generateAsimov) - Using internal logic for binned/unbinned Asimov dataset generation
ToyMCSamplerOpt.cc[214] : (in function: generateWithHisto) - Generating asimov with histogram for pdf pdf_binfail_HIGH_obsOnly: in 7 x-bins
ToyMCSamplerOpt.cc[215] : (in function: generateWithHisto) -  , in 1 y-bins
ToyMCSamplerOpt.cc[146] : (in function: generateAsimov) - Using internal logic for binned/unbinned Asimov dataset generation
ToyMCSamplerOpt.cc[214] : (in function: generateWithHisto) - Generating asimov with histogram for pdf pdf_binpass_LOW_obsOnly: in 4 x-bins
ToyMCSamplerOpt.cc[215] : (in function: generateWithHisto) -  , in 1 y-bins
ToyMCSamplerOpt.cc[146] : (in function: generateAsimov) - Using internal logic for binned/unbinned Asimov dataset generation
ToyMCSamplerOpt.cc[214] : (in function: generateWithHisto) - Generating asimov with histogram for pdf pdf_binpass_SIG_obsOnly: in 3 x-bins
ToyMCSamplerOpt.cc[215] : (in function: generateWithHisto) -  , in 1 y-bins
ToyMCSamplerOpt.cc[146] : (in function: generateAsimov) - Using internal logic for binned/unbinned Asimov dataset generation
ToyMCSamplerOpt.cc[214] : (in function: generateWithHisto) - Generating asimov with histogram for pdf pdf_binpass_HIGH_obsOnly: in 7 x-bins
ToyMCSamplerOpt.cc[215] : (in function: generateWithHisto) -  , in 1 y-bins
AsymptoticLimits.cc[428] : (in function: runLimitExpected) - Median for expected limits = 1.27344, Sigma for expected limits = 0.649725
AsymptoticLimits.cc[191] : (in function: runLimit) - NLL at global minimum of data = -11591.3 (r=8.21448e-09)
AsymptoticLimits.cc[211] : (in function: runLimit) - NLL at global minimum of asimov = -11591.1 (r=4.92447e-07)
AsymptoticLimits.cc[337] : (in function: getCLs) - At r = 1.200000:	q_mu = 4.78905	q_A  = 3.64200	Pmu = 0.01359	1-Pb  = 0.38189	CLs  = 0.03559
AsymptoticLimits.cc[337] : (in function: getCLs) - At r = 0.600000:	q_mu = 2.87866	q_A  = 1.86327	Pmu = 0.04120	1-Pb  = 0.35497	CLs  = 0.11606
AsymptoticLimits.cc[337] : (in function: getCLs) - At r = 0.941917:	q_mu = 4.03251	q_A  = 2.91887	Pmu = 0.02096	1-Pb  = 0.37224	CLs  = 0.05630
AsymptoticLimits.cc[337] : (in function: getCLs) - At r = 1.046927:	q_mu = 4.34990	q_A  = 3.22016	Pmu = 0.01746	1-Pb  = 0.37646	CLs  = 0.04638
AsymptoticLimits.cc[337] : (in function: getCLs) - At r = 0.993352:	q_mu = 4.18959	q_A  = 3.06761	Pmu = 0.01914	1-Pb  = 0.37437	CLs  = 0.05114
AsymptoticLimits.cc[337] : (in function: getCLs) - At r = 1.013937:	q_mu = 4.25160	q_A  = 3.12649	Pmu = 0.01847	1-Pb  = 0.37518	CLs  = 0.04924
AsymptoticLimits.cc[337] : (in function: getCLs) - At r = 1.003142:	q_mu = 4.21914	q_A  = 3.09565	Pmu = 0.01882	1-Pb  = 0.37476	CLs  = 0.05022
AsymptoticLimits.cc[337] : (in function: getCLs) - At r = 1.007244:	q_mu = 4.23149	q_A  = 3.10737	Pmu = 0.01869	1-Pb  = 0.37492	CLs  = 0.04985
AsymptoticLimits.cc[337] : (in function: getCLs) - At r = 1.005083:	q_mu = 4.22498	q_A  = 3.10120	Pmu = 0.01876	1-Pb  = 0.37484	CLs  = 0.05004
AsymptoticLimits.cc[337] : (in function: getCLs) - At r = 1.005903:	q_mu = 4.22745	q_A  = 3.10354	Pmu = 0.01873	1-Pb  = 0.37487	CLs  = 0.04997
AsymptoticLimits.cc[337] : (in function: getCLs) - At r = 1.005471:	q_mu = 4.22615	q_A  = 3.10230	Pmu = 0.01875	1-Pb  = 0.37485	CLs  = 0.05001
AsymptoticLimits.cc[337] : (in function: getCLs) - At r = 1.005635:	q_mu = 4.22664	q_A  = 3.10277	Pmu = 0.01874	1-Pb  = 0.37486	CLs  = 0.04999
AsymptoticLimits.cc[337] : (in function: getCLs) - At r = 1.005549:	q_mu = 4.22655	q_A  = 3.10263	Pmu = 0.01874	1-Pb  = 0.37485	CLs  = 0.05000
AsymptoticLimits.cc[337] : (in function: getCLs) - At r = 1.005519:	q_mu = 4.22634	q_A  = 3.10248	Pmu = 0.01874	1-Pb  = 0.37485	CLs  = 0.05000
AsymptoticLimits.cc[337] : (in function: getCLs) - At r = 1.005532:	q_mu = 4.22635	q_A  = 3.10250	Pmu = 0.01874	1-Pb  = 0.37485	CLs  = 0.05000
AsymptoticLimits.cc[337] : (in function: getCLs) - At r = 1.005539:	q_mu = 4.22636	q_A  = 3.10267	Pmu = 0.01874	1-Pb  = 0.37487	CLs  = 0.05000
AsymptoticLimits.cc[337] : (in function: getCLs) - At r = 1.005542:	q_mu = 4.22656	q_A  = 3.10257	Pmu = 0.01874	1-Pb  = 0.37484	CLs  = 0.05000
AsymptoticLimits.cc[337] : (in function: getCLs) - At r = 1.005540:	q_mu = 4.22641	q_A  = 3.10253	Pmu = 0.01874	1-Pb  = 0.37485	CLs  = 0.05000
