CascadeMinimizer.cc[188] : (in function: improveOnce) - Minimization configured with Type=Minuit2, Algo=Migrad, strategy=0, tolerance=0.1
CascadeMinimizer.cc[215] : (in function: improveOnce) - Minimization finished with status=0
CascadeMinimizer.cc[219] : (in function: improveOnce) - Minimization success! status=0
ToyMCSamplerOpt.cc[146] : (in function: generateAsimov) - Using internal logic for binned/unbinned Asimov dataset generation
ToyMCSamplerOpt.cc[214] : (in function: generateWithHisto) - Generating asimov with histogram for pdf pdf_binfail_LOW_obsOnly: in 4 x-bins
ToyMCSamplerOpt.cc[215] : (in function: generateWithHisto) -  , in 1 y-bins
ToyMCSamplerOpt.cc[146] : (in function: generateAsimov) - Using internal logic for binned/unbinned Asimov dataset generation
ToyMCSamplerOpt.cc[214] : (in function: generateWithHisto) - Generating asimov with histogram for pdf pdf_binfail_SIG_obsOnly: in 3 x-bins
ToyMCSamplerOpt.cc[215] : (in function: generateWithHisto) -  , in 1 y-bins
ToyMCSamplerOpt.cc[146] : (in function: generateAsimov) - Using internal logic for binned/unbinned Asimov dataset generation
ToyMCSamplerOpt.cc[214] : (in function: generateWithHisto) - Generating asimov with histogram for pdf pdf_binfail_HIGH_obsOnly: in 7 x-bins
ToyMCSamplerOpt.cc[215] : (in function: generateWithHisto) -  , in 1 y-bins
ToyMCSamplerOpt.cc[146] : (in function: generateAsimov) - Using internal logic for binned/unbinned Asimov dataset generation
ToyMCSamplerOpt.cc[214] : (in function: generateWithHisto) - Generating asimov with histogram for pdf pdf_binpass_LOW_obsOnly: in 4 x-bins
ToyMCSamplerOpt.cc[215] : (in function: generateWithHisto) -  , in 1 y-bins
ToyMCSamplerOpt.cc[146] : (in function: generateAsimov) - Using internal logic for binned/unbinned Asimov dataset generation
ToyMCSamplerOpt.cc[214] : (in function: generateWithHisto) - Generating asimov with histogram for pdf pdf_binpass_SIG_obsOnly: in 3 x-bins
ToyMCSamplerOpt.cc[215] : (in function: generateWithHisto) -  , in 1 y-bins
ToyMCSamplerOpt.cc[146] : (in function: generateAsimov) - Using internal logic for binned/unbinned Asimov dataset generation
ToyMCSamplerOpt.cc[214] : (in function: generateWithHisto) - Generating asimov with histogram for pdf pdf_binpass_HIGH_obsOnly: in 7 x-bins
ToyMCSamplerOpt.cc[215] : (in function: generateWithHisto) -  , in 1 y-bins
AsymptoticLimits.cc[428] : (in function: runLimitExpected) - Median for expected limits = 2.35938, Sigma for expected limits = 1.20378
AsymptoticLimits.cc[191] : (in function: runLimit) - NLL at global minimum of data = -11584.2 (r=1.50435e-08)
AsymptoticLimits.cc[211] : (in function: runLimit) - NLL at global minimum of asimov = -11584 (r=2.07156e-06)
AsymptoticLimits.cc[337] : (in function: getCLs) - At r = 1.200000:	q_mu = 2.79174	q_A  = 2.24030	Pmu = 0.04638	1-Pb  = 0.42692	CLs  = 0.10865
AsymptoticLimits.cc[337] : (in function: getCLs) - At r = 2.400000:	q_mu = 4.57026	q_A  = 3.89018	Pmu = 0.01599	1-Pb  = 0.43156	CLs  = 0.03704
AsymptoticLimits.cc[337] : (in function: getCLs) - At r = 1.200000:	q_mu = 2.79175	q_A  = 2.24031	Pmu = 0.04638	1-Pb  = 0.42692	CLs  = 0.10865
AsymptoticLimits.cc[337] : (in function: getCLs) - At r = 1.892390:	q_mu = 3.88318	q_A  = 3.24726	Pmu = 0.02394	1-Pb  = 0.42997	CLs  = 0.05567
AsymptoticLimits.cc[337] : (in function: getCLs) - At r = 2.101046:	q_mu = 4.17506	q_A  = 3.51966	Pmu = 0.02015	1-Pb  = 0.43067	CLs  = 0.04678
AsymptoticLimits.cc[337] : (in function: getCLs) - At r = 1.995449:	q_mu = 4.02914	q_A  = 3.38331	Pmu = 0.02196	1-Pb  = 0.43032	CLs  = 0.05102
AsymptoticLimits.cc[337] : (in function: getCLs) - At r = 2.036246:	q_mu = 4.08592	q_A  = 3.43633	Pmu = 0.02123	1-Pb  = 0.43046	CLs  = 0.04932
AsymptoticLimits.cc[337] : (in function: getCLs) - At r = 2.014961:	q_mu = 4.05635	q_A  = 3.40871	Pmu = 0.02161	1-Pb  = 0.43039	CLs  = 0.05020
AsymptoticLimits.cc[337] : (in function: getCLs) - At r = 2.023093:	q_mu = 4.06766	q_A  = 3.41927	Pmu = 0.02146	1-Pb  = 0.43041	CLs  = 0.04986
AsymptoticLimits.cc[337] : (in function: getCLs) - At r = 2.018830:	q_mu = 4.06173	q_A  = 3.41373	Pmu = 0.02154	1-Pb  = 0.43040	CLs  = 0.05004
AsymptoticLimits.cc[337] : (in function: getCLs) - At r = 2.020455:	q_mu = 4.06399	q_A  = 3.41585	Pmu = 0.02151	1-Pb  = 0.43040	CLs  = 0.04997
AsymptoticLimits.cc[337] : (in function: getCLs) - At r = 2.019602:	q_mu = 4.06281	q_A  = 3.41474	Pmu = 0.02152	1-Pb  = 0.43040	CLs  = 0.05001
AsymptoticLimits.cc[337] : (in function: getCLs) - At r = 2.019927:	q_mu = 4.06343	q_A  = 3.41516	Pmu = 0.02152	1-Pb  = 0.43038	CLs  = 0.04999
AsymptoticLimits.cc[337] : (in function: getCLs) - At r = 2.019790:	q_mu = 4.06311	q_A  = 3.41510	Pmu = 0.02152	1-Pb  = 0.43041	CLs  = 0.05000
AsymptoticLimits.cc[337] : (in function: getCLs) - At r = 2.019724:	q_mu = 4.06299	q_A  = 3.41493	Pmu = 0.02152	1-Pb  = 0.43040	CLs  = 0.05000
AsymptoticLimits.cc[337] : (in function: getCLs) - At r = 2.019754:	q_mu = 4.06302	q_A  = 3.41495	Pmu = 0.02152	1-Pb  = 0.43040	CLs  = 0.05000
AsymptoticLimits.cc[337] : (in function: getCLs) - At r = 2.019774:	q_mu = 4.06324	q_A  = 3.41497	Pmu = 0.02152	1-Pb  = 0.43038	CLs  = 0.05000
AsymptoticLimits.cc[337] : (in function: getCLs) - At r = 2.019763:	q_mu = 4.06307	q_A  = 3.41509	Pmu = 0.02152	1-Pb  = 0.43041	CLs  = 0.05000
AsymptoticLimits.cc[337] : (in function: getCLs) - At r = 2.019758:	q_mu = 4.06304	q_A  = 3.41498	Pmu = 0.02152	1-Pb  = 0.43040	CLs  = 0.05000
