CascadeMinimizer.cc[188] : (in function: improveOnce) - Minimization configured with Type=Minuit2, Algo=Migrad, strategy=0, tolerance=0.1
CascadeMinimizer.cc[215] : (in function: improveOnce) - Minimization finished with status=0
CascadeMinimizer.cc[219] : (in function: improveOnce) - Minimization success! status=0
ToyMCSamplerOpt.cc[146] : (in function: generateAsimov) - Using internal logic for binned/unbinned Asimov dataset generation
ToyMCSamplerOpt.cc[214] : (in function: generateWithHisto) - Generating asimov with histogram for pdf pdf_binfail_LOW_obsOnly: in 4 x-bins
ToyMCSamplerOpt.cc[215] : (in function: generateWithHisto) -  , in 1 y-bins
ToyMCSamplerOpt.cc[146] : (in function: generateAsimov) - Using internal logic for binned/unbinned Asimov dataset generation
ToyMCSamplerOpt.cc[214] : (in function: generateWithHisto) - Generating asimov with histogram for pdf pdf_binfail_SIG_obsOnly: in 3 x-bins
ToyMCSamplerOpt.cc[215] : (in function: generateWithHisto) -  , in 1 y-bins
ToyMCSamplerOpt.cc[146] : (in function: generateAsimov) - Using internal logic for binned/unbinned Asimov dataset generation
ToyMCSamplerOpt.cc[214] : (in function: generateWithHisto) - Generating asimov with histogram for pdf pdf_binfail_HIGH_obsOnly: in 7 x-bins
ToyMCSamplerOpt.cc[215] : (in function: generateWithHisto) -  , in 1 y-bins
ToyMCSamplerOpt.cc[146] : (in function: generateAsimov) - Using internal logic for binned/unbinned Asimov dataset generation
ToyMCSamplerOpt.cc[214] : (in function: generateWithHisto) - Generating asimov with histogram for pdf pdf_binpass_LOW_obsOnly: in 4 x-bins
ToyMCSamplerOpt.cc[215] : (in function: generateWithHisto) -  , in 1 y-bins
ToyMCSamplerOpt.cc[146] : (in function: generateAsimov) - Using internal logic for binned/unbinned Asimov dataset generation
ToyMCSamplerOpt.cc[214] : (in function: generateWithHisto) - Generating asimov with histogram for pdf pdf_binpass_SIG_obsOnly: in 3 x-bins
ToyMCSamplerOpt.cc[215] : (in function: generateWithHisto) -  , in 1 y-bins
ToyMCSamplerOpt.cc[146] : (in function: generateAsimov) - Using internal logic for binned/unbinned Asimov dataset generation
ToyMCSamplerOpt.cc[214] : (in function: generateWithHisto) - Generating asimov with histogram for pdf pdf_binpass_HIGH_obsOnly: in 7 x-bins
ToyMCSamplerOpt.cc[215] : (in function: generateWithHisto) -  , in 1 y-bins
AsymptoticLimits.cc[428] : (in function: runLimitExpected) - Median for expected limits = 2.65625, Sigma for expected limits = 1.35525
AsymptoticLimits.cc[191] : (in function: runLimit) - NLL at global minimum of data = -11595.6 (r=1.10107)
AsymptoticLimits.cc[211] : (in function: runLimit) - NLL at global minimum of asimov = -11592.8 (r=0.0157667)
AsymptoticLimits.cc[337] : (in function: getCLs) - At r = 3.228182:	q_mu = 2.08864	q_A  = 4.73798	Pmu = 0.07420	1-Pb  = 0.76776	CLs  = 0.09664
AsymptoticLimits.cc[337] : (in function: getCLs) - At r = 6.456363:	q_mu = 5.84724	q_A  = 9.00995	Pmu = 0.00780	1-Pb  = 0.72024	CLs  = 0.01083
AsymptoticLimits.cc[337] : (in function: getCLs) - At r = 3.778719:	q_mu = 2.76748	q_A  = 5.55449	Pmu = 0.04810	1-Pb  = 0.75591	CLs  = 0.06363
AsymptoticLimits.cc[337] : (in function: getCLs) - At r = 5.117541:	q_mu = 4.36287	q_A  = 7.37839	Pmu = 0.01837	1-Pb  = 0.73486	CLs  = 0.02499
AsymptoticLimits.cc[337] : (in function: getCLs) - At r = 4.322753:	q_mu = 3.42782	q_A  = 6.32183	Pmu = 0.03205	1-Pb  = 0.74630	CLs  = 0.04295
AsymptoticLimits.cc[337] : (in function: getCLs) - At r = 4.045643:	q_mu = 3.09324	q_A  = 5.93555	Pmu = 0.03931	1-Pb  = 0.75097	CLs  = 0.05234
AsymptoticLimits.cc[337] : (in function: getCLs) - At r = 4.152418:	q_mu = 3.22267	q_A  = 6.08538	Pmu = 0.03631	1-Pb  = 0.74911	CLs  = 0.04847
AsymptoticLimits.cc[337] : (in function: getCLs) - At r = 4.096603:	q_mu = 3.15507	q_A  = 6.00726	Pmu = 0.03785	1-Pb  = 0.75007	CLs  = 0.05046
AsymptoticLimits.cc[337] : (in function: getCLs) - At r = 4.117886:	q_mu = 3.18086	q_A  = 6.03706	Pmu = 0.03725	1-Pb  = 0.74970	CLs  = 0.04969
AsymptoticLimits.cc[337] : (in function: getCLs) - At r = 4.106710:	q_mu = 3.16732	q_A  = 6.02140	Pmu = 0.03756	1-Pb  = 0.74989	CLs  = 0.05009
AsymptoticLimits.cc[337] : (in function: getCLs) - At r = 4.110963:	q_mu = 3.17248	q_A  = 6.02736	Pmu = 0.03744	1-Pb  = 0.74982	CLs  = 0.04994
AsymptoticLimits.cc[337] : (in function: getCLs) - At r = 4.108727:	q_mu = 3.16977	q_A  = 6.02422	Pmu = 0.03751	1-Pb  = 0.74986	CLs  = 0.05002
AsymptoticLimits.cc[337] : (in function: getCLs) - At r = 4.109578:	q_mu = 3.17080	q_A  = 6.02542	Pmu = 0.03748	1-Pb  = 0.74984	CLs  = 0.04999
AsymptoticLimits.cc[337] : (in function: getCLs) - At r = 4.109131:	q_mu = 3.17026	q_A  = 6.02479	Pmu = 0.03750	1-Pb  = 0.74985	CLs  = 0.05000
AsymptoticLimits.cc[337] : (in function: getCLs) - At r = 4.109301:	q_mu = 3.17046	q_A  = 6.02503	Pmu = 0.03749	1-Pb  = 0.74985	CLs  = 0.05000
AsymptoticLimits.cc[337] : (in function: getCLs) - At r = 4.109211:	q_mu = 3.17036	q_A  = 6.02490	Pmu = 0.03749	1-Pb  = 0.74985	CLs  = 0.05000
AsymptoticLimits.cc[337] : (in function: getCLs) - At r = 4.109245:	q_mu = 3.17040	q_A  = 6.02495	Pmu = 0.03749	1-Pb  = 0.74985	CLs  = 0.05000
AsymptoticLimits.cc[337] : (in function: getCLs) - At r = 4.109227:	q_mu = 3.17038	q_A  = 6.02493	Pmu = 0.03749	1-Pb  = 0.74985	CLs  = 0.05000
