CascadeMinimizer.cc[188] : (in function: improveOnce) - Minimization configured with Type=Minuit2, Algo=Migrad, strategy=0, tolerance=0.1
CascadeMinimizer.cc[215] : (in function: improveOnce) - Minimization finished with status=0
CascadeMinimizer.cc[219] : (in function: improveOnce) - Minimization success! status=0
ToyMCSamplerOpt.cc[146] : (in function: generateAsimov) - Using internal logic for binned/unbinned Asimov dataset generation
ToyMCSamplerOpt.cc[214] : (in function: generateWithHisto) - Generating asimov with histogram for pdf pdf_binfail_LOW_obsOnly: in 4 x-bins
ToyMCSamplerOpt.cc[215] : (in function: generateWithHisto) -  , in 1 y-bins
ToyMCSamplerOpt.cc[146] : (in function: generateAsimov) - Using internal logic for binned/unbinned Asimov dataset generation
ToyMCSamplerOpt.cc[214] : (in function: generateWithHisto) - Generating asimov with histogram for pdf pdf_binfail_SIG_obsOnly: in 3 x-bins
ToyMCSamplerOpt.cc[215] : (in function: generateWithHisto) -  , in 1 y-bins
ToyMCSamplerOpt.cc[146] : (in function: generateAsimov) - Using internal logic for binned/unbinned Asimov dataset generation
ToyMCSamplerOpt.cc[214] : (in function: generateWithHisto) - Generating asimov with histogram for pdf pdf_binfail_HIGH_obsOnly: in 7 x-bins
ToyMCSamplerOpt.cc[215] : (in function: generateWithHisto) -  , in 1 y-bins
ToyMCSamplerOpt.cc[146] : (in function: generateAsimov) - Using internal logic for binned/unbinned Asimov dataset generation
ToyMCSamplerOpt.cc[214] : (in function: generateWithHisto) - Generating asimov with histogram for pdf pdf_binpass_LOW_obsOnly: in 4 x-bins
ToyMCSamplerOpt.cc[215] : (in function: generateWithHisto) -  , in 1 y-bins
ToyMCSamplerOpt.cc[146] : (in function: generateAsimov) - Using internal logic for binned/unbinned Asimov dataset generation
ToyMCSamplerOpt.cc[214] : (in function: generateWithHisto) - Generating asimov with histogram for pdf pdf_binpass_SIG_obsOnly: in 3 x-bins
ToyMCSamplerOpt.cc[215] : (in function: generateWithHisto) -  , in 1 y-bins
ToyMCSamplerOpt.cc[146] : (in function: generateAsimov) - Using internal logic for binned/unbinned Asimov dataset generation
ToyMCSamplerOpt.cc[214] : (in function: generateWithHisto) - Generating asimov with histogram for pdf pdf_binpass_HIGH_obsOnly: in 7 x-bins
ToyMCSamplerOpt.cc[215] : (in function: generateWithHisto) -  , in 1 y-bins
AsymptoticLimits.cc[428] : (in function: runLimitExpected) - Median for expected limits = 1.89844, Sigma for expected limits = 0.968608
AsymptoticLimits.cc[191] : (in function: runLimit) - NLL at global minimum of data = -11593.7 (r=9.84696e-07)
AsymptoticLimits.cc[211] : (in function: runLimit) - NLL at global minimum of asimov = -11593.5 (r=9.52456e-09)
AsymptoticLimits.cc[337] : (in function: getCLs) - At r = 1.200001:	q_mu = 2.00965	q_A  = 2.46565	Pmu = 0.07815	1-Pb  = 0.56065	CLs  = 0.13939
AsymptoticLimits.cc[337] : (in function: getCLs) - At r = 2.400002:	q_mu = 3.85953	q_A  = 4.76992	Pmu = 0.02473	1-Pb  = 0.58685	CLs  = 0.04214
AsymptoticLimits.cc[337] : (in function: getCLs) - At r = 1.200001:	q_mu = 2.00966	q_A  = 2.46566	Pmu = 0.07815	1-Pb  = 0.56065	CLs  = 0.13939
AsymptoticLimits.cc[337] : (in function: getCLs) - At r = 2.022820:	q_mu = 3.26315	q_A  = 4.07344	Pmu = 0.03543	1-Pb  = 0.58389	CLs  = 0.06067
AsymptoticLimits.cc[337] : (in function: getCLs) - At r = 2.183026:	q_mu = 3.51704	q_A  = 4.37274	Pmu = 0.03037	1-Pb  = 0.58540	CLs  = 0.05188
AsymptoticLimits.cc[337] : (in function: getCLs) - At r = 2.257242:	q_mu = 3.63439	q_A  = 4.50969	Pmu = 0.02830	1-Pb  = 0.58597	CLs  = 0.04829
AsymptoticLimits.cc[337] : (in function: getCLs) - At r = 2.213614:	q_mu = 3.56539	q_A  = 4.42933	Pmu = 0.02950	1-Pb  = 0.58565	CLs  = 0.05037
AsymptoticLimits.cc[337] : (in function: getCLs) - At r = 2.228421:	q_mu = 3.58881	q_A  = 4.45663	Pmu = 0.02908	1-Pb  = 0.58576	CLs  = 0.04965
AsymptoticLimits.cc[337] : (in function: getCLs) - At r = 2.219688:	q_mu = 3.57500	q_A  = 4.44053	Pmu = 0.02933	1-Pb  = 0.58570	CLs  = 0.05007
AsymptoticLimits.cc[337] : (in function: getCLs) - At r = 2.222648:	q_mu = 3.57968	q_A  = 4.44599	Pmu = 0.02925	1-Pb  = 0.58572	CLs  = 0.04993
AsymptoticLimits.cc[337] : (in function: getCLs) - At r = 2.220902:	q_mu = 3.57692	q_A  = 4.44277	Pmu = 0.02929	1-Pb  = 0.58571	CLs  = 0.05001
AsymptoticLimits.cc[337] : (in function: getCLs) - At r = 2.221494:	q_mu = 3.57785	q_A  = 4.44386	Pmu = 0.02928	1-Pb  = 0.58571	CLs  = 0.04999
AsymptoticLimits.cc[337] : (in function: getCLs) - At r = 2.221145:	q_mu = 3.57730	q_A  = 4.44322	Pmu = 0.02929	1-Pb  = 0.58571	CLs  = 0.05000
AsymptoticLimits.cc[337] : (in function: getCLs) - At r = 2.221263:	q_mu = 3.57749	q_A  = 4.44343	Pmu = 0.02928	1-Pb  = 0.58571	CLs  = 0.05000
AsymptoticLimits.cc[337] : (in function: getCLs) - At r = 2.221193:	q_mu = 3.57738	q_A  = 4.44331	Pmu = 0.02929	1-Pb  = 0.58571	CLs  = 0.05000
AsymptoticLimits.cc[337] : (in function: getCLs) - At r = 2.221217:	q_mu = 3.57741	q_A  = 4.44335	Pmu = 0.02929	1-Pb  = 0.58571	CLs  = 0.05000
AsymptoticLimits.cc[337] : (in function: getCLs) - At r = 2.221203:	q_mu = 3.57739	q_A  = 4.44332	Pmu = 0.02929	1-Pb  = 0.58571	CLs  = 0.05000
AsymptoticLimits.cc[337] : (in function: getCLs) - At r = 2.221208:	q_mu = 3.57740	q_A  = 4.44333	Pmu = 0.02929	1-Pb  = 0.58571	CLs  = 0.05000
