CascadeMinimizer.cc[188] : (in function: improveOnce) - Minimization configured with Type=Minuit2, Algo=Migrad, strategy=0, tolerance=0.1
CascadeMinimizer.cc[215] : (in function: improveOnce) - Minimization finished with status=0
CascadeMinimizer.cc[219] : (in function: improveOnce) - Minimization success! status=0
ToyMCSamplerOpt.cc[146] : (in function: generateAsimov) - Using internal logic for binned/unbinned Asimov dataset generation
ToyMCSamplerOpt.cc[214] : (in function: generateWithHisto) - Generating asimov with histogram for pdf pdf_binfail_LOW_obsOnly: in 4 x-bins
ToyMCSamplerOpt.cc[215] : (in function: generateWithHisto) -  , in 1 y-bins
ToyMCSamplerOpt.cc[146] : (in function: generateAsimov) - Using internal logic for binned/unbinned Asimov dataset generation
ToyMCSamplerOpt.cc[214] : (in function: generateWithHisto) - Generating asimov with histogram for pdf pdf_binfail_SIG_obsOnly: in 3 x-bins
ToyMCSamplerOpt.cc[215] : (in function: generateWithHisto) -  , in 1 y-bins
ToyMCSamplerOpt.cc[146] : (in function: generateAsimov) - Using internal logic for binned/unbinned Asimov dataset generation
ToyMCSamplerOpt.cc[214] : (in function: generateWithHisto) - Generating asimov with histogram for pdf pdf_binfail_HIGH_obsOnly: in 7 x-bins
ToyMCSamplerOpt.cc[215] : (in function: generateWithHisto) -  , in 1 y-bins
ToyMCSamplerOpt.cc[146] : (in function: generateAsimov) - Using internal logic for binned/unbinned Asimov dataset generation
ToyMCSamplerOpt.cc[214] : (in function: generateWithHisto) - Generating asimov with histogram for pdf pdf_binpass_LOW_obsOnly: in 4 x-bins
ToyMCSamplerOpt.cc[215] : (in function: generateWithHisto) -  , in 1 y-bins
ToyMCSamplerOpt.cc[146] : (in function: generateAsimov) - Using internal logic for binned/unbinned Asimov dataset generation
ToyMCSamplerOpt.cc[214] : (in function: generateWithHisto) - Generating asimov with histogram for pdf pdf_binpass_SIG_obsOnly: in 3 x-bins
ToyMCSamplerOpt.cc[215] : (in function: generateWithHisto) -  , in 1 y-bins
ToyMCSamplerOpt.cc[146] : (in function: generateAsimov) - Using internal logic for binned/unbinned Asimov dataset generation
ToyMCSamplerOpt.cc[214] : (in function: generateWithHisto) - Generating asimov with histogram for pdf pdf_binpass_HIGH_obsOnly: in 7 x-bins
ToyMCSamplerOpt.cc[215] : (in function: generateWithHisto) -  , in 1 y-bins
AsymptoticLimits.cc[428] : (in function: runLimitExpected) - Median for expected limits = 3.01562, Sigma for expected limits = 1.53861
AsymptoticLimits.cc[191] : (in function: runLimit) - NLL at global minimum of data = -11145 (r=3.01225)
AsymptoticLimits.cc[211] : (in function: runLimit) - NLL at global minimum of asimov = -11142.7 (r=0.0102521)
AsymptoticLimits.cc[337] : (in function: getCLs) - At r = 7.776434:	q_mu = 3.50605	q_A  = 11.87130	Pmu = 0.03057	1-Pb  = 0.94214	CLs  = 0.03245
AsymptoticLimits.cc[337] : (in function: getCLs) - At r = 5.394341:	q_mu = 1.23712	q_A  = 7.92657	Pmu = 0.13301	1-Pb  = 0.95573	CLs  = 0.13917
AsymptoticLimits.cc[337] : (in function: getCLs) - At r = 6.734181:	q_mu = 2.45827	q_A  = 10.17437	Pmu = 0.05845	1-Pb  = 0.94758	CLs  = 0.06169
AsymptoticLimits.cc[337] : (in function: getCLs) - At r = 7.215279:	q_mu = 2.93444	q_A  = 10.96378	Pmu = 0.04335	1-Pb  = 0.94499	CLs  = 0.04588
AsymptoticLimits.cc[337] : (in function: getCLs) - At r = 7.007218:	q_mu = 2.72663	q_A  = 10.62353	Pmu = 0.04934	1-Pb  = 0.94610	CLs  = 0.05215
AsymptoticLimits.cc[337] : (in function: getCLs) - At r = 7.103598:	q_mu = 2.82251	q_A  = 10.78128	Pmu = 0.04648	1-Pb  = 0.94558	CLs  = 0.04915
AsymptoticLimits.cc[337] : (in function: getCLs) - At r = 7.062043:	q_mu = 2.78112	q_A  = 10.71332	Pmu = 0.04769	1-Pb  = 0.94580	CLs  = 0.05042
AsymptoticLimits.cc[337] : (in function: getCLs) - At r = 7.081317:	q_mu = 2.80029	q_A  = 10.74483	Pmu = 0.04712	1-Pb  = 0.94570	CLs  = 0.04983
AsymptoticLimits.cc[337] : (in function: getCLs) - At r = 7.073017:	q_mu = 2.79202	q_A  = 10.73126	Pmu = 0.04737	1-Pb  = 0.94574	CLs  = 0.05008
AsymptoticLimits.cc[337] : (in function: getCLs) - At r = 7.076878:	q_mu = 2.79586	q_A  = 10.73757	Pmu = 0.04725	1-Pb  = 0.94572	CLs  = 0.04997
AsymptoticLimits.cc[337] : (in function: getCLs) - At r = 7.075218:	q_mu = 2.79421	q_A  = 10.73486	Pmu = 0.04730	1-Pb  = 0.94573	CLs  = 0.05002
AsymptoticLimits.cc[337] : (in function: getCLs) - At r = 7.075991:	q_mu = 2.79498	q_A  = 10.73612	Pmu = 0.04728	1-Pb  = 0.94573	CLs  = 0.04999
AsymptoticLimits.cc[337] : (in function: getCLs) - At r = 7.075660:	q_mu = 2.79465	q_A  = 10.73558	Pmu = 0.04729	1-Pb  = 0.94573	CLs  = 0.05000
AsymptoticLimits.cc[337] : (in function: getCLs) - At r = 7.075814:	q_mu = 2.79499	q_A  = 10.73583	Pmu = 0.04728	1-Pb  = 0.94572	CLs  = 0.04999
AsymptoticLimits.cc[337] : (in function: getCLs) - At r = 7.075731:	q_mu = 2.79478	q_A  = 10.73569	Pmu = 0.04729	1-Pb  = 0.94573	CLs  = 0.05000
AsymptoticLimits.cc[337] : (in function: getCLs) - At r = 7.075708:	q_mu = 2.79472	q_A  = 10.73566	Pmu = 0.04729	1-Pb  = 0.94573	CLs  = 0.05000
AsymptoticLimits.cc[337] : (in function: getCLs) - At r = 7.075720:	q_mu = 2.79472	q_A  = 10.73568	Pmu = 0.04729	1-Pb  = 0.94573	CLs  = 0.05000
