CascadeMinimizer.cc[188] : (in function: improveOnce) - Minimization configured with Type=Minuit2, Algo=Migrad, strategy=0, tolerance=0.1
CascadeMinimizer.cc[215] : (in function: improveOnce) - Minimization finished with status=0
CascadeMinimizer.cc[219] : (in function: improveOnce) - Minimization success! status=0
ToyMCSamplerOpt.cc[146] : (in function: generateAsimov) - Using internal logic for binned/unbinned Asimov dataset generation
ToyMCSamplerOpt.cc[214] : (in function: generateWithHisto) - Generating asimov with histogram for pdf pdf_binfail_LOW_obsOnly: in 4 x-bins
ToyMCSamplerOpt.cc[215] : (in function: generateWithHisto) -  , in 1 y-bins
ToyMCSamplerOpt.cc[146] : (in function: generateAsimov) - Using internal logic for binned/unbinned Asimov dataset generation
ToyMCSamplerOpt.cc[214] : (in function: generateWithHisto) - Generating asimov with histogram for pdf pdf_binfail_SIG_obsOnly: in 3 x-bins
ToyMCSamplerOpt.cc[215] : (in function: generateWithHisto) -  , in 1 y-bins
ToyMCSamplerOpt.cc[146] : (in function: generateAsimov) - Using internal logic for binned/unbinned Asimov dataset generation
ToyMCSamplerOpt.cc[214] : (in function: generateWithHisto) - Generating asimov with histogram for pdf pdf_binfail_HIGH_obsOnly: in 7 x-bins
ToyMCSamplerOpt.cc[215] : (in function: generateWithHisto) -  , in 1 y-bins
ToyMCSamplerOpt.cc[146] : (in function: generateAsimov) - Using internal logic for binned/unbinned Asimov dataset generation
ToyMCSamplerOpt.cc[214] : (in function: generateWithHisto) - Generating asimov with histogram for pdf pdf_binpass_LOW_obsOnly: in 4 x-bins
ToyMCSamplerOpt.cc[215] : (in function: generateWithHisto) -  , in 1 y-bins
ToyMCSamplerOpt.cc[146] : (in function: generateAsimov) - Using internal logic for binned/unbinned Asimov dataset generation
ToyMCSamplerOpt.cc[214] : (in function: generateWithHisto) - Generating asimov with histogram for pdf pdf_binpass_SIG_obsOnly: in 3 x-bins
ToyMCSamplerOpt.cc[215] : (in function: generateWithHisto) -  , in 1 y-bins
ToyMCSamplerOpt.cc[146] : (in function: generateAsimov) - Using internal logic for binned/unbinned Asimov dataset generation
ToyMCSamplerOpt.cc[214] : (in function: generateWithHisto) - Generating asimov with histogram for pdf pdf_binpass_HIGH_obsOnly: in 7 x-bins
ToyMCSamplerOpt.cc[215] : (in function: generateWithHisto) -  , in 1 y-bins
AsymptoticLimits.cc[428] : (in function: runLimitExpected) - Median for expected limits = 2.10938, Sigma for expected limits = 1.07623
AsymptoticLimits.cc[191] : (in function: runLimit) - NLL at global minimum of data = -11588.1 (r=15.4228)
AsymptoticLimits.cc[211] : (in function: runLimit) - NLL at global minimum of asimov = -11593.9 (r=0.000625683)
AsymptoticLimits.cc[337] : (in function: getCLs) - At r = 31.797432:	q_mu = 7.76188	q_A  = 26.97767	Pmu = 0.00267	1-Pb  = 0.99198	CLs  = 0.00269
AsymptoticLimits.cc[337] : (in function: getCLs) - At r = 23.610117:	q_mu = 3.99059	q_A  = 23.06347	Pmu = 0.02288	1-Pb  = 0.99748	CLs  = 0.02294
AsymptoticLimits.cc[337] : (in function: getCLs) - At r = 19.516460:	q_mu = 1.77621	q_A  = 20.74902	Pmu = 0.09131	1-Pb  = 0.99936	CLs  = 0.09137
AsymptoticLimits.cc[337] : (in function: getCLs) - At r = 21.763558:	q_mu = 3.02479	q_A  = 22.05583	Pmu = 0.04100	1-Pb  = 0.99845	CLs  = 0.04106
AsymptoticLimits.cc[337] : (in function: getCLs) - At r = 20.871571:	q_mu = 2.53943	q_A  = 21.54838	Pmu = 0.05552	1-Pb  = 0.99885	CLs  = 0.05558
AsymptoticLimits.cc[337] : (in function: getCLs) - At r = 21.299436:	q_mu = 2.77377	q_A  = 21.79341	Pmu = 0.04791	1-Pb  = 0.99866	CLs  = 0.04797
AsymptoticLimits.cc[337] : (in function: getCLs) - At r = 21.117683:	q_mu = 2.67454	q_A  = 21.68968	Pmu = 0.05098	1-Pb  = 0.99874	CLs  = 0.05105
AsymptoticLimits.cc[337] : (in function: getCLs) - At r = 21.202561:	q_mu = 2.72093	q_A  = 21.73821	Pmu = 0.04952	1-Pb  = 0.99871	CLs  = 0.04958
AsymptoticLimits.cc[337] : (in function: getCLs) - At r = 21.166078:	q_mu = 2.70100	q_A  = 21.71737	Pmu = 0.05014	1-Pb  = 0.99872	CLs  = 0.05021
AsymptoticLimits.cc[337] : (in function: getCLs) - At r = 21.183029:	q_mu = 2.71026	q_A  = 21.72705	Pmu = 0.04985	1-Pb  = 0.99871	CLs  = 0.04992
AsymptoticLimits.cc[337] : (in function: getCLs) - At r = 21.175730:	q_mu = 2.70627	q_A  = 21.72288	Pmu = 0.04998	1-Pb  = 0.99872	CLs  = 0.05004
AsymptoticLimits.cc[337] : (in function: getCLs) - At r = 21.179119:	q_mu = 2.70812	q_A  = 21.72482	Pmu = 0.04992	1-Pb  = 0.99872	CLs  = 0.04998
AsymptoticLimits.cc[337] : (in function: getCLs) - At r = 21.177659:	q_mu = 2.70733	q_A  = 21.72398	Pmu = 0.04994	1-Pb  = 0.99872	CLs  = 0.05001
AsymptoticLimits.cc[337] : (in function: getCLs) - At r = 21.178337:	q_mu = 2.70770	q_A  = 21.72437	Pmu = 0.04993	1-Pb  = 0.99872	CLs  = 0.05000
AsymptoticLimits.cc[337] : (in function: getCLs) - At r = 21.178045:	q_mu = 2.70754	q_A  = 21.72420	Pmu = 0.04994	1-Pb  = 0.99872	CLs  = 0.05000
AsymptoticLimits.cc[337] : (in function: getCLs) - At r = 21.178180:	q_mu = 2.70761	q_A  = 21.72428	Pmu = 0.04994	1-Pb  = 0.99872	CLs  = 0.05000
AsymptoticLimits.cc[337] : (in function: getCLs) - At r = 21.178122:	q_mu = 2.70758	q_A  = 21.72425	Pmu = 0.04994	1-Pb  = 0.99872	CLs  = 0.05000
