CascadeMinimizer.cc[188] : (in function: improveOnce) - Minimization configured with Type=Minuit2, Algo=Migrad, strategy=0, tolerance=0.1
CascadeMinimizer.cc[215] : (in function: improveOnce) - Minimization finished with status=0
CascadeMinimizer.cc[219] : (in function: improveOnce) - Minimization success! status=0
ToyMCSamplerOpt.cc[146] : (in function: generateAsimov) - Using internal logic for binned/unbinned Asimov dataset generation
ToyMCSamplerOpt.cc[214] : (in function: generateWithHisto) - Generating asimov with histogram for pdf pdf_binfail_LOW_obsOnly: in 4 x-bins
ToyMCSamplerOpt.cc[215] : (in function: generateWithHisto) -  , in 1 y-bins
ToyMCSamplerOpt.cc[146] : (in function: generateAsimov) - Using internal logic for binned/unbinned Asimov dataset generation
ToyMCSamplerOpt.cc[214] : (in function: generateWithHisto) - Generating asimov with histogram for pdf pdf_binfail_SIG_obsOnly: in 3 x-bins
ToyMCSamplerOpt.cc[215] : (in function: generateWithHisto) -  , in 1 y-bins
ToyMCSamplerOpt.cc[146] : (in function: generateAsimov) - Using internal logic for binned/unbinned Asimov dataset generation
ToyMCSamplerOpt.cc[214] : (in function: generateWithHisto) - Generating asimov with histogram for pdf pdf_binfail_HIGH_obsOnly: in 7 x-bins
ToyMCSamplerOpt.cc[215] : (in function: generateWithHisto) -  , in 1 y-bins
ToyMCSamplerOpt.cc[146] : (in function: generateAsimov) - Using internal logic for binned/unbinned Asimov dataset generation
ToyMCSamplerOpt.cc[214] : (in function: generateWithHisto) - Generating asimov with histogram for pdf pdf_binpass_LOW_obsOnly: in 4 x-bins
ToyMCSamplerOpt.cc[215] : (in function: generateWithHisto) -  , in 1 y-bins
ToyMCSamplerOpt.cc[146] : (in function: generateAsimov) - Using internal logic for binned/unbinned Asimov dataset generation
ToyMCSamplerOpt.cc[214] : (in function: generateWithHisto) - Generating asimov with histogram for pdf pdf_binpass_SIG_obsOnly: in 3 x-bins
ToyMCSamplerOpt.cc[215] : (in function: generateWithHisto) -  , in 1 y-bins
ToyMCSamplerOpt.cc[146] : (in function: generateAsimov) - Using internal logic for binned/unbinned Asimov dataset generation
ToyMCSamplerOpt.cc[214] : (in function: generateWithHisto) - Generating asimov with histogram for pdf pdf_binpass_HIGH_obsOnly: in 7 x-bins
ToyMCSamplerOpt.cc[215] : (in function: generateWithHisto) -  , in 1 y-bins
AsymptoticLimits.cc[428] : (in function: runLimitExpected) - Median for expected limits = 0.785156, Sigma for expected limits = 0.400597
AsymptoticLimits.cc[191] : (in function: runLimit) - NLL at global minimum of data = -11140.4 (r=1.55105e-06)
AsymptoticLimits.cc[211] : (in function: runLimit) - NLL at global minimum of asimov = -11139.8 (r=1.49e-09)
AsymptoticLimits.cc[337] : (in function: getCLs) - At r = 1.200002:	q_mu = 8.36671	q_A  = 5.75341	Pmu = 0.00162	1-Pb  = 0.29296	CLs  = 0.00554
AsymptoticLimits.cc[337] : (in function: getCLs) - At r = 0.600002:	q_mu = 4.86580	q_A  = 2.90179	Pmu = 0.01131	1-Pb  = 0.28215	CLs  = 0.04007
AsymptoticLimits.cc[337] : (in function: getCLs) - At r = 0.300002:	q_mu = 2.69347	q_A  = 1.31064	Pmu = 0.04016	1-Pb  = 0.27294	CLs  = 0.14716
AsymptoticLimits.cc[337] : (in function: getCLs) - At r = 0.499156:	q_mu = 4.17742	q_A  = 2.37552	Pmu = 0.01676	1-Pb  = 0.27943	CLs  = 0.05998
AsymptoticLimits.cc[337] : (in function: getCLs) - At r = 0.555717:	q_mu = 4.56808	q_A  = 2.67217	Pmu = 0.01339	1-Pb  = 0.28099	CLs  = 0.04767
AsymptoticLimits.cc[337] : (in function: getCLs) - At r = 0.534998:	q_mu = 4.42643	q_A  = 2.56391	Pmu = 0.01452	1-Pb  = 0.28042	CLs  = 0.05180
AsymptoticLimits.cc[337] : (in function: getCLs) - At r = 0.546186:	q_mu = 4.50309	q_A  = 2.62241	Pmu = 0.01390	1-Pb  = 0.28073	CLs  = 0.04952
AsymptoticLimits.cc[337] : (in function: getCLs) - At r = 0.542022:	q_mu = 4.47458	q_A  = 2.60065	Pmu = 0.01413	1-Pb  = 0.28062	CLs  = 0.05035
AsymptoticLimits.cc[337] : (in function: getCLs) - At r = 0.544256:	q_mu = 4.48996	q_A  = 2.61235	Pmu = 0.01401	1-Pb  = 0.28067	CLs  = 0.04990
AsymptoticLimits.cc[337] : (in function: getCLs) - At r = 0.543417:	q_mu = 4.48415	q_A  = 2.60795	Pmu = 0.01405	1-Pb  = 0.28065	CLs  = 0.05007
AsymptoticLimits.cc[337] : (in function: getCLs) - At r = 0.543866:	q_mu = 4.48721	q_A  = 2.61029	Pmu = 0.01403	1-Pb  = 0.28067	CLs  = 0.04998
AsymptoticLimits.cc[337] : (in function: getCLs) - At r = 0.543702:	q_mu = 4.48608	q_A  = 2.60943	Pmu = 0.01404	1-Pb  = 0.28066	CLs  = 0.05001
AsymptoticLimits.cc[337] : (in function: getCLs) - At r = 0.543792:	q_mu = 4.48669	q_A  = 2.60990	Pmu = 0.01403	1-Pb  = 0.28067	CLs  = 0.05000
AsymptoticLimits.cc[337] : (in function: getCLs) - At r = 0.543759:	q_mu = 4.48655	q_A  = 2.60973	Pmu = 0.01403	1-Pb  = 0.28066	CLs  = 0.05000
AsymptoticLimits.cc[337] : (in function: getCLs) - At r = 0.543773:	q_mu = 4.48658	q_A  = 2.60982	Pmu = 0.01403	1-Pb  = 0.28067	CLs  = 0.05000
AsymptoticLimits.cc[337] : (in function: getCLs) - At r = 0.543767:	q_mu = 4.48653	q_A  = 2.60978	Pmu = 0.01403	1-Pb  = 0.28067	CLs  = 0.05000
AsymptoticLimits.cc[337] : (in function: getCLs) - At r = 0.543770:	q_mu = 4.48655	q_A  = 2.60979	Pmu = 0.01403	1-Pb  = 0.28067	CLs  = 0.05000
