CascadeMinimizer.cc[188] : (in function: improveOnce) - Minimization configured with Type=Minuit2, Algo=Migrad, strategy=0, tolerance=0.1
CascadeMinimizer.cc[215] : (in function: improveOnce) - Minimization finished with status=0
CascadeMinimizer.cc[219] : (in function: improveOnce) - Minimization success! status=0
ToyMCSamplerOpt.cc[146] : (in function: generateAsimov) - Using internal logic for binned/unbinned Asimov dataset generation
ToyMCSamplerOpt.cc[214] : (in function: generateWithHisto) - Generating asimov with histogram for pdf pdf_binfail_LOW_obsOnly: in 4 x-bins
ToyMCSamplerOpt.cc[215] : (in function: generateWithHisto) -  , in 1 y-bins
ToyMCSamplerOpt.cc[146] : (in function: generateAsimov) - Using internal logic for binned/unbinned Asimov dataset generation
ToyMCSamplerOpt.cc[214] : (in function: generateWithHisto) - Generating asimov with histogram for pdf pdf_binfail_SIG_obsOnly: in 3 x-bins
ToyMCSamplerOpt.cc[215] : (in function: generateWithHisto) -  , in 1 y-bins
ToyMCSamplerOpt.cc[146] : (in function: generateAsimov) - Using internal logic for binned/unbinned Asimov dataset generation
ToyMCSamplerOpt.cc[214] : (in function: generateWithHisto) - Generating asimov with histogram for pdf pdf_binfail_HIGH_obsOnly: in 7 x-bins
ToyMCSamplerOpt.cc[215] : (in function: generateWithHisto) -  , in 1 y-bins
ToyMCSamplerOpt.cc[146] : (in function: generateAsimov) - Using internal logic for binned/unbinned Asimov dataset generation
ToyMCSamplerOpt.cc[214] : (in function: generateWithHisto) - Generating asimov with histogram for pdf pdf_binpass_LOW_obsOnly: in 4 x-bins
ToyMCSamplerOpt.cc[215] : (in function: generateWithHisto) -  , in 1 y-bins
ToyMCSamplerOpt.cc[146] : (in function: generateAsimov) - Using internal logic for binned/unbinned Asimov dataset generation
ToyMCSamplerOpt.cc[214] : (in function: generateWithHisto) - Generating asimov with histogram for pdf pdf_binpass_SIG_obsOnly: in 3 x-bins
ToyMCSamplerOpt.cc[215] : (in function: generateWithHisto) -  , in 1 y-bins
ToyMCSamplerOpt.cc[146] : (in function: generateAsimov) - Using internal logic for binned/unbinned Asimov dataset generation
ToyMCSamplerOpt.cc[214] : (in function: generateWithHisto) - Generating asimov with histogram for pdf pdf_binpass_HIGH_obsOnly: in 7 x-bins
ToyMCSamplerOpt.cc[215] : (in function: generateWithHisto) -  , in 1 y-bins
AsymptoticLimits.cc[428] : (in function: runLimitExpected) - Median for expected limits = 1.1875, Sigma for expected limits = 0.605879
AsymptoticLimits.cc[191] : (in function: runLimit) - NLL at global minimum of data = -11135.8 (r=3.11792e-07)
AsymptoticLimits.cc[211] : (in function: runLimit) - NLL at global minimum of asimov = -11135.3 (r=1.88219e-08)
AsymptoticLimits.cc[337] : (in function: getCLs) - At r = 1.200000:	q_mu = 5.32250	q_A  = 3.88326	Pmu = 0.00975	1-Pb  = 0.35749	CLs  = 0.02728
AsymptoticLimits.cc[337] : (in function: getCLs) - At r = 0.600000:	q_mu = 3.06929	q_A  = 1.95732	Pmu = 0.03621	1-Pb  = 0.34554	CLs  = 0.10480
AsymptoticLimits.cc[337] : (in function: getCLs) - At r = 0.863905:	q_mu = 4.12633	q_A  = 2.84316	Pmu = 0.01938	1-Pb  = 0.35179	CLs  = 0.05510
AsymptoticLimits.cc[337] : (in function: getCLs) - At r = 0.968255:	q_mu = 4.51351	q_A  = 3.17624	Pmu = 0.01549	1-Pb  = 0.35377	CLs  = 0.04378
AsymptoticLimits.cc[337] : (in function: getCLs) - At r = 0.920028:	q_mu = 4.33657	q_A  = 3.02347	Pmu = 0.01716	1-Pb  = 0.35287	CLs  = 0.04862
AsymptoticLimits.cc[337] : (in function: getCLs) - At r = 0.898741:	q_mu = 4.25734	q_A  = 2.95540	Pmu = 0.01796	1-Pb  = 0.35247	CLs  = 0.05096
AsymptoticLimits.cc[337] : (in function: getCLs) - At r = 0.909880:	q_mu = 4.29892	q_A  = 2.99106	Pmu = 0.01753	1-Pb  = 0.35267	CLs  = 0.04972
AsymptoticLimits.cc[337] : (in function: getCLs) - At r = 0.905601:	q_mu = 4.28292	q_A  = 2.97737	Pmu = 0.01770	1-Pb  = 0.35260	CLs  = 0.05019
AsymptoticLimits.cc[337] : (in function: getCLs) - At r = 0.907830:	q_mu = 4.29121	q_A  = 2.98450	Pmu = 0.01761	1-Pb  = 0.35264	CLs  = 0.04994
AsymptoticLimits.cc[337] : (in function: getCLs) - At r = 0.906980:	q_mu = 4.28804	q_A  = 2.98181	Pmu = 0.01764	1-Pb  = 0.35263	CLs  = 0.05004
AsymptoticLimits.cc[337] : (in function: getCLs) - At r = 0.907425:	q_mu = 4.28978	q_A  = 2.98321	Pmu = 0.01763	1-Pb  = 0.35263	CLs  = 0.04999
AsymptoticLimits.cc[337] : (in function: getCLs) - At r = 0.907246:	q_mu = 4.28905	q_A  = 2.98263	Pmu = 0.01763	1-Pb  = 0.35263	CLs  = 0.05001
AsymptoticLimits.cc[337] : (in function: getCLs) - At r = 0.907339:	q_mu = 4.28938	q_A  = 2.98293	Pmu = 0.01763	1-Pb  = 0.35263	CLs  = 0.05000
AsymptoticLimits.cc[337] : (in function: getCLs) - At r = 0.907309:	q_mu = 4.28926	q_A  = 2.98283	Pmu = 0.01763	1-Pb  = 0.35263	CLs  = 0.05000
AsymptoticLimits.cc[337] : (in function: getCLs) - At r = 0.907322:	q_mu = 4.28931	q_A  = 2.98290	Pmu = 0.01763	1-Pb  = 0.35264	CLs  = 0.05000
AsymptoticLimits.cc[337] : (in function: getCLs) - At r = 0.907327:	q_mu = 4.28941	q_A  = 2.98289	Pmu = 0.01763	1-Pb  = 0.35263	CLs  = 0.05000
AsymptoticLimits.cc[337] : (in function: getCLs) - At r = 0.907323:	q_mu = 4.28933	q_A  = 2.98288	Pmu = 0.01763	1-Pb  = 0.35263	CLs  = 0.05000
