CascadeMinimizer.cc[188] : (in function: improveOnce) - Minimization configured with Type=Minuit2, Algo=Migrad, strategy=0, tolerance=0.1
CascadeMinimizer.cc[215] : (in function: improveOnce) - Minimization finished with status=0
CascadeMinimizer.cc[219] : (in function: improveOnce) - Minimization success! status=0
ToyMCSamplerOpt.cc[146] : (in function: generateAsimov) - Using internal logic for binned/unbinned Asimov dataset generation
ToyMCSamplerOpt.cc[214] : (in function: generateWithHisto) - Generating asimov with histogram for pdf pdf_binfail_LOW_obsOnly: in 4 x-bins
ToyMCSamplerOpt.cc[215] : (in function: generateWithHisto) -  , in 1 y-bins
ToyMCSamplerOpt.cc[146] : (in function: generateAsimov) - Using internal logic for binned/unbinned Asimov dataset generation
ToyMCSamplerOpt.cc[214] : (in function: generateWithHisto) - Generating asimov with histogram for pdf pdf_binfail_SIG_obsOnly: in 3 x-bins
ToyMCSamplerOpt.cc[215] : (in function: generateWithHisto) -  , in 1 y-bins
ToyMCSamplerOpt.cc[146] : (in function: generateAsimov) - Using internal logic for binned/unbinned Asimov dataset generation
ToyMCSamplerOpt.cc[214] : (in function: generateWithHisto) - Generating asimov with histogram for pdf pdf_binfail_HIGH_obsOnly: in 7 x-bins
ToyMCSamplerOpt.cc[215] : (in function: generateWithHisto) -  , in 1 y-bins
ToyMCSamplerOpt.cc[146] : (in function: generateAsimov) - Using internal logic for binned/unbinned Asimov dataset generation
ToyMCSamplerOpt.cc[214] : (in function: generateWithHisto) - Generating asimov with histogram for pdf pdf_binpass_LOW_obsOnly: in 4 x-bins
ToyMCSamplerOpt.cc[215] : (in function: generateWithHisto) -  , in 1 y-bins
ToyMCSamplerOpt.cc[146] : (in function: generateAsimov) - Using internal logic for binned/unbinned Asimov dataset generation
ToyMCSamplerOpt.cc[214] : (in function: generateWithHisto) - Generating asimov with histogram for pdf pdf_binpass_SIG_obsOnly: in 3 x-bins
ToyMCSamplerOpt.cc[215] : (in function: generateWithHisto) -  , in 1 y-bins
ToyMCSamplerOpt.cc[146] : (in function: generateAsimov) - Using internal logic for binned/unbinned Asimov dataset generation
ToyMCSamplerOpt.cc[214] : (in function: generateWithHisto) - Generating asimov with histogram for pdf pdf_binpass_HIGH_obsOnly: in 7 x-bins
ToyMCSamplerOpt.cc[215] : (in function: generateWithHisto) -  , in 1 y-bins
AsymptoticLimits.cc[428] : (in function: runLimitExpected) - Median for expected limits = 5.20312, Sigma for expected limits = 2.6547
AsymptoticLimits.cc[191] : (in function: runLimit) - NLL at global minimum of data = -11593.2 (r=8.67839e-07)
AsymptoticLimits.cc[211] : (in function: runLimit) - NLL at global minimum of asimov = -11593 (r=0.00140273)
AsymptoticLimits.cc[337] : (in function: getCLs) - At r = 1.242477:	q_mu = 1.94434	q_A  = 0.55116	Pmu = 0.04641	1-Pb  = 0.17405	CLs  = 0.26666
AsymptoticLimits.cc[337] : (in function: getCLs) - At r = 2.484955:	q_mu = 3.31001	q_A  = 2.65947	Pmu = 0.03361	1-Pb  = 0.42095	CLs  = 0.07984
AsymptoticLimits.cc[337] : (in function: getCLs) - At r = 4.969910:	q_mu = 5.55906	q_A  = 3.65540	Pmu = 0.00798	1-Pb  = 0.30930	CLs  = 0.02581
AsymptoticLimits.cc[337] : (in function: getCLs) - At r = 2.484955:	q_mu = 3.30995	q_A  = 1.55453	Pmu = 0.02554	1-Pb  = 0.24073	CLs  = 0.10610
AsymptoticLimits.cc[337] : (in function: getCLs) - At r = 3.542895:	q_mu = 4.30068	q_A  = 2.46349	Pmu = 0.01559	1-Pb  = 0.27919	CLs  = 0.05583
AsymptoticLimits.cc[337] : (in function: getCLs) - At r = 3.991560:	q_mu = 4.70784	q_A  = 2.84455	Pmu = 0.01258	1-Pb  = 0.29034	CLs  = 0.04333
AsymptoticLimits.cc[337] : (in function: getCLs) - At r = 3.788805:	q_mu = 4.52370	q_A  = 2.67295	Pmu = 0.01387	1-Pb  = 0.28569	CLs  = 0.04855
AsymptoticLimits.cc[337] : (in function: getCLs) - At r = 3.698232:	q_mu = 4.44171	q_A  = 2.59595	Pmu = 0.01448	1-Pb  = 0.28339	CLs  = 0.05110
AsymptoticLimits.cc[337] : (in function: getCLs) - At r = 3.747173:	q_mu = 4.48599	q_A  = 2.63753	Pmu = 0.01415	1-Pb  = 0.28465	CLs  = 0.04971
AsymptoticLimits.cc[337] : (in function: getCLs) - At r = 3.729046:	q_mu = 4.46955	q_A  = 2.62208	Pmu = 0.01427	1-Pb  = 0.28418	CLs  = 0.05022
AsymptoticLimits.cc[337] : (in function: getCLs) - At r = 3.738849:	q_mu = 4.47843	q_A  = 2.63041	Pmu = 0.01420	1-Pb  = 0.28443	CLs  = 0.04994
AsymptoticLimits.cc[337] : (in function: getCLs) - At r = 3.735234:	q_mu = 4.47516	q_A  = 2.62733	Pmu = 0.01423	1-Pb  = 0.28434	CLs  = 0.05004
AsymptoticLimits.cc[337] : (in function: getCLs) - At r = 3.737194:	q_mu = 4.47693	q_A  = 2.62900	Pmu = 0.01422	1-Pb  = 0.28439	CLs  = 0.04999
AsymptoticLimits.cc[337] : (in function: getCLs) - At r = 3.736472:	q_mu = 4.47628	q_A  = 2.62838	Pmu = 0.01422	1-Pb  = 0.28437	CLs  = 0.05001
AsymptoticLimits.cc[337] : (in function: getCLs) - At r = 3.736865:	q_mu = 4.47663	q_A  = 2.62872	Pmu = 0.01422	1-Pb  = 0.28438	CLs  = 0.05000
AsymptoticLimits.cc[337] : (in function: getCLs) - At r = 3.736721:	q_mu = 4.47650	q_A  = 2.62859	Pmu = 0.01422	1-Pb  = 0.28438	CLs  = 0.05000
AsymptoticLimits.cc[337] : (in function: getCLs) - At r = 3.736799:	q_mu = 4.47657	q_A  = 2.62866	Pmu = 0.01422	1-Pb  = 0.28438	CLs  = 0.05000
AsymptoticLimits.cc[337] : (in function: getCLs) - At r = 3.736771:	q_mu = 4.47655	q_A  = 2.62863	Pmu = 0.01422	1-Pb  = 0.28438	CLs  = 0.05000
AsymptoticLimits.cc[337] : (in function: getCLs) - At r = 3.736786:	q_mu = 4.47656	q_A  = 2.62865	Pmu = 0.01422	1-Pb  = 0.28438	CLs  = 0.05000
