CascadeMinimizer.cc[188] : (in function: improveOnce) - Minimization configured with Type=Minuit2, Algo=Migrad, strategy=0, tolerance=0.1
CascadeMinimizer.cc[215] : (in function: improveOnce) - Minimization finished with status=0
CascadeMinimizer.cc[219] : (in function: improveOnce) - Minimization success! status=0
ToyMCSamplerOpt.cc[146] : (in function: generateAsimov) - Using internal logic for binned/unbinned Asimov dataset generation
ToyMCSamplerOpt.cc[214] : (in function: generateWithHisto) - Generating asimov with histogram for pdf pdf_binfail_LOW_obsOnly: in 4 x-bins
ToyMCSamplerOpt.cc[215] : (in function: generateWithHisto) -  , in 1 y-bins
ToyMCSamplerOpt.cc[146] : (in function: generateAsimov) - Using internal logic for binned/unbinned Asimov dataset generation
ToyMCSamplerOpt.cc[214] : (in function: generateWithHisto) - Generating asimov with histogram for pdf pdf_binfail_SIG_obsOnly: in 3 x-bins
ToyMCSamplerOpt.cc[215] : (in function: generateWithHisto) -  , in 1 y-bins
ToyMCSamplerOpt.cc[146] : (in function: generateAsimov) - Using internal logic for binned/unbinned Asimov dataset generation
ToyMCSamplerOpt.cc[214] : (in function: generateWithHisto) - Generating asimov with histogram for pdf pdf_binfail_HIGH_obsOnly: in 7 x-bins
ToyMCSamplerOpt.cc[215] : (in function: generateWithHisto) -  , in 1 y-bins
ToyMCSamplerOpt.cc[146] : (in function: generateAsimov) - Using internal logic for binned/unbinned Asimov dataset generation
ToyMCSamplerOpt.cc[214] : (in function: generateWithHisto) - Generating asimov with histogram for pdf pdf_binpass_LOW_obsOnly: in 4 x-bins
ToyMCSamplerOpt.cc[215] : (in function: generateWithHisto) -  , in 1 y-bins
ToyMCSamplerOpt.cc[146] : (in function: generateAsimov) - Using internal logic for binned/unbinned Asimov dataset generation
ToyMCSamplerOpt.cc[214] : (in function: generateWithHisto) - Generating asimov with histogram for pdf pdf_binpass_SIG_obsOnly: in 3 x-bins
ToyMCSamplerOpt.cc[215] : (in function: generateWithHisto) -  , in 1 y-bins
ToyMCSamplerOpt.cc[146] : (in function: generateAsimov) - Using internal logic for binned/unbinned Asimov dataset generation
ToyMCSamplerOpt.cc[214] : (in function: generateWithHisto) - Generating asimov with histogram for pdf pdf_binpass_HIGH_obsOnly: in 7 x-bins
ToyMCSamplerOpt.cc[215] : (in function: generateWithHisto) -  , in 1 y-bins
AsymptoticLimits.cc[428] : (in function: runLimitExpected) - Median for expected limits = 1.32812, Sigma for expected limits = 0.677627
AsymptoticLimits.cc[191] : (in function: runLimit) - NLL at global minimum of data = -11590 (r=2.84497e-07)
AsymptoticLimits.cc[211] : (in function: runLimit) - NLL at global minimum of asimov = -11589.7 (r=3.11104e-08)
AsymptoticLimits.cc[337] : (in function: getCLs) - At r = 1.200000:	q_mu = 5.56756	q_A  = 3.51922	Pmu = 0.00772	1-Pb  = 0.29255	CLs  = 0.02639
AsymptoticLimits.cc[337] : (in function: getCLs) - At r = 0.600000:	q_mu = 3.33316	q_A  = 1.80371	Pmu = 0.02791	1-Pb  = 0.28454	CLs  = 0.09809
AsymptoticLimits.cc[337] : (in function: getCLs) - At r = 0.846349:	q_mu = 4.32835	q_A  = 2.54785	Pmu = 0.01562	1-Pb  = 0.28851	CLs  = 0.05415
AsymptoticLimits.cc[337] : (in function: getCLs) - At r = 0.948455:	q_mu = 4.70580	q_A  = 2.83919	Pmu = 0.01258	1-Pb  = 0.28983	CLs  = 0.04341
AsymptoticLimits.cc[337] : (in function: getCLs) - At r = 0.896233:	q_mu = 4.51501	q_A  = 2.69135	Pmu = 0.01403	1-Pb  = 0.28917	CLs  = 0.04853
AsymptoticLimits.cc[337] : (in function: getCLs) - At r = 0.875391:	q_mu = 4.43754	q_A  = 2.63162	Pmu = 0.01467	1-Pb  = 0.28889	CLs  = 0.05079
AsymptoticLimits.cc[337] : (in function: getCLs) - At r = 0.885281:	q_mu = 4.47438	q_A  = 2.65998	Pmu = 0.01436	1-Pb  = 0.28902	CLs  = 0.04970
AsymptoticLimits.cc[337] : (in function: getCLs) - At r = 0.881100:	q_mu = 4.45882	q_A  = 2.64799	Pmu = 0.01449	1-Pb  = 0.28897	CLs  = 0.05016
AsymptoticLimits.cc[337] : (in function: getCLs) - At r = 0.883075:	q_mu = 4.46617	q_A  = 2.65366	Pmu = 0.01443	1-Pb  = 0.28899	CLs  = 0.04994
AsymptoticLimits.cc[337] : (in function: getCLs) - At r = 0.882239:	q_mu = 4.46306	q_A  = 2.65126	Pmu = 0.01446	1-Pb  = 0.28898	CLs  = 0.05003
AsymptoticLimits.cc[337] : (in function: getCLs) - At r = 0.882634:	q_mu = 4.46453	q_A  = 2.65239	Pmu = 0.01445	1-Pb  = 0.28899	CLs  = 0.04999
AsymptoticLimits.cc[337] : (in function: getCLs) - At r = 0.882466:	q_mu = 4.46406	q_A  = 2.65191	Pmu = 0.01445	1-Pb  = 0.28897	CLs  = 0.05000
AsymptoticLimits.cc[337] : (in function: getCLs) - At r = 0.882526:	q_mu = 4.46416	q_A  = 2.65208	Pmu = 0.01445	1-Pb  = 0.28898	CLs  = 0.05000
AsymptoticLimits.cc[337] : (in function: getCLs) - At r = 0.882502:	q_mu = 4.46405	q_A  = 2.65201	Pmu = 0.01445	1-Pb  = 0.28899	CLs  = 0.05000
AsymptoticLimits.cc[337] : (in function: getCLs) - At r = 0.882515:	q_mu = 4.46409	q_A  = 2.65205	Pmu = 0.01445	1-Pb  = 0.28899	CLs  = 0.05000
AsymptoticLimits.cc[337] : (in function: getCLs) - At r = 0.882521:	q_mu = 4.46430	q_A  = 2.65207	Pmu = 0.01445	1-Pb  = 0.28897	CLs  = 0.05000
AsymptoticLimits.cc[337] : (in function: getCLs) - At r = 0.882517:	q_mu = 4.46413	q_A  = 2.65206	Pmu = 0.01445	1-Pb  = 0.28898	CLs  = 0.05000
