CascadeMinimizer.cc[188] : (in function: improveOnce) - Minimization configured with Type=Minuit2, Algo=Migrad, strategy=0, tolerance=0.1
CascadeMinimizer.cc[215] : (in function: improveOnce) - Minimization finished with status=0
CascadeMinimizer.cc[219] : (in function: improveOnce) - Minimization success! status=0
ToyMCSamplerOpt.cc[146] : (in function: generateAsimov) - Using internal logic for binned/unbinned Asimov dataset generation
ToyMCSamplerOpt.cc[214] : (in function: generateWithHisto) - Generating asimov with histogram for pdf pdf_binfail_LOW_obsOnly: in 4 x-bins
ToyMCSamplerOpt.cc[215] : (in function: generateWithHisto) -  , in 1 y-bins
ToyMCSamplerOpt.cc[146] : (in function: generateAsimov) - Using internal logic for binned/unbinned Asimov dataset generation
ToyMCSamplerOpt.cc[214] : (in function: generateWithHisto) - Generating asimov with histogram for pdf pdf_binfail_SIG_obsOnly: in 3 x-bins
ToyMCSamplerOpt.cc[215] : (in function: generateWithHisto) -  , in 1 y-bins
ToyMCSamplerOpt.cc[146] : (in function: generateAsimov) - Using internal logic for binned/unbinned Asimov dataset generation
ToyMCSamplerOpt.cc[214] : (in function: generateWithHisto) - Generating asimov with histogram for pdf pdf_binfail_HIGH_obsOnly: in 7 x-bins
ToyMCSamplerOpt.cc[215] : (in function: generateWithHisto) -  , in 1 y-bins
ToyMCSamplerOpt.cc[146] : (in function: generateAsimov) - Using internal logic for binned/unbinned Asimov dataset generation
ToyMCSamplerOpt.cc[214] : (in function: generateWithHisto) - Generating asimov with histogram for pdf pdf_binpass_LOW_obsOnly: in 4 x-bins
ToyMCSamplerOpt.cc[215] : (in function: generateWithHisto) -  , in 1 y-bins
ToyMCSamplerOpt.cc[146] : (in function: generateAsimov) - Using internal logic for binned/unbinned Asimov dataset generation
ToyMCSamplerOpt.cc[214] : (in function: generateWithHisto) - Generating asimov with histogram for pdf pdf_binpass_SIG_obsOnly: in 3 x-bins
ToyMCSamplerOpt.cc[215] : (in function: generateWithHisto) -  , in 1 y-bins
ToyMCSamplerOpt.cc[146] : (in function: generateAsimov) - Using internal logic for binned/unbinned Asimov dataset generation
ToyMCSamplerOpt.cc[214] : (in function: generateWithHisto) - Generating asimov with histogram for pdf pdf_binpass_HIGH_obsOnly: in 7 x-bins
ToyMCSamplerOpt.cc[215] : (in function: generateWithHisto) -  , in 1 y-bins
AsymptoticLimits.cc[428] : (in function: runLimitExpected) - Median for expected limits = 3.10938, Sigma for expected limits = 1.58645
AsymptoticLimits.cc[191] : (in function: runLimit) - NLL at global minimum of data = -11150.3 (r=4.97367e-07)
AsymptoticLimits.cc[211] : (in function: runLimit) - NLL at global minimum of asimov = -11149.8 (r=0.000281507)
AsymptoticLimits.cc[337] : (in function: getCLs) - At r = 1.489654:	q_mu = 2.58560	q_A  = 1.37649	Pmu = 0.04566	1-Pb  = 0.30318	CLs  = 0.15059
AsymptoticLimits.cc[337] : (in function: getCLs) - At r = 2.979307:	q_mu = 4.82715	q_A  = 3.64043	Pmu = 0.01324	1-Pb  = 0.37791	CLs  = 0.03505
AsymptoticLimits.cc[337] : (in function: getCLs) - At r = 1.489654:	q_mu = 2.58551	q_A  = 1.37673	Pmu = 0.04566	1-Pb  = 0.30324	CLs  = 0.15058
AsymptoticLimits.cc[337] : (in function: getCLs) - At r = 2.234480:	q_mu = 3.71794	q_A  = 2.46176	Pmu = 0.02446	1-Pb  = 0.34446	CLs  = 0.07101
AsymptoticLimits.cc[337] : (in function: getCLs) - At r = 2.679422:	q_mu = 4.38325	q_A  = 3.15958	Pmu = 0.01693	1-Pb  = 0.36535	CLs  = 0.04634
AsymptoticLimits.cc[337] : (in function: getCLs) - At r = 2.527035:	q_mu = 4.15649	q_A  = 2.91821	Pmu = 0.01919	1-Pb  = 0.35851	CLs  = 0.05353
AsymptoticLimits.cc[337] : (in function: getCLs) - At r = 2.615215:	q_mu = 4.28773	q_A  = 3.05754	Pmu = 0.01785	1-Pb  = 0.36251	CLs  = 0.04924
AsymptoticLimits.cc[337] : (in function: getCLs) - At r = 2.584629:	q_mu = 4.24221	q_A  = 3.00908	Pmu = 0.01830	1-Pb  = 0.36113	CLs  = 0.05069
AsymptoticLimits.cc[337] : (in function: getCLs) - At r = 2.602245:	q_mu = 4.26842	q_A  = 3.03697	Pmu = 0.01804	1-Pb  = 0.36192	CLs  = 0.04985
AsymptoticLimits.cc[337] : (in function: getCLs) - At r = 2.596125:	q_mu = 4.25931	q_A  = 3.02727	Pmu = 0.01813	1-Pb  = 0.36165	CLs  = 0.05014
AsymptoticLimits.cc[337] : (in function: getCLs) - At r = 2.599649:	q_mu = 4.26456	q_A  = 3.03286	Pmu = 0.01808	1-Pb  = 0.36181	CLs  = 0.04997
AsymptoticLimits.cc[337] : (in function: getCLs) - At r = 2.598425:	q_mu = 4.26273	q_A  = 3.03092	Pmu = 0.01810	1-Pb  = 0.36175	CLs  = 0.05003
AsymptoticLimits.cc[337] : (in function: getCLs) - At r = 2.599130:	q_mu = 4.26378	q_A  = 3.03203	Pmu = 0.01809	1-Pb  = 0.36179	CLs  = 0.04999
AsymptoticLimits.cc[337] : (in function: getCLs) - At r = 2.598885:	q_mu = 4.26342	q_A  = 3.03165	Pmu = 0.01809	1-Pb  = 0.36177	CLs  = 0.05001
AsymptoticLimits.cc[337] : (in function: getCLs) - At r = 2.599026:	q_mu = 4.26377	q_A  = 3.03187	Pmu = 0.01809	1-Pb  = 0.36177	CLs  = 0.05000
AsymptoticLimits.cc[337] : (in function: getCLs) - At r = 2.598950:	q_mu = 4.26356	q_A  = 3.03175	Pmu = 0.01809	1-Pb  = 0.36177	CLs  = 0.05000
AsymptoticLimits.cc[337] : (in function: getCLs) - At r = 2.598982:	q_mu = 4.26358	q_A  = 3.03180	Pmu = 0.01809	1-Pb  = 0.36178	CLs  = 0.05000
AsymptoticLimits.cc[337] : (in function: getCLs) - At r = 2.598995:	q_mu = 4.26359	q_A  = 3.03182	Pmu = 0.01809	1-Pb  = 0.36178	CLs  = 0.05000
AsymptoticLimits.cc[337] : (in function: getCLs) - At r = 2.599002:	q_mu = 4.26376	q_A  = 3.03183	Pmu = 0.01809	1-Pb  = 0.36176	CLs  = 0.05000
AsymptoticLimits.cc[337] : (in function: getCLs) - At r = 2.598997:	q_mu = 4.26364	q_A  = 3.03182	Pmu = 0.01809	1-Pb  = 0.36177	CLs  = 0.05000
