CascadeMinimizer.cc[188] : (in function: improveOnce) - Minimization configured with Type=Minuit2, Algo=Migrad, strategy=0, tolerance=0.1
CascadeMinimizer.cc[215] : (in function: improveOnce) - Minimization finished with status=0
CascadeMinimizer.cc[219] : (in function: improveOnce) - Minimization success! status=0
ToyMCSamplerOpt.cc[146] : (in function: generateAsimov) - Using internal logic for binned/unbinned Asimov dataset generation
ToyMCSamplerOpt.cc[214] : (in function: generateWithHisto) - Generating asimov with histogram for pdf pdf_binfail_LOW_obsOnly: in 4 x-bins
ToyMCSamplerOpt.cc[215] : (in function: generateWithHisto) -  , in 1 y-bins
ToyMCSamplerOpt.cc[146] : (in function: generateAsimov) - Using internal logic for binned/unbinned Asimov dataset generation
ToyMCSamplerOpt.cc[214] : (in function: generateWithHisto) - Generating asimov with histogram for pdf pdf_binfail_SIG_obsOnly: in 3 x-bins
ToyMCSamplerOpt.cc[215] : (in function: generateWithHisto) -  , in 1 y-bins
ToyMCSamplerOpt.cc[146] : (in function: generateAsimov) - Using internal logic for binned/unbinned Asimov dataset generation
ToyMCSamplerOpt.cc[214] : (in function: generateWithHisto) - Generating asimov with histogram for pdf pdf_binfail_HIGH_obsOnly: in 7 x-bins
ToyMCSamplerOpt.cc[215] : (in function: generateWithHisto) -  , in 1 y-bins
ToyMCSamplerOpt.cc[146] : (in function: generateAsimov) - Using internal logic for binned/unbinned Asimov dataset generation
ToyMCSamplerOpt.cc[214] : (in function: generateWithHisto) - Generating asimov with histogram for pdf pdf_binpass_LOW_obsOnly: in 4 x-bins
ToyMCSamplerOpt.cc[215] : (in function: generateWithHisto) -  , in 1 y-bins
ToyMCSamplerOpt.cc[146] : (in function: generateAsimov) - Using internal logic for binned/unbinned Asimov dataset generation
ToyMCSamplerOpt.cc[214] : (in function: generateWithHisto) - Generating asimov with histogram for pdf pdf_binpass_SIG_obsOnly: in 3 x-bins
ToyMCSamplerOpt.cc[215] : (in function: generateWithHisto) -  , in 1 y-bins
ToyMCSamplerOpt.cc[146] : (in function: generateAsimov) - Using internal logic for binned/unbinned Asimov dataset generation
ToyMCSamplerOpt.cc[214] : (in function: generateWithHisto) - Generating asimov with histogram for pdf pdf_binpass_HIGH_obsOnly: in 7 x-bins
ToyMCSamplerOpt.cc[215] : (in function: generateWithHisto) -  , in 1 y-bins
AsymptoticLimits.cc[428] : (in function: runLimitExpected) - Median for expected limits = 1.45312, Sigma for expected limits = 0.741404
AsymptoticLimits.cc[191] : (in function: runLimit) - NLL at global minimum of data = -11586.7 (r=8.20199e-08)
AsymptoticLimits.cc[211] : (in function: runLimit) - NLL at global minimum of asimov = -11586.5 (r=6.3702e-06)
AsymptoticLimits.cc[337] : (in function: getCLs) - At r = 1.200000:	q_mu = 4.08400	q_A  = 3.32880	Pmu = 0.02110	1-Pb  = 0.41802	CLs  = 0.05049
AsymptoticLimits.cc[337] : (in function: getCLs) - At r = 2.400000:	q_mu = 6.39697	q_A  = 5.47495	Pmu = 0.00559	1-Pb  = 0.42190	CLs  = 0.01325
AsymptoticLimits.cc[337] : (in function: getCLs) - At r = 1.200000:	q_mu = 4.08394	q_A  = 3.32880	Pmu = 0.02110	1-Pb  = 0.41803	CLs  = 0.05049
AsymptoticLimits.cc[337] : (in function: getCLs) - At r = 1.800000:	q_mu = 5.34109	q_A  = 4.48894	Pmu = 0.01018	1-Pb  = 0.42031	CLs  = 0.02421
AsymptoticLimits.cc[337] : (in function: getCLs) - At r = 1.326333:	q_mu = 4.37047	q_A  = 3.59163	Pmu = 0.01784	1-Pb  = 0.41860	CLs  = 0.04261
AsymptoticLimits.cc[337] : (in function: getCLs) - At r = 1.231044:	q_mu = 4.15562	q_A  = 3.39443	Pmu = 0.02023	1-Pb  = 0.41817	CLs  = 0.04838
AsymptoticLimits.cc[337] : (in function: getCLs) - At r = 1.211866:	q_mu = 4.11144	q_A  = 3.35395	Pmu = 0.02077	1-Pb  = 0.41808	CLs  = 0.04967
AsymptoticLimits.cc[337] : (in function: getCLs) - At r = 1.205633:	q_mu = 4.09701	q_A  = 3.34073	Pmu = 0.02094	1-Pb  = 0.41805	CLs  = 0.05010
AsymptoticLimits.cc[337] : (in function: getCLs) - At r = 1.208003:	q_mu = 4.10266	q_A  = 3.34590	Pmu = 0.02087	1-Pb  = 0.41806	CLs  = 0.04993
AsymptoticLimits.cc[337] : (in function: getCLs) - At r = 1.206724:	q_mu = 4.09957	q_A  = 3.34309	Pmu = 0.02091	1-Pb  = 0.41806	CLs  = 0.05002
AsymptoticLimits.cc[337] : (in function: getCLs) - At r = 1.207207:	q_mu = 4.10067	q_A  = 3.34408	Pmu = 0.02090	1-Pb  = 0.41806	CLs  = 0.04999
AsymptoticLimits.cc[337] : (in function: getCLs) - At r = 1.206967:	q_mu = 4.10010	q_A  = 3.34357	Pmu = 0.02090	1-Pb  = 0.41806	CLs  = 0.05000
AsymptoticLimits.cc[337] : (in function: getCLs) - At r = 1.207069:	q_mu = 4.10053	q_A  = 3.34393	Pmu = 0.02090	1-Pb  = 0.41805	CLs  = 0.04999
AsymptoticLimits.cc[337] : (in function: getCLs) - At r = 1.207018:	q_mu = 4.10026	q_A  = 3.34371	Pmu = 0.02090	1-Pb  = 0.41806	CLs  = 0.05000
AsymptoticLimits.cc[337] : (in function: getCLs) - At r = 1.207028:	q_mu = 4.10025	q_A  = 3.34370	Pmu = 0.02090	1-Pb  = 0.41806	CLs  = 0.05000
AsymptoticLimits.cc[337] : (in function: getCLs) - At r = 1.207037:	q_mu = 4.10027	q_A  = 3.34372	Pmu = 0.02090	1-Pb  = 0.41806	CLs  = 0.05000
AsymptoticLimits.cc[337] : (in function: getCLs) - At r = 1.207033:	q_mu = 4.10044	q_A  = 3.34370	Pmu = 0.02090	1-Pb  = 0.41804	CLs  = 0.05000
