CascadeMinimizer.cc[188] : (in function: improveOnce) - Minimization configured with Type=Minuit2, Algo=Migrad, strategy=0, tolerance=0.1
CascadeMinimizer.cc[215] : (in function: improveOnce) - Minimization finished with status=0
CascadeMinimizer.cc[219] : (in function: improveOnce) - Minimization success! status=0
ToyMCSamplerOpt.cc[146] : (in function: generateAsimov) - Using internal logic for binned/unbinned Asimov dataset generation
ToyMCSamplerOpt.cc[214] : (in function: generateWithHisto) - Generating asimov with histogram for pdf pdf_binfail_LOW_obsOnly: in 4 x-bins
ToyMCSamplerOpt.cc[215] : (in function: generateWithHisto) -  , in 1 y-bins
ToyMCSamplerOpt.cc[146] : (in function: generateAsimov) - Using internal logic for binned/unbinned Asimov dataset generation
ToyMCSamplerOpt.cc[214] : (in function: generateWithHisto) - Generating asimov with histogram for pdf pdf_binfail_SIG_obsOnly: in 3 x-bins
ToyMCSamplerOpt.cc[215] : (in function: generateWithHisto) -  , in 1 y-bins
ToyMCSamplerOpt.cc[146] : (in function: generateAsimov) - Using internal logic for binned/unbinned Asimov dataset generation
ToyMCSamplerOpt.cc[214] : (in function: generateWithHisto) - Generating asimov with histogram for pdf pdf_binfail_HIGH_obsOnly: in 7 x-bins
ToyMCSamplerOpt.cc[215] : (in function: generateWithHisto) -  , in 1 y-bins
ToyMCSamplerOpt.cc[146] : (in function: generateAsimov) - Using internal logic for binned/unbinned Asimov dataset generation
ToyMCSamplerOpt.cc[214] : (in function: generateWithHisto) - Generating asimov with histogram for pdf pdf_binpass_LOW_obsOnly: in 4 x-bins
ToyMCSamplerOpt.cc[215] : (in function: generateWithHisto) -  , in 1 y-bins
ToyMCSamplerOpt.cc[146] : (in function: generateAsimov) - Using internal logic for binned/unbinned Asimov dataset generation
ToyMCSamplerOpt.cc[214] : (in function: generateWithHisto) - Generating asimov with histogram for pdf pdf_binpass_SIG_obsOnly: in 3 x-bins
ToyMCSamplerOpt.cc[215] : (in function: generateWithHisto) -  , in 1 y-bins
ToyMCSamplerOpt.cc[146] : (in function: generateAsimov) - Using internal logic for binned/unbinned Asimov dataset generation
ToyMCSamplerOpt.cc[214] : (in function: generateWithHisto) - Generating asimov with histogram for pdf pdf_binpass_HIGH_obsOnly: in 7 x-bins
ToyMCSamplerOpt.cc[215] : (in function: generateWithHisto) -  , in 1 y-bins
AsymptoticLimits.cc[428] : (in function: runLimitExpected) - Median for expected limits = 3.45312, Sigma for expected limits = 1.76183
AsymptoticLimits.cc[191] : (in function: runLimit) - NLL at global minimum of data = -11140.9 (r=4.95625)
AsymptoticLimits.cc[211] : (in function: runLimit) - NLL at global minimum of asimov = -11135.1 (r=0.0151371)
AsymptoticLimits.cc[337] : (in function: getCLs) - At r = 11.358465:	q_mu = 3.26984	q_A  = 15.18297	Pmu = 0.03528	1-Pb  = 0.98161	CLs  = 0.03594
AsymptoticLimits.cc[337] : (in function: getCLs) - At r = 8.157356:	q_mu = 1.12838	q_A  = 10.81244	Pmu = 0.14406	1-Pb  = 0.98699	CLs  = 0.14596
AsymptoticLimits.cc[337] : (in function: getCLs) - At r = 10.115049:	q_mu = 2.38414	q_A  = 13.49982	Pmu = 0.06129	1-Pb  = 0.98342	CLs  = 0.06232
AsymptoticLimits.cc[337] : (in function: getCLs) - At r = 10.761834:	q_mu = 2.83903	q_A  = 14.35470	Pmu = 0.04600	1-Pb  = 0.98230	CLs  = 0.04683
AsymptoticLimits.cc[337] : (in function: getCLs) - At r = 10.513833:	q_mu = 2.66295	q_A  = 14.02861	Pmu = 0.05136	1-Pb  = 0.98273	CLs  = 0.05226
AsymptoticLimits.cc[337] : (in function: getCLs) - At r = 10.643314:	q_mu = 2.75463	q_A  = 14.19909	Pmu = 0.04849	1-Pb  = 0.98250	CLs  = 0.04935
AsymptoticLimits.cc[337] : (in function: getCLs) - At r = 10.593740:	q_mu = 2.71948	q_A  = 14.13389	Pmu = 0.04957	1-Pb  = 0.98259	CLs  = 0.05044
AsymptoticLimits.cc[337] : (in function: getCLs) - At r = 10.619634:	q_mu = 2.73782	q_A  = 14.16795	Pmu = 0.04900	1-Pb  = 0.98254	CLs  = 0.04987
AsymptoticLimits.cc[337] : (in function: getCLs) - At r = 10.609729:	q_mu = 2.73079	q_A  = 14.15491	Pmu = 0.04922	1-Pb  = 0.98256	CLs  = 0.05009
AsymptoticLimits.cc[337] : (in function: getCLs) - At r = 10.614914:	q_mu = 2.73447	q_A  = 14.16173	Pmu = 0.04910	1-Pb  = 0.98255	CLs  = 0.04997
AsymptoticLimits.cc[337] : (in function: getCLs) - At r = 10.612934:	q_mu = 2.73306	q_A  = 14.15913	Pmu = 0.04915	1-Pb  = 0.98256	CLs  = 0.05002
AsymptoticLimits.cc[337] : (in function: getCLs) - At r = 10.613971:	q_mu = 2.73380	q_A  = 14.16049	Pmu = 0.04912	1-Pb  = 0.98255	CLs  = 0.04999
AsymptoticLimits.cc[337] : (in function: getCLs) - At r = 10.613576:	q_mu = 2.73364	q_A  = 14.15997	Pmu = 0.04913	1-Pb  = 0.98255	CLs  = 0.05000
AsymptoticLimits.cc[337] : (in function: getCLs) - At r = 10.613440:	q_mu = 2.73347	q_A  = 14.15979	Pmu = 0.04913	1-Pb  = 0.98255	CLs  = 0.05001
AsymptoticLimits.cc[337] : (in function: getCLs) - At r = 10.613544:	q_mu = 2.73352	q_A  = 14.15993	Pmu = 0.04913	1-Pb  = 0.98255	CLs  = 0.05000
AsymptoticLimits.cc[337] : (in function: getCLs) - At r = 10.613568:	q_mu = 2.73372	q_A  = 14.15996	Pmu = 0.04913	1-Pb  = 0.98255	CLs  = 0.05000
