CascadeMinimizer.cc[188] : (in function: improveOnce) - Minimization configured with Type=Minuit2, Algo=Migrad, strategy=0, tolerance=0.1
CascadeMinimizer.cc[215] : (in function: improveOnce) - Minimization finished with status=0
CascadeMinimizer.cc[219] : (in function: improveOnce) - Minimization success! status=0
ToyMCSamplerOpt.cc[146] : (in function: generateAsimov) - Using internal logic for binned/unbinned Asimov dataset generation
ToyMCSamplerOpt.cc[214] : (in function: generateWithHisto) - Generating asimov with histogram for pdf pdf_binfail_LOW_obsOnly: in 4 x-bins
ToyMCSamplerOpt.cc[215] : (in function: generateWithHisto) -  , in 1 y-bins
ToyMCSamplerOpt.cc[146] : (in function: generateAsimov) - Using internal logic for binned/unbinned Asimov dataset generation
ToyMCSamplerOpt.cc[214] : (in function: generateWithHisto) - Generating asimov with histogram for pdf pdf_binfail_SIG_obsOnly: in 3 x-bins
ToyMCSamplerOpt.cc[215] : (in function: generateWithHisto) -  , in 1 y-bins
ToyMCSamplerOpt.cc[146] : (in function: generateAsimov) - Using internal logic for binned/unbinned Asimov dataset generation
ToyMCSamplerOpt.cc[214] : (in function: generateWithHisto) - Generating asimov with histogram for pdf pdf_binfail_HIGH_obsOnly: in 7 x-bins
ToyMCSamplerOpt.cc[215] : (in function: generateWithHisto) -  , in 1 y-bins
ToyMCSamplerOpt.cc[146] : (in function: generateAsimov) - Using internal logic for binned/unbinned Asimov dataset generation
ToyMCSamplerOpt.cc[214] : (in function: generateWithHisto) - Generating asimov with histogram for pdf pdf_binpass_LOW_obsOnly: in 4 x-bins
ToyMCSamplerOpt.cc[215] : (in function: generateWithHisto) -  , in 1 y-bins
ToyMCSamplerOpt.cc[146] : (in function: generateAsimov) - Using internal logic for binned/unbinned Asimov dataset generation
ToyMCSamplerOpt.cc[214] : (in function: generateWithHisto) - Generating asimov with histogram for pdf pdf_binpass_SIG_obsOnly: in 3 x-bins
ToyMCSamplerOpt.cc[215] : (in function: generateWithHisto) -  , in 1 y-bins
ToyMCSamplerOpt.cc[146] : (in function: generateAsimov) - Using internal logic for binned/unbinned Asimov dataset generation
ToyMCSamplerOpt.cc[214] : (in function: generateWithHisto) - Generating asimov with histogram for pdf pdf_binpass_HIGH_obsOnly: in 7 x-bins
ToyMCSamplerOpt.cc[215] : (in function: generateWithHisto) -  , in 1 y-bins
AsymptoticLimits.cc[428] : (in function: runLimitExpected) - Median for expected limits = 1.27734, Sigma for expected limits = 0.651718
AsymptoticLimits.cc[191] : (in function: runLimit) - NLL at global minimum of data = -11591.4 (r=0.693436)
AsymptoticLimits.cc[211] : (in function: runLimit) - NLL at global minimum of asimov = -11590.5 (r=0.00286691)
AsymptoticLimits.cc[337] : (in function: getCLs) - At r = 2.254625:	q_mu = 1.95807	q_A  = 6.38119	Pmu = 0.08086	1-Pb  = 0.87008	CLs  = 0.09293
AsymptoticLimits.cc[337] : (in function: getCLs) - At r = 4.509251:	q_mu = 5.25521	q_A  = 10.79928	Pmu = 0.01094	1-Pb  = 0.83984	CLs  = 0.01303
AsymptoticLimits.cc[337] : (in function: getCLs) - At r = 2.601343:	q_mu = 2.49798	q_A  = 7.16355	Pmu = 0.05700	1-Pb  = 0.86346	CLs  = 0.06601
AsymptoticLimits.cc[337] : (in function: getCLs) - At r = 3.555297:	q_mu = 3.92884	q_A  = 9.10357	Pmu = 0.02373	1-Pb  = 0.84968	CLs  = 0.02793
AsymptoticLimits.cc[337] : (in function: getCLs) - At r = 3.038611:	q_mu = 3.16595	q_A  = 8.08939	Pmu = 0.03759	1-Pb  = 0.85653	CLs  = 0.04389
AsymptoticLimits.cc[337] : (in function: getCLs) - At r = 2.839458:	q_mu = 2.86405	q_A  = 7.67607	Pmu = 0.04529	1-Pb  = 0.85953	CLs  = 0.05269
AsymptoticLimits.cc[337] : (in function: getCLs) - At r = 2.924996:	q_mu = 2.99420	q_A  = 7.85525	Pmu = 0.04178	1-Pb  = 0.85822	CLs  = 0.04868
AsymptoticLimits.cc[337] : (in function: getCLs) - At r = 2.884815:	q_mu = 2.93312	q_A  = 7.77139	Pmu = 0.04339	1-Pb  = 0.85883	CLs  = 0.05052
AsymptoticLimits.cc[337] : (in function: getCLs) - At r = 2.901860:	q_mu = 2.95905	q_A  = 7.80702	Pmu = 0.04270	1-Pb  = 0.85857	CLs  = 0.04973
AsymptoticLimits.cc[337] : (in function: getCLs) - At r = 2.893808:	q_mu = 2.94681	q_A  = 7.79019	Pmu = 0.04302	1-Pb  = 0.85869	CLs  = 0.05010
AsymptoticLimits.cc[337] : (in function: getCLs) - At r = 2.897214:	q_mu = 2.95199	q_A  = 7.79731	Pmu = 0.04289	1-Pb  = 0.85864	CLs  = 0.04995
AsymptoticLimits.cc[337] : (in function: getCLs) - At r = 2.895603:	q_mu = 2.94954	q_A  = 7.79394	Pmu = 0.04295	1-Pb  = 0.85867	CLs  = 0.05002
AsymptoticLimits.cc[337] : (in function: getCLs) - At r = 2.896284:	q_mu = 2.95057	q_A  = 7.79537	Pmu = 0.04292	1-Pb  = 0.85865	CLs  = 0.04999
AsymptoticLimits.cc[337] : (in function: getCLs) - At r = 2.895962:	q_mu = 2.95008	q_A  = 7.79469	Pmu = 0.04294	1-Pb  = 0.85866	CLs  = 0.05000
AsymptoticLimits.cc[337] : (in function: getCLs) - At r = 2.896098:	q_mu = 2.95029	q_A  = 7.79498	Pmu = 0.04293	1-Pb  = 0.85866	CLs  = 0.05000
AsymptoticLimits.cc[337] : (in function: getCLs) - At r = 2.896034:	q_mu = 2.95019	q_A  = 7.79484	Pmu = 0.04293	1-Pb  = 0.85866	CLs  = 0.05000
AsymptoticLimits.cc[337] : (in function: getCLs) - At r = 2.896061:	q_mu = 2.95023	q_A  = 7.79490	Pmu = 0.04293	1-Pb  = 0.85866	CLs  = 0.05000
AsymptoticLimits.cc[337] : (in function: getCLs) - At r = 2.896048:	q_mu = 2.95021	q_A  = 7.79487	Pmu = 0.04293	1-Pb  = 0.85866	CLs  = 0.05000
