CascadeMinimizer.cc[188] : (in function: improveOnce) - Minimization configured with Type=Minuit2, Algo=Migrad, strategy=0, tolerance=0.1
CascadeMinimizer.cc[215] : (in function: improveOnce) - Minimization finished with status=0
CascadeMinimizer.cc[219] : (in function: improveOnce) - Minimization success! status=0
ToyMCSamplerOpt.cc[146] : (in function: generateAsimov) - Using internal logic for binned/unbinned Asimov dataset generation
ToyMCSamplerOpt.cc[214] : (in function: generateWithHisto) - Generating asimov with histogram for pdf pdf_binfail_LOW_obsOnly: in 4 x-bins
ToyMCSamplerOpt.cc[215] : (in function: generateWithHisto) -  , in 1 y-bins
ToyMCSamplerOpt.cc[146] : (in function: generateAsimov) - Using internal logic for binned/unbinned Asimov dataset generation
ToyMCSamplerOpt.cc[214] : (in function: generateWithHisto) - Generating asimov with histogram for pdf pdf_binfail_SIG_obsOnly: in 3 x-bins
ToyMCSamplerOpt.cc[215] : (in function: generateWithHisto) -  , in 1 y-bins
ToyMCSamplerOpt.cc[146] : (in function: generateAsimov) - Using internal logic for binned/unbinned Asimov dataset generation
ToyMCSamplerOpt.cc[214] : (in function: generateWithHisto) - Generating asimov with histogram for pdf pdf_binfail_HIGH_obsOnly: in 7 x-bins
ToyMCSamplerOpt.cc[215] : (in function: generateWithHisto) -  , in 1 y-bins
ToyMCSamplerOpt.cc[146] : (in function: generateAsimov) - Using internal logic for binned/unbinned Asimov dataset generation
ToyMCSamplerOpt.cc[214] : (in function: generateWithHisto) - Generating asimov with histogram for pdf pdf_binpass_LOW_obsOnly: in 4 x-bins
ToyMCSamplerOpt.cc[215] : (in function: generateWithHisto) -  , in 1 y-bins
ToyMCSamplerOpt.cc[146] : (in function: generateAsimov) - Using internal logic for binned/unbinned Asimov dataset generation
ToyMCSamplerOpt.cc[214] : (in function: generateWithHisto) - Generating asimov with histogram for pdf pdf_binpass_SIG_obsOnly: in 3 x-bins
ToyMCSamplerOpt.cc[215] : (in function: generateWithHisto) -  , in 1 y-bins
ToyMCSamplerOpt.cc[146] : (in function: generateAsimov) - Using internal logic for binned/unbinned Asimov dataset generation
ToyMCSamplerOpt.cc[214] : (in function: generateWithHisto) - Generating asimov with histogram for pdf pdf_binpass_HIGH_obsOnly: in 7 x-bins
ToyMCSamplerOpt.cc[215] : (in function: generateWithHisto) -  , in 1 y-bins
AsymptoticLimits.cc[428] : (in function: runLimitExpected) - Median for expected limits = 2.23438, Sigma for expected limits = 1.14001
AsymptoticLimits.cc[191] : (in function: runLimit) - NLL at global minimum of data = -11596 (r=0.998243)
AsymptoticLimits.cc[211] : (in function: runLimit) - NLL at global minimum of asimov = -11593.8 (r=0.00633472)
AsymptoticLimits.cc[337] : (in function: getCLs) - At r = 3.195230:	q_mu = 2.24691	q_A  = 5.49340	Pmu = 0.06694	1-Pb  = 0.80090	CLs  = 0.08358
AsymptoticLimits.cc[337] : (in function: getCLs) - At r = 6.390459:	q_mu = 5.98853	q_A  = 9.95536	Pmu = 0.00720	1-Pb  = 0.76055	CLs  = 0.00947
AsymptoticLimits.cc[337] : (in function: getCLs) - At r = 3.694351:	q_mu = 2.87440	q_A  = 6.28741	Pmu = 0.04500	1-Pb  = 0.79162	CLs  = 0.05684
AsymptoticLimits.cc[337] : (in function: getCLs) - At r = 5.042405:	q_mu = 4.49577	q_A  = 8.23594	Pmu = 0.01699	1-Pb  = 0.77322	CLs  = 0.02197
AsymptoticLimits.cc[337] : (in function: getCLs) - At r = 4.109517:	q_mu = 3.38677	q_A  = 6.91608	Pmu = 0.03286	1-Pb  = 0.78510	CLs  = 0.04186
AsymptoticLimits.cc[337] : (in function: getCLs) - At r = 3.916594:	q_mu = 3.15008	q_A  = 6.62731	Pmu = 0.03796	1-Pb  = 0.78800	CLs  = 0.04817
AsymptoticLimits.cc[337] : (in function: getCLs) - At r = 3.832187:	q_mu = 3.04570	q_A  = 6.49907	Pmu = 0.04048	1-Pb  = 0.78934	CLs  = 0.05128
AsymptoticLimits.cc[337] : (in function: getCLs) - At r = 3.876365:	q_mu = 3.10031	q_A  = 6.56626	Pmu = 0.03914	1-Pb  = 0.78864	CLs  = 0.04963
AsymptoticLimits.cc[337] : (in function: getCLs) - At r = 3.859463:	q_mu = 3.07941	q_A  = 6.54064	Pmu = 0.03964	1-Pb  = 0.78891	CLs  = 0.05025
AsymptoticLimits.cc[337] : (in function: getCLs) - At r = 3.868292:	q_mu = 3.09033	q_A  = 6.55401	Pmu = 0.03938	1-Pb  = 0.78877	CLs  = 0.04993
AsymptoticLimits.cc[337] : (in function: getCLs) - At r = 3.864912:	q_mu = 3.08615	q_A  = 6.54884	Pmu = 0.03948	1-Pb  = 0.78882	CLs  = 0.05005
AsymptoticLimits.cc[337] : (in function: getCLs) - At r = 3.866680:	q_mu = 3.08833	q_A  = 6.55151	Pmu = 0.03943	1-Pb  = 0.78879	CLs  = 0.04999
AsymptoticLimits.cc[337] : (in function: getCLs) - At r = 3.866006:	q_mu = 3.08750	q_A  = 6.55060	Pmu = 0.03945	1-Pb  = 0.78881	CLs  = 0.05001
AsymptoticLimits.cc[337] : (in function: getCLs) - At r = 3.866354:	q_mu = 3.08793	q_A  = 6.55104	Pmu = 0.03944	1-Pb  = 0.78880	CLs  = 0.05000
AsymptoticLimits.cc[337] : (in function: getCLs) - At r = 3.866221:	q_mu = 3.08777	q_A  = 6.55081	Pmu = 0.03944	1-Pb  = 0.78880	CLs  = 0.05000
AsymptoticLimits.cc[337] : (in function: getCLs) - At r = 3.866294:	q_mu = 3.08786	q_A  = 6.55106	Pmu = 0.03944	1-Pb  = 0.78880	CLs  = 0.05000
AsymptoticLimits.cc[337] : (in function: getCLs) - At r = 3.866261:	q_mu = 3.08781	q_A  = 6.55093	Pmu = 0.03944	1-Pb  = 0.78880	CLs  = 0.05000
AsymptoticLimits.cc[337] : (in function: getCLs) - At r = 3.866276:	q_mu = 3.08783	q_A  = 6.55091	Pmu = 0.03944	1-Pb  = 0.78880	CLs  = 0.05000
