CascadeMinimizer.cc[188] : (in function: improveOnce) - Minimization configured with Type=Minuit2, Algo=Migrad, strategy=0, tolerance=0.1
CascadeMinimizer.cc[215] : (in function: improveOnce) - Minimization finished with status=0
CascadeMinimizer.cc[219] : (in function: improveOnce) - Minimization success! status=0
ToyMCSamplerOpt.cc[146] : (in function: generateAsimov) - Using internal logic for binned/unbinned Asimov dataset generation
ToyMCSamplerOpt.cc[214] : (in function: generateWithHisto) - Generating asimov with histogram for pdf pdf_binfail_LOW_obsOnly: in 4 x-bins
ToyMCSamplerOpt.cc[215] : (in function: generateWithHisto) -  , in 1 y-bins
ToyMCSamplerOpt.cc[146] : (in function: generateAsimov) - Using internal logic for binned/unbinned Asimov dataset generation
ToyMCSamplerOpt.cc[214] : (in function: generateWithHisto) - Generating asimov with histogram for pdf pdf_binfail_SIG_obsOnly: in 3 x-bins
ToyMCSamplerOpt.cc[215] : (in function: generateWithHisto) -  , in 1 y-bins
ToyMCSamplerOpt.cc[146] : (in function: generateAsimov) - Using internal logic for binned/unbinned Asimov dataset generation
ToyMCSamplerOpt.cc[214] : (in function: generateWithHisto) - Generating asimov with histogram for pdf pdf_binfail_HIGH_obsOnly: in 7 x-bins
ToyMCSamplerOpt.cc[215] : (in function: generateWithHisto) -  , in 1 y-bins
ToyMCSamplerOpt.cc[146] : (in function: generateAsimov) - Using internal logic for binned/unbinned Asimov dataset generation
ToyMCSamplerOpt.cc[214] : (in function: generateWithHisto) - Generating asimov with histogram for pdf pdf_binpass_LOW_obsOnly: in 4 x-bins
ToyMCSamplerOpt.cc[215] : (in function: generateWithHisto) -  , in 1 y-bins
ToyMCSamplerOpt.cc[146] : (in function: generateAsimov) - Using internal logic for binned/unbinned Asimov dataset generation
ToyMCSamplerOpt.cc[214] : (in function: generateWithHisto) - Generating asimov with histogram for pdf pdf_binpass_SIG_obsOnly: in 3 x-bins
ToyMCSamplerOpt.cc[215] : (in function: generateWithHisto) -  , in 1 y-bins
ToyMCSamplerOpt.cc[146] : (in function: generateAsimov) - Using internal logic for binned/unbinned Asimov dataset generation
ToyMCSamplerOpt.cc[214] : (in function: generateWithHisto) - Generating asimov with histogram for pdf pdf_binpass_HIGH_obsOnly: in 7 x-bins
ToyMCSamplerOpt.cc[215] : (in function: generateWithHisto) -  , in 1 y-bins
AsymptoticLimits.cc[428] : (in function: runLimitExpected) - Median for expected limits = 1.29688, Sigma for expected limits = 0.661683
AsymptoticLimits.cc[191] : (in function: runLimit) - NLL at global minimum of data = -11587.6 (r=6.0101e-09)
AsymptoticLimits.cc[211] : (in function: runLimit) - NLL at global minimum of asimov = -11587.4 (r=1.12136e-06)
AsymptoticLimits.cc[337] : (in function: getCLs) - At r = 1.200000:	q_mu = 4.53166	q_A  = 3.61497	Pmu = 0.01608	1-Pb  = 0.40475	CLs  = 0.03973
AsymptoticLimits.cc[337] : (in function: getCLs) - At r = 0.600000:	q_mu = 2.75498	q_A  = 2.02542	Pmu = 0.04653	1-Pb  = 0.39885	CLs  = 0.11666
AsymptoticLimits.cc[337] : (in function: getCLs) - At r = 0.977560:	q_mu = 3.93253	q_A  = 3.07258	Pmu = 0.02285	1-Pb  = 0.40311	CLs  = 0.05668
AsymptoticLimits.cc[337] : (in function: getCLs) - At r = 1.084866:	q_mu = 4.22855	q_A  = 3.33995	Pmu = 0.01920	1-Pb  = 0.40396	CLs  = 0.04752
AsymptoticLimits.cc[337] : (in function: getCLs) - At r = 1.038613:	q_mu = 4.10269	q_A  = 3.22608	Pmu = 0.02067	1-Pb  = 0.40360	CLs  = 0.05121
AsymptoticLimits.cc[337] : (in function: getCLs) - At r = 1.059665:	q_mu = 4.16027	q_A  = 3.27814	Pmu = 0.01998	1-Pb  = 0.40377	CLs  = 0.04948
AsymptoticLimits.cc[337] : (in function: getCLs) - At r = 1.050342:	q_mu = 4.13483	q_A  = 3.25513	Pmu = 0.02028	1-Pb  = 0.40370	CLs  = 0.05024
AsymptoticLimits.cc[337] : (in function: getCLs) - At r = 1.054539:	q_mu = 4.14629	q_A  = 3.26550	Pmu = 0.02014	1-Pb  = 0.40373	CLs  = 0.04990
AsymptoticLimits.cc[337] : (in function: getCLs) - At r = 1.052672:	q_mu = 4.14119	q_A  = 3.26088	Pmu = 0.02020	1-Pb  = 0.40371	CLs  = 0.05005
AsymptoticLimits.cc[337] : (in function: getCLs) - At r = 1.053511:	q_mu = 4.14348	q_A  = 3.26296	Pmu = 0.02018	1-Pb  = 0.40372	CLs  = 0.04998
AsymptoticLimits.cc[337] : (in function: getCLs) - At r = 1.053137:	q_mu = 4.14246	q_A  = 3.26203	Pmu = 0.02019	1-Pb  = 0.40372	CLs  = 0.05001
AsymptoticLimits.cc[337] : (in function: getCLs) - At r = 1.053305:	q_mu = 4.14309	q_A  = 3.26257	Pmu = 0.02018	1-Pb  = 0.40372	CLs  = 0.04999
AsymptoticLimits.cc[337] : (in function: getCLs) - At r = 1.053206:	q_mu = 4.14269	q_A  = 3.26224	Pmu = 0.02019	1-Pb  = 0.40372	CLs  = 0.05000
AsymptoticLimits.cc[337] : (in function: getCLs) - At r = 1.053244:	q_mu = 4.14277	q_A  = 3.26231	Pmu = 0.02019	1-Pb  = 0.40372	CLs  = 0.05000
AsymptoticLimits.cc[337] : (in function: getCLs) - At r = 1.053258:	q_mu = 4.14280	q_A  = 3.26234	Pmu = 0.02019	1-Pb  = 0.40372	CLs  = 0.05000
AsymptoticLimits.cc[337] : (in function: getCLs) - At r = 1.053252:	q_mu = 4.14297	q_A  = 3.26247	Pmu = 0.02018	1-Pb  = 0.40372	CLs  = 0.04999
AsymptoticLimits.cc[337] : (in function: getCLs) - At r = 1.053246:	q_mu = 4.14280	q_A  = 3.26235	Pmu = 0.02019	1-Pb  = 0.40372	CLs  = 0.05000
