CascadeMinimizer.cc[188] : (in function: improveOnce) - Minimization configured with Type=Minuit2, Algo=Migrad, strategy=0, tolerance=0.1
CascadeMinimizer.cc[215] : (in function: improveOnce) - Minimization finished with status=0
CascadeMinimizer.cc[219] : (in function: improveOnce) - Minimization success! status=0
ToyMCSamplerOpt.cc[146] : (in function: generateAsimov) - Using internal logic for binned/unbinned Asimov dataset generation
ToyMCSamplerOpt.cc[214] : (in function: generateWithHisto) - Generating asimov with histogram for pdf pdf_binfail_LOW_obsOnly: in 4 x-bins
ToyMCSamplerOpt.cc[215] : (in function: generateWithHisto) -  , in 1 y-bins
ToyMCSamplerOpt.cc[146] : (in function: generateAsimov) - Using internal logic for binned/unbinned Asimov dataset generation
ToyMCSamplerOpt.cc[214] : (in function: generateWithHisto) - Generating asimov with histogram for pdf pdf_binfail_SIG_obsOnly: in 3 x-bins
ToyMCSamplerOpt.cc[215] : (in function: generateWithHisto) -  , in 1 y-bins
ToyMCSamplerOpt.cc[146] : (in function: generateAsimov) - Using internal logic for binned/unbinned Asimov dataset generation
ToyMCSamplerOpt.cc[214] : (in function: generateWithHisto) - Generating asimov with histogram for pdf pdf_binfail_HIGH_obsOnly: in 7 x-bins
ToyMCSamplerOpt.cc[215] : (in function: generateWithHisto) -  , in 1 y-bins
ToyMCSamplerOpt.cc[146] : (in function: generateAsimov) - Using internal logic for binned/unbinned Asimov dataset generation
ToyMCSamplerOpt.cc[214] : (in function: generateWithHisto) - Generating asimov with histogram for pdf pdf_binpass_LOW_obsOnly: in 4 x-bins
ToyMCSamplerOpt.cc[215] : (in function: generateWithHisto) -  , in 1 y-bins
ToyMCSamplerOpt.cc[146] : (in function: generateAsimov) - Using internal logic for binned/unbinned Asimov dataset generation
ToyMCSamplerOpt.cc[214] : (in function: generateWithHisto) - Generating asimov with histogram for pdf pdf_binpass_SIG_obsOnly: in 3 x-bins
ToyMCSamplerOpt.cc[215] : (in function: generateWithHisto) -  , in 1 y-bins
ToyMCSamplerOpt.cc[146] : (in function: generateAsimov) - Using internal logic for binned/unbinned Asimov dataset generation
ToyMCSamplerOpt.cc[214] : (in function: generateWithHisto) - Generating asimov with histogram for pdf pdf_binpass_HIGH_obsOnly: in 7 x-bins
ToyMCSamplerOpt.cc[215] : (in function: generateWithHisto) -  , in 1 y-bins
AsymptoticLimits.cc[428] : (in function: runLimitExpected) - Median for expected limits = 1.02344, Sigma for expected limits = 0.522172
AsymptoticLimits.cc[191] : (in function: runLimit) - NLL at global minimum of data = -11150.6 (r=4.98114e-08)
AsymptoticLimits.cc[211] : (in function: runLimit) - NLL at global minimum of asimov = -11149.9 (r=7.39838e-08)
AsymptoticLimits.cc[337] : (in function: getCLs) - At r = 1.200000:	q_mu = 6.51986	q_A  = 4.66397	Pmu = 0.00481	1-Pb  = 0.33371	CLs  = 0.01441
AsymptoticLimits.cc[337] : (in function: getCLs) - At r = 0.600000:	q_mu = 3.63862	q_A  = 1.88811	Pmu = 0.02216	1-Pb  = 0.26207	CLs  = 0.08456
AsymptoticLimits.cc[337] : (in function: getCLs) - At r = 0.900000:	q_mu = 5.11073	q_A  = 3.25830	Pmu = 0.01022	1-Pb  = 0.30393	CLs  = 0.03362
AsymptoticLimits.cc[337] : (in function: getCLs) - At r = 0.736734:	q_mu = 4.31955	q_A  = 2.50290	Pmu = 0.01553	1-Pb  = 0.28294	CLs  = 0.05490
AsymptoticLimits.cc[337] : (in function: getCLs) - At r = 0.794306:	q_mu = 4.60094	q_A  = 2.76764	Pmu = 0.01339	1-Pb  = 0.29082	CLs  = 0.04605
AsymptoticLimits.cc[337] : (in function: getCLs) - At r = 0.761246:	q_mu = 4.43983	q_A  = 2.61520	Pmu = 0.01458	1-Pb  = 0.28633	CLs  = 0.05092
AsymptoticLimits.cc[337] : (in function: getCLs) - At r = 0.772668:	q_mu = 4.49551	q_A  = 2.66771	Pmu = 0.01416	1-Pb  = 0.28790	CLs  = 0.04918
AsymptoticLimits.cc[337] : (in function: getCLs) - At r = 0.766046:	q_mu = 4.46320	q_A  = 2.63725	Pmu = 0.01440	1-Pb  = 0.28699	CLs  = 0.05018
AsymptoticLimits.cc[337] : (in function: getCLs) - At r = 0.768331:	q_mu = 4.47434	q_A  = 2.64775	Pmu = 0.01432	1-Pb  = 0.28731	CLs  = 0.04984
AsymptoticLimits.cc[337] : (in function: getCLs) - At r = 0.767008:	q_mu = 4.46787	q_A  = 2.64166	Pmu = 0.01437	1-Pb  = 0.28713	CLs  = 0.05004
AsymptoticLimits.cc[337] : (in function: getCLs) - At r = 0.767466:	q_mu = 4.47010	q_A  = 2.64377	Pmu = 0.01435	1-Pb  = 0.28719	CLs  = 0.04997
AsymptoticLimits.cc[337] : (in function: getCLs) - At r = 0.767202:	q_mu = 4.46881	q_A  = 2.64255	Pmu = 0.01436	1-Pb  = 0.28715	CLs  = 0.05001
AsymptoticLimits.cc[337] : (in function: getCLs) - At r = 0.767294:	q_mu = 4.46938	q_A  = 2.64298	Pmu = 0.01436	1-Pb  = 0.28715	CLs  = 0.04999
AsymptoticLimits.cc[337] : (in function: getCLs) - At r = 0.767254:	q_mu = 4.46911	q_A  = 2.64279	Pmu = 0.01436	1-Pb  = 0.28716	CLs  = 0.05000
AsymptoticLimits.cc[337] : (in function: getCLs) - At r = 0.767237:	q_mu = 4.46900	q_A  = 2.64274	Pmu = 0.01436	1-Pb  = 0.28716	CLs  = 0.05000
AsymptoticLimits.cc[337] : (in function: getCLs) - At r = 0.767244:	q_mu = 4.46903	q_A  = 2.64276	Pmu = 0.01436	1-Pb  = 0.28716	CLs  = 0.05000
AsymptoticLimits.cc[337] : (in function: getCLs) - At r = 0.767249:	q_mu = 4.46904	q_A  = 2.64277	Pmu = 0.01436	1-Pb  = 0.28716	CLs  = 0.05000
