CascadeMinimizer.cc[188] : (in function: improveOnce) - Minimization configured with Type=Minuit2, Algo=Migrad, strategy=0, tolerance=0.1
CascadeMinimizer.cc[215] : (in function: improveOnce) - Minimization finished with status=0
CascadeMinimizer.cc[219] : (in function: improveOnce) - Minimization success! status=0
ToyMCSamplerOpt.cc[146] : (in function: generateAsimov) - Using internal logic for binned/unbinned Asimov dataset generation
ToyMCSamplerOpt.cc[214] : (in function: generateWithHisto) - Generating asimov with histogram for pdf pdf_binfail_LOW_obsOnly: in 4 x-bins
ToyMCSamplerOpt.cc[215] : (in function: generateWithHisto) -  , in 1 y-bins
ToyMCSamplerOpt.cc[146] : (in function: generateAsimov) - Using internal logic for binned/unbinned Asimov dataset generation
ToyMCSamplerOpt.cc[214] : (in function: generateWithHisto) - Generating asimov with histogram for pdf pdf_binfail_SIG_obsOnly: in 3 x-bins
ToyMCSamplerOpt.cc[215] : (in function: generateWithHisto) -  , in 1 y-bins
ToyMCSamplerOpt.cc[146] : (in function: generateAsimov) - Using internal logic for binned/unbinned Asimov dataset generation
ToyMCSamplerOpt.cc[214] : (in function: generateWithHisto) - Generating asimov with histogram for pdf pdf_binfail_HIGH_obsOnly: in 7 x-bins
ToyMCSamplerOpt.cc[215] : (in function: generateWithHisto) -  , in 1 y-bins
ToyMCSamplerOpt.cc[146] : (in function: generateAsimov) - Using internal logic for binned/unbinned Asimov dataset generation
ToyMCSamplerOpt.cc[214] : (in function: generateWithHisto) - Generating asimov with histogram for pdf pdf_binpass_LOW_obsOnly: in 4 x-bins
ToyMCSamplerOpt.cc[215] : (in function: generateWithHisto) -  , in 1 y-bins
ToyMCSamplerOpt.cc[146] : (in function: generateAsimov) - Using internal logic for binned/unbinned Asimov dataset generation
ToyMCSamplerOpt.cc[214] : (in function: generateWithHisto) - Generating asimov with histogram for pdf pdf_binpass_SIG_obsOnly: in 3 x-bins
ToyMCSamplerOpt.cc[215] : (in function: generateWithHisto) -  , in 1 y-bins
ToyMCSamplerOpt.cc[146] : (in function: generateAsimov) - Using internal logic for binned/unbinned Asimov dataset generation
ToyMCSamplerOpt.cc[214] : (in function: generateWithHisto) - Generating asimov with histogram for pdf pdf_binpass_HIGH_obsOnly: in 7 x-bins
ToyMCSamplerOpt.cc[215] : (in function: generateWithHisto) -  , in 1 y-bins
AsymptoticLimits.cc[428] : (in function: runLimitExpected) - Median for expected limits = 3.15625, Sigma for expected limits = 1.61036
AsymptoticLimits.cc[191] : (in function: runLimit) - NLL at global minimum of data = -11595.7 (r=0.947502)
AsymptoticLimits.cc[211] : (in function: runLimit) - NLL at global minimum of asimov = -11594.7 (r=0.0372433)
AsymptoticLimits.cc[337] : (in function: getCLs) - At r = 2.811633:	q_mu = 2.08979	q_A  = 3.36782	Pmu = 0.07414	1-Pb  = 0.65157	CLs  = 0.11379
AsymptoticLimits.cc[337] : (in function: getCLs) - At r = 5.623266:	q_mu = 5.88404	q_A  = 6.87835	Pmu = 0.00764	1-Pb  = 0.57807	CLs  = 0.01322
AsymptoticLimits.cc[337] : (in function: getCLs) - At r = 3.285384:	q_mu = 2.75673	q_A  = 4.01097	Pmu = 0.04842	1-Pb  = 0.63397	CLs  = 0.07638
AsymptoticLimits.cc[337] : (in function: getCLs) - At r = 4.454325:	q_mu = 4.37306	q_A  = 5.50761	Pmu = 0.01826	1-Pb  = 0.60089	CLs  = 0.03038
AsymptoticLimits.cc[337] : (in function: getCLs) - At r = 3.948963:	q_mu = 3.68242	q_A  = 4.87632	Pmu = 0.02749	1-Pb  = 0.61381	CLs  = 0.04479
AsymptoticLimits.cc[337] : (in function: getCLs) - At r = 3.706850:	q_mu = 3.34385	q_A  = 4.56551	Pmu = 0.03373	1-Pb  = 0.62099	CLs  = 0.05431
AsymptoticLimits.cc[337] : (in function: getCLs) - At r = 3.838437:	q_mu = 3.52846	q_A  = 4.73494	Pmu = 0.03016	1-Pb  = 0.61698	CLs  = 0.04889
AsymptoticLimits.cc[337] : (in function: getCLs) - At r = 3.789590:	q_mu = 3.45999	q_A  = 4.67214	Pmu = 0.03144	1-Pb  = 0.61845	CLs  = 0.05083
AsymptoticLimits.cc[337] : (in function: getCLs) - At r = 3.815850:	q_mu = 3.49683	q_A  = 4.70588	Pmu = 0.03074	1-Pb  = 0.61765	CLs  = 0.04977
AsymptoticLimits.cc[337] : (in function: getCLs) - At r = 3.806067:	q_mu = 3.48310	q_A  = 4.69330	Pmu = 0.03100	1-Pb  = 0.61795	CLs  = 0.05016
AsymptoticLimits.cc[337] : (in function: getCLs) - At r = 3.811320:	q_mu = 3.49046	q_A  = 4.70004	Pmu = 0.03086	1-Pb  = 0.61779	CLs  = 0.04996
AsymptoticLimits.cc[337] : (in function: getCLs) - At r = 3.809367:	q_mu = 3.48772	q_A  = 4.69753	Pmu = 0.03091	1-Pb  = 0.61785	CLs  = 0.05003
AsymptoticLimits.cc[337] : (in function: getCLs) - At r = 3.810418:	q_mu = 3.48920	q_A  = 4.69888	Pmu = 0.03089	1-Pb  = 0.61782	CLs  = 0.04999
AsymptoticLimits.cc[337] : (in function: getCLs) - At r = 3.810028:	q_mu = 3.48865	q_A  = 4.69838	Pmu = 0.03090	1-Pb  = 0.61783	CLs  = 0.05001
AsymptoticLimits.cc[337] : (in function: getCLs) - At r = 3.810239:	q_mu = 3.48894	q_A  = 4.69865	Pmu = 0.03089	1-Pb  = 0.61782	CLs  = 0.05000
AsymptoticLimits.cc[337] : (in function: getCLs) - At r = 3.810161:	q_mu = 3.48883	q_A  = 4.69855	Pmu = 0.03089	1-Pb  = 0.61782	CLs  = 0.05000
AsymptoticLimits.cc[337] : (in function: getCLs) - At r = 3.810203:	q_mu = 3.48889	q_A  = 4.69860	Pmu = 0.03089	1-Pb  = 0.61782	CLs  = 0.05000
AsymptoticLimits.cc[337] : (in function: getCLs) - At r = 3.810187:	q_mu = 3.48887	q_A  = 4.69858	Pmu = 0.03089	1-Pb  = 0.61782	CLs  = 0.05000
AsymptoticLimits.cc[337] : (in function: getCLs) - At r = 3.810196:	q_mu = 3.48888	q_A  = 4.69859	Pmu = 0.03089	1-Pb  = 0.61782	CLs  = 0.05000
