CascadeMinimizer.cc[188] : (in function: improveOnce) - Minimization configured with Type=Minuit2, Algo=Migrad, strategy=0, tolerance=0.1
CascadeMinimizer.cc[215] : (in function: improveOnce) - Minimization finished with status=0
CascadeMinimizer.cc[219] : (in function: improveOnce) - Minimization success! status=0
ToyMCSamplerOpt.cc[146] : (in function: generateAsimov) - Using internal logic for binned/unbinned Asimov dataset generation
ToyMCSamplerOpt.cc[214] : (in function: generateWithHisto) - Generating asimov with histogram for pdf pdf_binfail_LOW_obsOnly: in 4 x-bins
ToyMCSamplerOpt.cc[215] : (in function: generateWithHisto) -  , in 1 y-bins
ToyMCSamplerOpt.cc[146] : (in function: generateAsimov) - Using internal logic for binned/unbinned Asimov dataset generation
ToyMCSamplerOpt.cc[214] : (in function: generateWithHisto) - Generating asimov with histogram for pdf pdf_binfail_SIG_obsOnly: in 3 x-bins
ToyMCSamplerOpt.cc[215] : (in function: generateWithHisto) -  , in 1 y-bins
ToyMCSamplerOpt.cc[146] : (in function: generateAsimov) - Using internal logic for binned/unbinned Asimov dataset generation
ToyMCSamplerOpt.cc[214] : (in function: generateWithHisto) - Generating asimov with histogram for pdf pdf_binfail_HIGH_obsOnly: in 7 x-bins
ToyMCSamplerOpt.cc[215] : (in function: generateWithHisto) -  , in 1 y-bins
ToyMCSamplerOpt.cc[146] : (in function: generateAsimov) - Using internal logic for binned/unbinned Asimov dataset generation
ToyMCSamplerOpt.cc[214] : (in function: generateWithHisto) - Generating asimov with histogram for pdf pdf_binpass_LOW_obsOnly: in 4 x-bins
ToyMCSamplerOpt.cc[215] : (in function: generateWithHisto) -  , in 1 y-bins
ToyMCSamplerOpt.cc[146] : (in function: generateAsimov) - Using internal logic for binned/unbinned Asimov dataset generation
ToyMCSamplerOpt.cc[214] : (in function: generateWithHisto) - Generating asimov with histogram for pdf pdf_binpass_SIG_obsOnly: in 3 x-bins
ToyMCSamplerOpt.cc[215] : (in function: generateWithHisto) -  , in 1 y-bins
ToyMCSamplerOpt.cc[146] : (in function: generateAsimov) - Using internal logic for binned/unbinned Asimov dataset generation
ToyMCSamplerOpt.cc[214] : (in function: generateWithHisto) - Generating asimov with histogram for pdf pdf_binpass_HIGH_obsOnly: in 7 x-bins
ToyMCSamplerOpt.cc[215] : (in function: generateWithHisto) -  , in 1 y-bins
AsymptoticLimits.cc[428] : (in function: runLimitExpected) - Median for expected limits = 0.855469, Sigma for expected limits = 0.436472
AsymptoticLimits.cc[191] : (in function: runLimit) - NLL at global minimum of data = -11139 (r=2.10477e-06)
AsymptoticLimits.cc[211] : (in function: runLimit) - NLL at global minimum of asimov = -11138.4 (r=1.84765e-07)
AsymptoticLimits.cc[337] : (in function: getCLs) - At r = 1.200002:	q_mu = 7.46004	q_A  = 5.27653	Pmu = 0.00278	1-Pb  = 0.31729	CLs  = 0.00877
AsymptoticLimits.cc[337] : (in function: getCLs) - At r = 0.600002:	q_mu = 4.34197	q_A  = 2.67865	Pmu = 0.01598	1-Pb  = 0.30568	CLs  = 0.05229
AsymptoticLimits.cc[337] : (in function: getCLs) - At r = 0.900002:	q_mu = 5.99757	q_A  = 4.03271	Pmu = 0.00626	1-Pb  = 0.31234	CLs  = 0.02003
AsymptoticLimits.cc[337] : (in function: getCLs) - At r = 0.671209:	q_mu = 4.75611	q_A  = 3.01051	Pmu = 0.01261	1-Pb  = 0.30747	CLs  = 0.04100
AsymptoticLimits.cc[337] : (in function: getCLs) - At r = 0.624739:	q_mu = 4.48751	q_A  = 2.79466	Pmu = 0.01470	1-Pb  = 0.30632	CLs  = 0.04799
AsymptoticLimits.cc[337] : (in function: getCLs) - At r = 0.610343:	q_mu = 4.40311	q_A  = 2.72721	Pmu = 0.01543	1-Pb  = 0.30593	CLs  = 0.05044
AsymptoticLimits.cc[337] : (in function: getCLs) - At r = 0.615254:	q_mu = 4.43193	q_A  = 2.75021	Pmu = 0.01518	1-Pb  = 0.30606	CLs  = 0.04959
AsymptoticLimits.cc[337] : (in function: getCLs) - At r = 0.612372:	q_mu = 4.41497	q_A  = 2.73669	Pmu = 0.01533	1-Pb  = 0.30599	CLs  = 0.05009
AsymptoticLimits.cc[337] : (in function: getCLs) - At r = 0.613358:	q_mu = 4.42077	q_A  = 2.74131	Pmu = 0.01528	1-Pb  = 0.30601	CLs  = 0.04992
AsymptoticLimits.cc[337] : (in function: getCLs) - At r = 0.612782:	q_mu = 4.41746	q_A  = 2.73862	Pmu = 0.01530	1-Pb  = 0.30599	CLs  = 0.05002
AsymptoticLimits.cc[337] : (in function: getCLs) - At r = 0.612972:	q_mu = 4.41851	q_A  = 2.73950	Pmu = 0.01530	1-Pb  = 0.30600	CLs  = 0.04998
AsymptoticLimits.cc[337] : (in function: getCLs) - At r = 0.612859:	q_mu = 4.41784	q_A  = 2.73896	Pmu = 0.01530	1-Pb  = 0.30600	CLs  = 0.05000
AsymptoticLimits.cc[337] : (in function: getCLs) - At r = 0.612901:	q_mu = 4.41808	q_A  = 2.73919	Pmu = 0.01530	1-Pb  = 0.30601	CLs  = 0.05000
AsymptoticLimits.cc[337] : (in function: getCLs) - At r = 0.612878:	q_mu = 4.41795	q_A  = 2.73906	Pmu = 0.01530	1-Pb  = 0.30600	CLs  = 0.05000
AsymptoticLimits.cc[337] : (in function: getCLs) - At r = 0.612888:	q_mu = 4.41808	q_A  = 2.73910	Pmu = 0.01530	1-Pb  = 0.30599	CLs  = 0.05000
AsymptoticLimits.cc[337] : (in function: getCLs) - At r = 0.612883:	q_mu = 4.41799	q_A  = 2.73907	Pmu = 0.01530	1-Pb  = 0.30600	CLs  = 0.05000
