CascadeMinimizer.cc[188] : (in function: improveOnce) - Minimization configured with Type=Minuit2, Algo=Migrad, strategy=0, tolerance=0.1
CascadeMinimizer.cc[215] : (in function: improveOnce) - Minimization finished with status=0
CascadeMinimizer.cc[219] : (in function: improveOnce) - Minimization success! status=0
ToyMCSamplerOpt.cc[146] : (in function: generateAsimov) - Using internal logic for binned/unbinned Asimov dataset generation
ToyMCSamplerOpt.cc[214] : (in function: generateWithHisto) - Generating asimov with histogram for pdf pdf_binfail_LOW_obsOnly: in 4 x-bins
ToyMCSamplerOpt.cc[215] : (in function: generateWithHisto) -  , in 1 y-bins
ToyMCSamplerOpt.cc[146] : (in function: generateAsimov) - Using internal logic for binned/unbinned Asimov dataset generation
ToyMCSamplerOpt.cc[214] : (in function: generateWithHisto) - Generating asimov with histogram for pdf pdf_binfail_SIG_obsOnly: in 3 x-bins
ToyMCSamplerOpt.cc[215] : (in function: generateWithHisto) -  , in 1 y-bins
ToyMCSamplerOpt.cc[146] : (in function: generateAsimov) - Using internal logic for binned/unbinned Asimov dataset generation
ToyMCSamplerOpt.cc[214] : (in function: generateWithHisto) - Generating asimov with histogram for pdf pdf_binfail_HIGH_obsOnly: in 7 x-bins
ToyMCSamplerOpt.cc[215] : (in function: generateWithHisto) -  , in 1 y-bins
ToyMCSamplerOpt.cc[146] : (in function: generateAsimov) - Using internal logic for binned/unbinned Asimov dataset generation
ToyMCSamplerOpt.cc[214] : (in function: generateWithHisto) - Generating asimov with histogram for pdf pdf_binpass_LOW_obsOnly: in 4 x-bins
ToyMCSamplerOpt.cc[215] : (in function: generateWithHisto) -  , in 1 y-bins
ToyMCSamplerOpt.cc[146] : (in function: generateAsimov) - Using internal logic for binned/unbinned Asimov dataset generation
ToyMCSamplerOpt.cc[214] : (in function: generateWithHisto) - Generating asimov with histogram for pdf pdf_binpass_SIG_obsOnly: in 3 x-bins
ToyMCSamplerOpt.cc[215] : (in function: generateWithHisto) -  , in 1 y-bins
ToyMCSamplerOpt.cc[146] : (in function: generateAsimov) - Using internal logic for binned/unbinned Asimov dataset generation
ToyMCSamplerOpt.cc[214] : (in function: generateWithHisto) - Generating asimov with histogram for pdf pdf_binpass_HIGH_obsOnly: in 7 x-bins
ToyMCSamplerOpt.cc[215] : (in function: generateWithHisto) -  , in 1 y-bins
AsymptoticLimits.cc[428] : (in function: runLimitExpected) - Median for expected limits = 1.5625, Sigma for expected limits = 0.797209
AsymptoticLimits.cc[191] : (in function: runLimit) - NLL at global minimum of data = -11588.4 (r=8.35262e-09)
AsymptoticLimits.cc[211] : (in function: runLimit) - NLL at global minimum of asimov = -11588.2 (r=1.42279e-11)
AsymptoticLimits.cc[337] : (in function: getCLs) - At r = 1.200000:	q_mu = 3.97833	q_A  = 3.07451	Pmu = 0.02215	1-Pb  = 0.39831	CLs  = 0.05562
AsymptoticLimits.cc[337] : (in function: getCLs) - At r = 2.400000:	q_mu = 6.38715	q_A  = 5.39764	Pmu = 0.00560	1-Pb  = 0.41568	CLs  = 0.01348
AsymptoticLimits.cc[337] : (in function: getCLs) - At r = 1.200000:	q_mu = 3.97834	q_A  = 3.07449	Pmu = 0.02215	1-Pb  = 0.39830	CLs  = 0.05562
AsymptoticLimits.cc[337] : (in function: getCLs) - At r = 1.800000:	q_mu = 5.28106	q_A  = 4.31567	Pmu = 0.01045	1-Pb  = 0.40813	CLs  = 0.02561
AsymptoticLimits.cc[337] : (in function: getCLs) - At r = 1.385922:	q_mu = 4.40848	q_A  = 3.47947	Pmu = 0.01724	1-Pb  = 0.40167	CLs  = 0.04293
AsymptoticLimits.cc[337] : (in function: getCLs) - At r = 1.298354:	q_mu = 4.20929	q_A  = 3.29131	Pmu = 0.01936	1-Pb  = 0.40013	CLs  = 0.04838
AsymptoticLimits.cc[337] : (in function: getCLs) - At r = 1.260088:	q_mu = 4.12042	q_A  = 3.20762	Pmu = 0.02039	1-Pb  = 0.39943	CLs  = 0.05104
AsymptoticLimits.cc[337] : (in function: getCLs) - At r = 1.279517:	q_mu = 4.16564	q_A  = 3.25017	Pmu = 0.01986	1-Pb  = 0.39979	CLs  = 0.04967
AsymptoticLimits.cc[337] : (in function: getCLs) - At r = 1.271833:	q_mu = 4.14775	q_A  = 3.23335	Pmu = 0.02006	1-Pb  = 0.39965	CLs  = 0.05021
AsymptoticLimits.cc[337] : (in function: getCLs) - At r = 1.275716:	q_mu = 4.15678	q_A  = 3.24184	Pmu = 0.01996	1-Pb  = 0.39972	CLs  = 0.04993
AsymptoticLimits.cc[337] : (in function: getCLs) - At r = 1.274181:	q_mu = 4.15321	q_A  = 3.23848	Pmu = 0.02000	1-Pb  = 0.39969	CLs  = 0.05004
AsymptoticLimits.cc[337] : (in function: getCLs) - At r = 1.274958:	q_mu = 4.15519	q_A  = 3.24018	Pmu = 0.01998	1-Pb  = 0.39968	CLs  = 0.04998
AsymptoticLimits.cc[337] : (in function: getCLs) - At r = 1.274622:	q_mu = 4.15428	q_A  = 3.23945	Pmu = 0.01999	1-Pb  = 0.39969	CLs  = 0.05001
AsymptoticLimits.cc[337] : (in function: getCLs) - At r = 1.274786:	q_mu = 4.15463	q_A  = 3.23993	Pmu = 0.01998	1-Pb  = 0.39971	CLs  = 0.05000
AsymptoticLimits.cc[337] : (in function: getCLs) - At r = 1.274724:	q_mu = 4.15447	q_A  = 3.23971	Pmu = 0.01999	1-Pb  = 0.39970	CLs  = 0.05000
AsymptoticLimits.cc[337] : (in function: getCLs) - At r = 1.274761:	q_mu = 4.15475	q_A  = 3.23977	Pmu = 0.01998	1-Pb  = 0.39968	CLs  = 0.05000
AsymptoticLimits.cc[337] : (in function: getCLs) - At r = 1.274744:	q_mu = 4.15457	q_A  = 3.23987	Pmu = 0.01999	1-Pb  = 0.39971	CLs  = 0.05000
AsymptoticLimits.cc[337] : (in function: getCLs) - At r = 1.274736:	q_mu = 4.15451	q_A  = 3.23975	Pmu = 0.01999	1-Pb  = 0.39970	CLs  = 0.05000
AsymptoticLimits.cc[337] : (in function: getCLs) - At r = 1.274740:	q_mu = 4.15472	q_A  = 3.23972	Pmu = 0.01998	1-Pb  = 0.39968	CLs  = 0.05000
