CascadeMinimizer.cc[188] : (in function: improveOnce) - Minimization configured with Type=Minuit2, Algo=Migrad, strategy=0, tolerance=0.1
CascadeMinimizer.cc[215] : (in function: improveOnce) - Minimization finished with status=0
CascadeMinimizer.cc[219] : (in function: improveOnce) - Minimization success! status=0
ToyMCSamplerOpt.cc[146] : (in function: generateAsimov) - Using internal logic for binned/unbinned Asimov dataset generation
ToyMCSamplerOpt.cc[214] : (in function: generateWithHisto) - Generating asimov with histogram for pdf pdf_binfail_LOW_obsOnly: in 4 x-bins
ToyMCSamplerOpt.cc[215] : (in function: generateWithHisto) -  , in 1 y-bins
ToyMCSamplerOpt.cc[146] : (in function: generateAsimov) - Using internal logic for binned/unbinned Asimov dataset generation
ToyMCSamplerOpt.cc[214] : (in function: generateWithHisto) - Generating asimov with histogram for pdf pdf_binfail_SIG_obsOnly: in 3 x-bins
ToyMCSamplerOpt.cc[215] : (in function: generateWithHisto) -  , in 1 y-bins
ToyMCSamplerOpt.cc[146] : (in function: generateAsimov) - Using internal logic for binned/unbinned Asimov dataset generation
ToyMCSamplerOpt.cc[214] : (in function: generateWithHisto) - Generating asimov with histogram for pdf pdf_binfail_HIGH_obsOnly: in 7 x-bins
ToyMCSamplerOpt.cc[215] : (in function: generateWithHisto) -  , in 1 y-bins
ToyMCSamplerOpt.cc[146] : (in function: generateAsimov) - Using internal logic for binned/unbinned Asimov dataset generation
ToyMCSamplerOpt.cc[214] : (in function: generateWithHisto) - Generating asimov with histogram for pdf pdf_binpass_LOW_obsOnly: in 4 x-bins
ToyMCSamplerOpt.cc[215] : (in function: generateWithHisto) -  , in 1 y-bins
ToyMCSamplerOpt.cc[146] : (in function: generateAsimov) - Using internal logic for binned/unbinned Asimov dataset generation
ToyMCSamplerOpt.cc[214] : (in function: generateWithHisto) - Generating asimov with histogram for pdf pdf_binpass_SIG_obsOnly: in 3 x-bins
ToyMCSamplerOpt.cc[215] : (in function: generateWithHisto) -  , in 1 y-bins
ToyMCSamplerOpt.cc[146] : (in function: generateAsimov) - Using internal logic for binned/unbinned Asimov dataset generation
ToyMCSamplerOpt.cc[214] : (in function: generateWithHisto) - Generating asimov with histogram for pdf pdf_binpass_HIGH_obsOnly: in 7 x-bins
ToyMCSamplerOpt.cc[215] : (in function: generateWithHisto) -  , in 1 y-bins
AsymptoticLimits.cc[428] : (in function: runLimitExpected) - Median for expected limits = 2.6875, Sigma for expected limits = 1.3712
AsymptoticLimits.cc[191] : (in function: runLimit) - NLL at global minimum of data = -11583.8 (r=1.21241e-07)
AsymptoticLimits.cc[211] : (in function: runLimit) - NLL at global minimum of asimov = -11583.6 (r=3.74382e-06)
AsymptoticLimits.cc[337] : (in function: getCLs) - At r = 1.200000:	q_mu = 2.50578	q_A  = 2.03106	Pmu = 0.05573	1-Pb  = 0.43386	CLs  = 0.12844
AsymptoticLimits.cc[337] : (in function: getCLs) - At r = 2.400000:	q_mu = 4.12126	q_A  = 3.53432	Pmu = 0.02087	1-Pb  = 0.43798	CLs  = 0.04765
AsymptoticLimits.cc[337] : (in function: getCLs) - At r = 1.200000:	q_mu = 2.50580	q_A  = 2.03108	Pmu = 0.05572	1-Pb  = 0.43386	CLs  = 0.12844
AsymptoticLimits.cc[337] : (in function: getCLs) - At r = 2.113462:	q_mu = 3.77718	q_A  = 3.21088	Pmu = 0.02559	1-Pb  = 0.43722	CLs  = 0.05854
AsymptoticLimits.cc[337] : (in function: getCLs) - At r = 2.289127:	q_mu = 3.99055	q_A  = 3.41130	Pmu = 0.02255	1-Pb  = 0.43770	CLs  = 0.05151
AsymptoticLimits.cc[337] : (in function: getCLs) - At r = 2.345244:	q_mu = 4.05709	q_A  = 3.47389	Pmu = 0.02168	1-Pb  = 0.43784	CLs  = 0.04951
AsymptoticLimits.cc[337] : (in function: getCLs) - At r = 2.322842:	q_mu = 4.03061	q_A  = 3.44898	Pmu = 0.02202	1-Pb  = 0.43778	CLs  = 0.05030
AsymptoticLimits.cc[337] : (in function: getCLs) - At r = 2.334022:	q_mu = 4.04383	q_A  = 3.46142	Pmu = 0.02185	1-Pb  = 0.43781	CLs  = 0.04990
AsymptoticLimits.cc[337] : (in function: getCLs) - At r = 2.329535:	q_mu = 4.03853	q_A  = 3.45643	Pmu = 0.02192	1-Pb  = 0.43780	CLs  = 0.05006
AsymptoticLimits.cc[337] : (in function: getCLs) - At r = 2.331770:	q_mu = 4.04117	q_A  = 3.45891	Pmu = 0.02188	1-Pb  = 0.43781	CLs  = 0.04998
AsymptoticLimits.cc[337] : (in function: getCLs) - At r = 2.330872:	q_mu = 4.04011	q_A  = 3.45792	Pmu = 0.02190	1-Pb  = 0.43780	CLs  = 0.05001
AsymptoticLimits.cc[337] : (in function: getCLs) - At r = 2.331319:	q_mu = 4.04081	q_A  = 3.45841	Pmu = 0.02189	1-Pb  = 0.43779	CLs  = 0.04999
AsymptoticLimits.cc[337] : (in function: getCLs) - At r = 2.331092:	q_mu = 4.04041	q_A  = 3.45828	Pmu = 0.02189	1-Pb  = 0.43781	CLs  = 0.05000
AsymptoticLimits.cc[337] : (in function: getCLs) - At r = 2.331176:	q_mu = 4.04048	q_A  = 3.45829	Pmu = 0.02189	1-Pb  = 0.43781	CLs  = 0.05000
AsymptoticLimits.cc[337] : (in function: getCLs) - At r = 2.331212:	q_mu = 4.04052	q_A  = 3.45830	Pmu = 0.02189	1-Pb  = 0.43780	CLs  = 0.05000
AsymptoticLimits.cc[337] : (in function: getCLs) - At r = 2.331192:	q_mu = 4.04069	q_A  = 3.45828	Pmu = 0.02189	1-Pb  = 0.43778	CLs  = 0.05000
AsymptoticLimits.cc[337] : (in function: getCLs) - At r = 2.331181:	q_mu = 4.04052	q_A  = 3.45840	Pmu = 0.02189	1-Pb  = 0.43782	CLs  = 0.05000
