CascadeMinimizer.cc[188] : (in function: improveOnce) - Minimization configured with Type=Minuit2, Algo=Migrad, strategy=0, tolerance=0.1
CascadeMinimizer.cc[215] : (in function: improveOnce) - Minimization finished with status=0
CascadeMinimizer.cc[219] : (in function: improveOnce) - Minimization success! status=0
ToyMCSamplerOpt.cc[146] : (in function: generateAsimov) - Using internal logic for binned/unbinned Asimov dataset generation
ToyMCSamplerOpt.cc[214] : (in function: generateWithHisto) - Generating asimov with histogram for pdf pdf_binfail_LOW_obsOnly: in 4 x-bins
ToyMCSamplerOpt.cc[215] : (in function: generateWithHisto) -  , in 1 y-bins
ToyMCSamplerOpt.cc[146] : (in function: generateAsimov) - Using internal logic for binned/unbinned Asimov dataset generation
ToyMCSamplerOpt.cc[214] : (in function: generateWithHisto) - Generating asimov with histogram for pdf pdf_binfail_SIG_obsOnly: in 3 x-bins
ToyMCSamplerOpt.cc[215] : (in function: generateWithHisto) -  , in 1 y-bins
ToyMCSamplerOpt.cc[146] : (in function: generateAsimov) - Using internal logic for binned/unbinned Asimov dataset generation
ToyMCSamplerOpt.cc[214] : (in function: generateWithHisto) - Generating asimov with histogram for pdf pdf_binfail_HIGH_obsOnly: in 7 x-bins
ToyMCSamplerOpt.cc[215] : (in function: generateWithHisto) -  , in 1 y-bins
ToyMCSamplerOpt.cc[146] : (in function: generateAsimov) - Using internal logic for binned/unbinned Asimov dataset generation
ToyMCSamplerOpt.cc[214] : (in function: generateWithHisto) - Generating asimov with histogram for pdf pdf_binpass_LOW_obsOnly: in 4 x-bins
ToyMCSamplerOpt.cc[215] : (in function: generateWithHisto) -  , in 1 y-bins
ToyMCSamplerOpt.cc[146] : (in function: generateAsimov) - Using internal logic for binned/unbinned Asimov dataset generation
ToyMCSamplerOpt.cc[214] : (in function: generateWithHisto) - Generating asimov with histogram for pdf pdf_binpass_SIG_obsOnly: in 3 x-bins
ToyMCSamplerOpt.cc[215] : (in function: generateWithHisto) -  , in 1 y-bins
ToyMCSamplerOpt.cc[146] : (in function: generateAsimov) - Using internal logic for binned/unbinned Asimov dataset generation
ToyMCSamplerOpt.cc[214] : (in function: generateWithHisto) - Generating asimov with histogram for pdf pdf_binpass_HIGH_obsOnly: in 7 x-bins
ToyMCSamplerOpt.cc[215] : (in function: generateWithHisto) -  , in 1 y-bins
AsymptoticLimits.cc[415] : (in function: runLimitExpected) - [WARNING] Best fit of asimov dataset is at r = 0.108396 (0.005420 times rMax), while it should be at zero
AsymptoticLimits.cc[428] : (in function: runLimitExpected) - Median for expected limits = 14.875, Sigma for expected limits = 7.58943
AsymptoticLimits.cc[191] : (in function: runLimit) - NLL at global minimum of data = -11599 (r=5.17652)
AsymptoticLimits.cc[211] : (in function: runLimit) - NLL at global minimum of asimov = -11598.1 (r=0.142816)
AsymptoticLimits.cc[337] : (in function: getCLs) - At r = 11.008969:	q_mu = 1.61400	q_A  = 2.23367	Pmu = 0.10197	1-Pb  = 0.58867	CLs  = 0.17321
AsymptoticLimits.cc[337] : (in function: getCLs) - At r = 22.017938:	q_mu = 5.98205	q_A  = 6.72212	Pmu = 0.00723	1-Pb  = 0.55839	CLs  = 0.01294
AsymptoticLimits.cc[337] : (in function: getCLs) - At r = 13.597230:	q_mu = 2.64383	q_A  = 3.30905	Pmu = 0.05198	1-Pb  = 0.57656	CLs  = 0.09015
AsymptoticLimits.cc[337] : (in function: getCLs) - At r = 17.807584:	q_mu = 4.34050	q_A  = 5.05311	Pmu = 0.01861	1-Pb  = 0.56534	CLs  = 0.03291
AsymptoticLimits.cc[337] : (in function: getCLs) - At r = 15.567772:	q_mu = 3.44088	q_A  = 4.13156	Pmu = 0.03180	1-Pb  = 0.57051	CLs  = 0.05574
AsymptoticLimits.cc[337] : (in function: getCLs) - At r = 16.385468:	q_mu = 3.77078	q_A  = 4.47016	Pmu = 0.02608	1-Pb  = 0.56845	CLs  = 0.04588
AsymptoticLimits.cc[337] : (in function: getCLs) - At r = 15.932803:	q_mu = 3.58845	q_A  = 4.28289	Pmu = 0.02909	1-Pb  = 0.56954	CLs  = 0.05108
AsymptoticLimits.cc[337] : (in function: getCLs) - At r = 16.095279:	q_mu = 3.65383	q_A  = 4.35018	Pmu = 0.02797	1-Pb  = 0.56915	CLs  = 0.04914
AsymptoticLimits.cc[337] : (in function: getCLs) - At r = 16.004649:	q_mu = 3.61726	q_A  = 4.31266	Pmu = 0.02859	1-Pb  = 0.56938	CLs  = 0.05022
AsymptoticLimits.cc[337] : (in function: getCLs) - At r = 16.037223:	q_mu = 3.63041	q_A  = 4.32615	Pmu = 0.02837	1-Pb  = 0.56929	CLs  = 0.04983
AsymptoticLimits.cc[337] : (in function: getCLs) - At r = 16.019086:	q_mu = 3.62309	q_A  = 4.31864	Pmu = 0.02849	1-Pb  = 0.56934	CLs  = 0.05004
AsymptoticLimits.cc[337] : (in function: getCLs) - At r = 16.025595:	q_mu = 3.62572	q_A  = 4.32134	Pmu = 0.02845	1-Pb  = 0.56932	CLs  = 0.04997
AsymptoticLimits.cc[337] : (in function: getCLs) - At r = 16.021967:	q_mu = 3.62426	q_A  = 4.31984	Pmu = 0.02847	1-Pb  = 0.56933	CLs  = 0.05001
AsymptoticLimits.cc[337] : (in function: getCLs) - At r = 16.023267:	q_mu = 3.62478	q_A  = 4.32038	Pmu = 0.02846	1-Pb  = 0.56933	CLs  = 0.04999
AsymptoticLimits.cc[337] : (in function: getCLs) - At r = 16.022541:	q_mu = 3.62449	q_A  = 4.32008	Pmu = 0.02847	1-Pb  = 0.56933	CLs  = 0.05000
AsymptoticLimits.cc[337] : (in function: getCLs) - At r = 16.022801:	q_mu = 3.62459	q_A  = 4.32018	Pmu = 0.02847	1-Pb  = 0.56933	CLs  = 0.05000
AsymptoticLimits.cc[337] : (in function: getCLs) - At r = 16.022657:	q_mu = 3.62454	q_A  = 4.32012	Pmu = 0.02847	1-Pb  = 0.56933	CLs  = 0.05000
AsymptoticLimits.cc[337] : (in function: getCLs) - At r = 16.022708:	q_mu = 3.62456	q_A  = 4.32014	Pmu = 0.02847	1-Pb  = 0.56933	CLs  = 0.05000
