CascadeMinimizer.cc[188] : (in function: improveOnce) - Minimization configured with Type=Minuit2, Algo=Migrad, strategy=0, tolerance=0.1
CascadeMinimizer.cc[215] : (in function: improveOnce) - Minimization finished with status=0
CascadeMinimizer.cc[219] : (in function: improveOnce) - Minimization success! status=0
ToyMCSamplerOpt.cc[146] : (in function: generateAsimov) - Using internal logic for binned/unbinned Asimov dataset generation
ToyMCSamplerOpt.cc[214] : (in function: generateWithHisto) - Generating asimov with histogram for pdf pdf_binfail_LOW_obsOnly: in 4 x-bins
ToyMCSamplerOpt.cc[215] : (in function: generateWithHisto) -  , in 1 y-bins
ToyMCSamplerOpt.cc[146] : (in function: generateAsimov) - Using internal logic for binned/unbinned Asimov dataset generation
ToyMCSamplerOpt.cc[214] : (in function: generateWithHisto) - Generating asimov with histogram for pdf pdf_binfail_SIG_obsOnly: in 3 x-bins
ToyMCSamplerOpt.cc[215] : (in function: generateWithHisto) -  , in 1 y-bins
ToyMCSamplerOpt.cc[146] : (in function: generateAsimov) - Using internal logic for binned/unbinned Asimov dataset generation
ToyMCSamplerOpt.cc[214] : (in function: generateWithHisto) - Generating asimov with histogram for pdf pdf_binfail_HIGH_obsOnly: in 7 x-bins
ToyMCSamplerOpt.cc[215] : (in function: generateWithHisto) -  , in 1 y-bins
ToyMCSamplerOpt.cc[146] : (in function: generateAsimov) - Using internal logic for binned/unbinned Asimov dataset generation
ToyMCSamplerOpt.cc[214] : (in function: generateWithHisto) - Generating asimov with histogram for pdf pdf_binpass_LOW_obsOnly: in 4 x-bins
ToyMCSamplerOpt.cc[215] : (in function: generateWithHisto) -  , in 1 y-bins
ToyMCSamplerOpt.cc[146] : (in function: generateAsimov) - Using internal logic for binned/unbinned Asimov dataset generation
ToyMCSamplerOpt.cc[214] : (in function: generateWithHisto) - Generating asimov with histogram for pdf pdf_binpass_SIG_obsOnly: in 3 x-bins
ToyMCSamplerOpt.cc[215] : (in function: generateWithHisto) -  , in 1 y-bins
ToyMCSamplerOpt.cc[146] : (in function: generateAsimov) - Using internal logic for binned/unbinned Asimov dataset generation
ToyMCSamplerOpt.cc[214] : (in function: generateWithHisto) - Generating asimov with histogram for pdf pdf_binpass_HIGH_obsOnly: in 7 x-bins
ToyMCSamplerOpt.cc[215] : (in function: generateWithHisto) -  , in 1 y-bins
AsymptoticLimits.cc[428] : (in function: runLimitExpected) - Median for expected limits = 3.6875, Sigma for expected limits = 1.88141
AsymptoticLimits.cc[191] : (in function: runLimit) - NLL at global minimum of data = -11593.1 (r=5.5549e-07)
AsymptoticLimits.cc[211] : (in function: runLimit) - NLL at global minimum of asimov = -11592.9 (r=5.99657e-08)
AsymptoticLimits.cc[337] : (in function: getCLs) - At r = 1.200001:	q_mu = 3.78182	q_A  = 0.88259	Pmu = 0.00652	1-Pb  = 0.06141	CLs  = 0.10622
AsymptoticLimits.cc[337] : (in function: getCLs) - At r = 2.400001:	q_mu = 6.48852	q_A  = 2.31072	Pmu = 0.00190	1-Pb  = 0.08469	CLs  = 0.02244
AsymptoticLimits.cc[337] : (in function: getCLs) - At r = 1.200001:	q_mu = 3.78177	q_A  = 0.86713	Pmu = 0.00628	1-Pb  = 0.05879	CLs  = 0.10676
AsymptoticLimits.cc[337] : (in function: getCLs) - At r = 1.906826:	q_mu = 5.45793	q_A  = 1.70685	Pmu = 0.00305	1-Pb  = 0.07556	CLs  = 0.04040
AsymptoticLimits.cc[337] : (in function: getCLs) - At r = 1.641440:	q_mu = 4.85992	q_A  = 1.38402	Pmu = 0.00398	1-Pb  = 0.06980	CLs  = 0.05703
AsymptoticLimits.cc[337] : (in function: getCLs) - At r = 1.775522:	q_mu = 5.16625	q_A  = 1.54658	Pmu = 0.00348	1-Pb  = 0.07279	CLs  = 0.04778
AsymptoticLimits.cc[337] : (in function: getCLs) - At r = 1.721196:	q_mu = 5.04321	q_A  = 1.48053	Pmu = 0.00367	1-Pb  = 0.07160	CLs  = 0.05130
AsymptoticLimits.cc[337] : (in function: getCLs) - At r = 1.747743:	q_mu = 5.10348	q_A  = 1.51279	Pmu = 0.00358	1-Pb  = 0.07219	CLs  = 0.04954
AsymptoticLimits.cc[337] : (in function: getCLs) - At r = 1.736831:	q_mu = 5.07873	q_A  = 1.49951	Pmu = 0.00362	1-Pb  = 0.07195	CLs  = 0.05026
AsymptoticLimits.cc[337] : (in function: getCLs) - At r = 1.742135:	q_mu = 5.09077	q_A  = 1.50595	Pmu = 0.00360	1-Pb  = 0.07206	CLs  = 0.04991
AsymptoticLimits.cc[337] : (in function: getCLs) - At r = 1.739953:	q_mu = 5.08581	q_A  = 1.50330	Pmu = 0.00360	1-Pb  = 0.07201	CLs  = 0.05005
AsymptoticLimits.cc[337] : (in function: getCLs) - At r = 1.741013:	q_mu = 5.08822	q_A  = 1.50459	Pmu = 0.00360	1-Pb  = 0.07204	CLs  = 0.04998
AsymptoticLimits.cc[337] : (in function: getCLs) - At r = 1.740577:	q_mu = 5.08723	q_A  = 1.50405	Pmu = 0.00360	1-Pb  = 0.07203	CLs  = 0.05001
AsymptoticLimits.cc[337] : (in function: getCLs) - At r = 1.740789:	q_mu = 5.08771	q_A  = 1.50431	Pmu = 0.00360	1-Pb  = 0.07203	CLs  = 0.05000
AsymptoticLimits.cc[337] : (in function: getCLs) - At r = 1.740702:	q_mu = 5.08751	q_A  = 1.50421	Pmu = 0.00360	1-Pb  = 0.07203	CLs  = 0.05000
AsymptoticLimits.cc[337] : (in function: getCLs) - At r = 1.740745:	q_mu = 5.08761	q_A  = 1.50426	Pmu = 0.00360	1-Pb  = 0.07203	CLs  = 0.05000
AsymptoticLimits.cc[337] : (in function: getCLs) - At r = 1.740727:	q_mu = 5.08760	q_A  = 1.50424	Pmu = 0.00360	1-Pb  = 0.07203	CLs  = 0.05000
AsymptoticLimits.cc[337] : (in function: getCLs) - At r = 1.740720:	q_mu = 5.08756	q_A  = 1.50423	Pmu = 0.00360	1-Pb  = 0.07203	CLs  = 0.05000
AsymptoticLimits.cc[337] : (in function: getCLs) - At r = 1.740724:	q_mu = 5.08757	q_A  = 1.50423	Pmu = 0.00360	1-Pb  = 0.07203	CLs  = 0.05000
