CascadeMinimizer.cc[188] : (in function: improveOnce) - Minimization configured with Type=Minuit2, Algo=Migrad, strategy=0, tolerance=0.1
CascadeMinimizer.cc[215] : (in function: improveOnce) - Minimization finished with status=0
CascadeMinimizer.cc[219] : (in function: improveOnce) - Minimization success! status=0
ToyMCSamplerOpt.cc[146] : (in function: generateAsimov) - Using internal logic for binned/unbinned Asimov dataset generation
ToyMCSamplerOpt.cc[214] : (in function: generateWithHisto) - Generating asimov with histogram for pdf pdf_binfail_LOW_obsOnly: in 4 x-bins
ToyMCSamplerOpt.cc[215] : (in function: generateWithHisto) -  , in 1 y-bins
ToyMCSamplerOpt.cc[146] : (in function: generateAsimov) - Using internal logic for binned/unbinned Asimov dataset generation
ToyMCSamplerOpt.cc[214] : (in function: generateWithHisto) - Generating asimov with histogram for pdf pdf_binfail_SIG_obsOnly: in 3 x-bins
ToyMCSamplerOpt.cc[215] : (in function: generateWithHisto) -  , in 1 y-bins
ToyMCSamplerOpt.cc[146] : (in function: generateAsimov) - Using internal logic for binned/unbinned Asimov dataset generation
ToyMCSamplerOpt.cc[214] : (in function: generateWithHisto) - Generating asimov with histogram for pdf pdf_binfail_HIGH_obsOnly: in 7 x-bins
ToyMCSamplerOpt.cc[215] : (in function: generateWithHisto) -  , in 1 y-bins
ToyMCSamplerOpt.cc[146] : (in function: generateAsimov) - Using internal logic for binned/unbinned Asimov dataset generation
ToyMCSamplerOpt.cc[214] : (in function: generateWithHisto) - Generating asimov with histogram for pdf pdf_binpass_LOW_obsOnly: in 4 x-bins
ToyMCSamplerOpt.cc[215] : (in function: generateWithHisto) -  , in 1 y-bins
ToyMCSamplerOpt.cc[146] : (in function: generateAsimov) - Using internal logic for binned/unbinned Asimov dataset generation
ToyMCSamplerOpt.cc[214] : (in function: generateWithHisto) - Generating asimov with histogram for pdf pdf_binpass_SIG_obsOnly: in 3 x-bins
ToyMCSamplerOpt.cc[215] : (in function: generateWithHisto) -  , in 1 y-bins
ToyMCSamplerOpt.cc[146] : (in function: generateAsimov) - Using internal logic for binned/unbinned Asimov dataset generation
ToyMCSamplerOpt.cc[214] : (in function: generateWithHisto) - Generating asimov with histogram for pdf pdf_binpass_HIGH_obsOnly: in 7 x-bins
ToyMCSamplerOpt.cc[215] : (in function: generateWithHisto) -  , in 1 y-bins
AsymptoticLimits.cc[428] : (in function: runLimitExpected) - Median for expected limits = 3.28125, Sigma for expected limits = 1.67414
AsymptoticLimits.cc[191] : (in function: runLimit) - NLL at global minimum of data = -11583.2 (r=3.91754e-08)
AsymptoticLimits.cc[211] : (in function: runLimit) - NLL at global minimum of asimov = -11583 (r=2.16218e-06)
AsymptoticLimits.cc[337] : (in function: getCLs) - At r = 1.266302:	q_mu = 2.22597	q_A  = 1.82883	Pmu = 0.06691	1-Pb  = 0.44163	CLs  = 0.15152
AsymptoticLimits.cc[337] : (in function: getCLs) - At r = 2.532604:	q_mu = 3.67301	q_A  = 3.18724	Pmu = 0.02734	1-Pb  = 0.44589	CLs  = 0.06133
AsymptoticLimits.cc[337] : (in function: getCLs) - At r = 5.065209:	q_mu = 5.74607	q_A  = 5.17289	Pmu = 0.00819	1-Pb  = 0.44986	CLs  = 0.01820
AsymptoticLimits.cc[337] : (in function: getCLs) - At r = 2.532604:	q_mu = 3.67312	q_A  = 3.18726	Pmu = 0.02734	1-Pb  = 0.44588	CLs  = 0.06132
AsymptoticLimits.cc[337] : (in function: getCLs) - At r = 3.379645:	q_mu = 4.45286	q_A  = 3.93038	Pmu = 0.01725	1-Pb  = 0.44758	CLs  = 0.03853
AsymptoticLimits.cc[337] : (in function: getCLs) - At r = 2.999670:	q_mu = 4.11674	q_A  = 3.60937	Pmu = 0.02101	1-Pb  = 0.44689	CLs  = 0.04701
AsymptoticLimits.cc[337] : (in function: getCLs) - At r = 2.819558:	q_mu = 3.95001	q_A  = 3.45054	Pmu = 0.02319	1-Pb  = 0.44653	CLs  = 0.05192
AsymptoticLimits.cc[337] : (in function: getCLs) - At r = 2.910286:	q_mu = 4.03462	q_A  = 3.53110	Pmu = 0.02205	1-Pb  = 0.44671	CLs  = 0.04937
AsymptoticLimits.cc[337] : (in function: getCLs) - At r = 2.873793:	q_mu = 4.00072	q_A  = 3.49881	Pmu = 0.02250	1-Pb  = 0.44664	CLs  = 0.05037
AsymptoticLimits.cc[337] : (in function: getCLs) - At r = 2.891854:	q_mu = 4.01752	q_A  = 3.51481	Pmu = 0.02228	1-Pb  = 0.44667	CLs  = 0.04987
AsymptoticLimits.cc[337] : (in function: getCLs) - At r = 2.884539:	q_mu = 4.01072	q_A  = 3.50833	Pmu = 0.02237	1-Pb  = 0.44666	CLs  = 0.05007
AsymptoticLimits.cc[337] : (in function: getCLs) - At r = 2.888148:	q_mu = 4.01407	q_A  = 3.51153	Pmu = 0.02232	1-Pb  = 0.44667	CLs  = 0.04997
AsymptoticLimits.cc[337] : (in function: getCLs) - At r = 2.886684:	q_mu = 4.01271	q_A  = 3.51023	Pmu = 0.02234	1-Pb  = 0.44666	CLs  = 0.05001
AsymptoticLimits.cc[337] : (in function: getCLs) - At r = 2.887406:	q_mu = 4.01356	q_A  = 3.51100	Pmu = 0.02233	1-Pb  = 0.44666	CLs  = 0.04999
AsymptoticLimits.cc[337] : (in function: getCLs) - At r = 2.887029:	q_mu = 4.01307	q_A  = 3.51057	Pmu = 0.02233	1-Pb  = 0.44666	CLs  = 0.05000
AsymptoticLimits.cc[337] : (in function: getCLs) - At r = 2.887193:	q_mu = 4.01320	q_A  = 3.51069	Pmu = 0.02233	1-Pb  = 0.44666	CLs  = 0.05000
AsymptoticLimits.cc[337] : (in function: getCLs) - At r = 2.887242:	q_mu = 4.01324	q_A  = 3.51073	Pmu = 0.02233	1-Pb  = 0.44666	CLs  = 0.05000
AsymptoticLimits.cc[337] : (in function: getCLs) - At r = 2.887216:	q_mu = 4.01340	q_A  = 3.51085	Pmu = 0.02233	1-Pb  = 0.44666	CLs  = 0.04999
AsymptoticLimits.cc[337] : (in function: getCLs) - At r = 2.887199:	q_mu = 4.01323	q_A  = 3.51072	Pmu = 0.02233	1-Pb  = 0.44666	CLs  = 0.05000
