CascadeMinimizer.cc[188] : (in function: improveOnce) - Minimization configured with Type=Minuit2, Algo=Migrad, strategy=0, tolerance=0.1
CascadeMinimizer.cc[215] : (in function: improveOnce) - Minimization finished with status=0
CascadeMinimizer.cc[219] : (in function: improveOnce) - Minimization success! status=0
ToyMCSamplerOpt.cc[146] : (in function: generateAsimov) - Using internal logic for binned/unbinned Asimov dataset generation
ToyMCSamplerOpt.cc[214] : (in function: generateWithHisto) - Generating asimov with histogram for pdf pdf_binfail_LOW_obsOnly: in 4 x-bins
ToyMCSamplerOpt.cc[215] : (in function: generateWithHisto) -  , in 1 y-bins
ToyMCSamplerOpt.cc[146] : (in function: generateAsimov) - Using internal logic for binned/unbinned Asimov dataset generation
ToyMCSamplerOpt.cc[214] : (in function: generateWithHisto) - Generating asimov with histogram for pdf pdf_binfail_SIG_obsOnly: in 3 x-bins
ToyMCSamplerOpt.cc[215] : (in function: generateWithHisto) -  , in 1 y-bins
ToyMCSamplerOpt.cc[146] : (in function: generateAsimov) - Using internal logic for binned/unbinned Asimov dataset generation
ToyMCSamplerOpt.cc[214] : (in function: generateWithHisto) - Generating asimov with histogram for pdf pdf_binfail_HIGH_obsOnly: in 7 x-bins
ToyMCSamplerOpt.cc[215] : (in function: generateWithHisto) -  , in 1 y-bins
ToyMCSamplerOpt.cc[146] : (in function: generateAsimov) - Using internal logic for binned/unbinned Asimov dataset generation
ToyMCSamplerOpt.cc[214] : (in function: generateWithHisto) - Generating asimov with histogram for pdf pdf_binpass_LOW_obsOnly: in 4 x-bins
ToyMCSamplerOpt.cc[215] : (in function: generateWithHisto) -  , in 1 y-bins
ToyMCSamplerOpt.cc[146] : (in function: generateAsimov) - Using internal logic for binned/unbinned Asimov dataset generation
ToyMCSamplerOpt.cc[214] : (in function: generateWithHisto) - Generating asimov with histogram for pdf pdf_binpass_SIG_obsOnly: in 3 x-bins
ToyMCSamplerOpt.cc[215] : (in function: generateWithHisto) -  , in 1 y-bins
ToyMCSamplerOpt.cc[146] : (in function: generateAsimov) - Using internal logic for binned/unbinned Asimov dataset generation
ToyMCSamplerOpt.cc[214] : (in function: generateWithHisto) - Generating asimov with histogram for pdf pdf_binpass_HIGH_obsOnly: in 7 x-bins
ToyMCSamplerOpt.cc[215] : (in function: generateWithHisto) -  , in 1 y-bins
AsymptoticLimits.cc[428] : (in function: runLimitExpected) - Median for expected limits = 2.15625, Sigma for expected limits = 1.10015
AsymptoticLimits.cc[191] : (in function: runLimit) - NLL at global minimum of data = -11584.9 (r=3.80941e-08)
AsymptoticLimits.cc[211] : (in function: runLimit) - NLL at global minimum of asimov = -11584.7 (r=2.22563e-07)
AsymptoticLimits.cc[337] : (in function: getCLs) - At r = 1.200000:	q_mu = 2.94954	q_A  = 2.51107	Pmu = 0.04245	1-Pb  = 0.44498	CLs  = 0.09539
AsymptoticLimits.cc[337] : (in function: getCLs) - At r = 2.400000:	q_mu = 4.64435	q_A  = 4.12143	Pmu = 0.01543	1-Pb  = 0.44876	CLs  = 0.03438
AsymptoticLimits.cc[337] : (in function: getCLs) - At r = 1.200000:	q_mu = 2.94948	q_A  = 2.51104	Pmu = 0.04245	1-Pb  = 0.44499	CLs  = 0.09539
AsymptoticLimits.cc[337] : (in function: getCLs) - At r = 1.807648:	q_mu = 3.87977	q_A  = 3.39117	Pmu = 0.02418	1-Pb  = 0.44723	CLs  = 0.05407
AsymptoticLimits.cc[337] : (in function: getCLs) - At r = 2.007985:	q_mu = 4.15125	q_A  = 3.64981	Pmu = 0.02059	1-Pb  = 0.44779	CLs  = 0.04598
AsymptoticLimits.cc[337] : (in function: getCLs) - At r = 1.925126:	q_mu = 4.04076	q_A  = 3.54446	Pmu = 0.02198	1-Pb  = 0.44757	CLs  = 0.04911
AsymptoticLimits.cc[337] : (in function: getCLs) - At r = 1.884060:	q_mu = 3.98507	q_A  = 3.49139	Pmu = 0.02272	1-Pb  = 0.44745	CLs  = 0.05077
AsymptoticLimits.cc[337] : (in function: getCLs) - At r = 1.907343:	q_mu = 4.01668	q_A  = 3.52151	Pmu = 0.02229	1-Pb  = 0.44752	CLs  = 0.04982
AsymptoticLimits.cc[337] : (in function: getCLs) - At r = 1.899105:	q_mu = 4.00551	q_A  = 3.51086	Pmu = 0.02244	1-Pb  = 0.44749	CLs  = 0.05015
AsymptoticLimits.cc[337] : (in function: getCLs) - At r = 1.903756:	q_mu = 4.01182	q_A  = 3.51688	Pmu = 0.02236	1-Pb  = 0.44751	CLs  = 0.04996
AsymptoticLimits.cc[337] : (in function: getCLs) - At r = 1.902107:	q_mu = 4.00959	q_A  = 3.51474	Pmu = 0.02239	1-Pb  = 0.44750	CLs  = 0.05003
AsymptoticLimits.cc[337] : (in function: getCLs) - At r = 1.903037:	q_mu = 4.01085	q_A  = 3.51595	Pmu = 0.02237	1-Pb  = 0.44751	CLs  = 0.04999
AsymptoticLimits.cc[337] : (in function: getCLs) - At r = 1.902707:	q_mu = 4.01058	q_A  = 3.51552	Pmu = 0.02238	1-Pb  = 0.44749	CLs  = 0.05000
AsymptoticLimits.cc[337] : (in function: getCLs) - At r = 1.902842:	q_mu = 4.01062	q_A  = 3.51582	Pmu = 0.02238	1-Pb  = 0.44751	CLs  = 0.05000
AsymptoticLimits.cc[337] : (in function: getCLs) - At r = 1.902776:	q_mu = 4.01050	q_A  = 3.51564	Pmu = 0.02238	1-Pb  = 0.44751	CLs  = 0.05000
AsymptoticLimits.cc[337] : (in function: getCLs) - At r = 1.902810:	q_mu = 4.01054	q_A  = 3.51566	Pmu = 0.02238	1-Pb  = 0.44750	CLs  = 0.05000
AsymptoticLimits.cc[337] : (in function: getCLs) - At r = 1.902824:	q_mu = 4.01076	q_A  = 3.51568	Pmu = 0.02237	1-Pb  = 0.44748	CLs  = 0.05000
AsymptoticLimits.cc[337] : (in function: getCLs) - At r = 1.902817:	q_mu = 4.01059	q_A  = 3.51581	Pmu = 0.02238	1-Pb  = 0.44752	CLs  = 0.05000
