CascadeMinimizer.cc[188] : (in function: improveOnce) - Minimization configured with Type=Minuit2, Algo=Migrad, strategy=0, tolerance=0.1
CascadeMinimizer.cc[215] : (in function: improveOnce) - Minimization finished with status=0
CascadeMinimizer.cc[219] : (in function: improveOnce) - Minimization success! status=0
ToyMCSamplerOpt.cc[146] : (in function: generateAsimov) - Using internal logic for binned/unbinned Asimov dataset generation
ToyMCSamplerOpt.cc[214] : (in function: generateWithHisto) - Generating asimov with histogram for pdf pdf_binfail_LOW_obsOnly: in 4 x-bins
ToyMCSamplerOpt.cc[215] : (in function: generateWithHisto) -  , in 1 y-bins
ToyMCSamplerOpt.cc[146] : (in function: generateAsimov) - Using internal logic for binned/unbinned Asimov dataset generation
ToyMCSamplerOpt.cc[214] : (in function: generateWithHisto) - Generating asimov with histogram for pdf pdf_binfail_SIG_obsOnly: in 3 x-bins
ToyMCSamplerOpt.cc[215] : (in function: generateWithHisto) -  , in 1 y-bins
ToyMCSamplerOpt.cc[146] : (in function: generateAsimov) - Using internal logic for binned/unbinned Asimov dataset generation
ToyMCSamplerOpt.cc[214] : (in function: generateWithHisto) - Generating asimov with histogram for pdf pdf_binfail_HIGH_obsOnly: in 7 x-bins
ToyMCSamplerOpt.cc[215] : (in function: generateWithHisto) -  , in 1 y-bins
ToyMCSamplerOpt.cc[146] : (in function: generateAsimov) - Using internal logic for binned/unbinned Asimov dataset generation
ToyMCSamplerOpt.cc[214] : (in function: generateWithHisto) - Generating asimov with histogram for pdf pdf_binpass_LOW_obsOnly: in 4 x-bins
ToyMCSamplerOpt.cc[215] : (in function: generateWithHisto) -  , in 1 y-bins
ToyMCSamplerOpt.cc[146] : (in function: generateAsimov) - Using internal logic for binned/unbinned Asimov dataset generation
ToyMCSamplerOpt.cc[214] : (in function: generateWithHisto) - Generating asimov with histogram for pdf pdf_binpass_SIG_obsOnly: in 3 x-bins
ToyMCSamplerOpt.cc[215] : (in function: generateWithHisto) -  , in 1 y-bins
ToyMCSamplerOpt.cc[146] : (in function: generateAsimov) - Using internal logic for binned/unbinned Asimov dataset generation
ToyMCSamplerOpt.cc[214] : (in function: generateWithHisto) - Generating asimov with histogram for pdf pdf_binpass_HIGH_obsOnly: in 7 x-bins
ToyMCSamplerOpt.cc[215] : (in function: generateWithHisto) -  , in 1 y-bins
AsymptoticLimits.cc[428] : (in function: runLimitExpected) - Median for expected limits = 1.71094, Sigma for expected limits = 0.872943
AsymptoticLimits.cc[191] : (in function: runLimit) - NLL at global minimum of data = -11586.5 (r=1.32941e-10)
AsymptoticLimits.cc[211] : (in function: runLimit) - NLL at global minimum of asimov = -11586.3 (r=1.78431e-06)
AsymptoticLimits.cc[337] : (in function: getCLs) - At r = 1.200000:	q_mu = 3.90622	q_A  = 2.86944	Pmu = 0.02275	1-Pb  = 0.37979	CLs  = 0.05991
AsymptoticLimits.cc[337] : (in function: getCLs) - At r = 2.400000:	q_mu = 6.25862	q_A  = 4.98497	Pmu = 0.00590	1-Pb  = 0.38774	CLs  = 0.01522
AsymptoticLimits.cc[337] : (in function: getCLs) - At r = 1.200000:	q_mu = 3.90626	q_A  = 2.86965	Pmu = 0.02275	1-Pb  = 0.37981	CLs  = 0.05990
AsymptoticLimits.cc[337] : (in function: getCLs) - At r = 1.566621:	q_mu = 4.71167	q_A  = 3.58286	Pmu = 0.01423	1-Pb  = 0.38278	CLs  = 0.03716
AsymptoticLimits.cc[337] : (in function: getCLs) - At r = 1.384329:	q_mu = 4.32331	q_A  = 3.23717	Pmu = 0.01782	1-Pb  = 0.38139	CLs  = 0.04672
AsymptoticLimits.cc[337] : (in function: getCLs) - At r = 1.307202:	q_mu = 4.15205	q_A  = 3.08563	Pmu = 0.01969	1-Pb  = 0.38074	CLs  = 0.05172
AsymptoticLimits.cc[337] : (in function: getCLs) - At r = 1.343166:	q_mu = 4.23242	q_A  = 3.15668	Pmu = 0.01879	1-Pb  = 0.38105	CLs  = 0.04931
AsymptoticLimits.cc[337] : (in function: getCLs) - At r = 1.327581:	q_mu = 4.19768	q_A  = 3.12596	Pmu = 0.01917	1-Pb  = 0.38091	CLs  = 0.05034
AsymptoticLimits.cc[337] : (in function: getCLs) - At r = 1.334745:	q_mu = 4.21367	q_A  = 3.14009	Pmu = 0.01900	1-Pb  = 0.38097	CLs  = 0.04986
AsymptoticLimits.cc[337] : (in function: getCLs) - At r = 1.331622:	q_mu = 4.20671	q_A  = 3.13393	Pmu = 0.01907	1-Pb  = 0.38095	CLs  = 0.05007
AsymptoticLimits.cc[337] : (in function: getCLs) - At r = 1.333054:	q_mu = 4.20990	q_A  = 3.13676	Pmu = 0.01904	1-Pb  = 0.38096	CLs  = 0.04997
AsymptoticLimits.cc[337] : (in function: getCLs) - At r = 1.332430:	q_mu = 4.20851	q_A  = 3.13552	Pmu = 0.01905	1-Pb  = 0.38095	CLs  = 0.05001
AsymptoticLimits.cc[337] : (in function: getCLs) - At r = 1.332716:	q_mu = 4.20932	q_A  = 3.13609	Pmu = 0.01904	1-Pb  = 0.38094	CLs  = 0.04999
AsymptoticLimits.cc[337] : (in function: getCLs) - At r = 1.332566:	q_mu = 4.20885	q_A  = 3.13591	Pmu = 0.01905	1-Pb  = 0.38097	CLs  = 0.05000
AsymptoticLimits.cc[337] : (in function: getCLs) - At r = 1.332620:	q_mu = 4.20894	q_A  = 3.13594	Pmu = 0.01905	1-Pb  = 0.38096	CLs  = 0.05000
AsymptoticLimits.cc[337] : (in function: getCLs) - At r = 1.332640:	q_mu = 4.20898	q_A  = 3.13595	Pmu = 0.01905	1-Pb  = 0.38096	CLs  = 0.05000
AsymptoticLimits.cc[337] : (in function: getCLs) - At r = 1.332626:	q_mu = 4.20914	q_A  = 3.13592	Pmu = 0.01905	1-Pb  = 0.38094	CLs  = 0.05000
AsymptoticLimits.cc[337] : (in function: getCLs) - At r = 1.332621:	q_mu = 4.20898	q_A  = 3.13605	Pmu = 0.01905	1-Pb  = 0.38097	CLs  = 0.05000
