CascadeMinimizer.cc[188] : (in function: improveOnce) - Minimization configured with Type=Minuit2, Algo=Migrad, strategy=0, tolerance=0.1
CascadeMinimizer.cc[215] : (in function: improveOnce) - Minimization finished with status=0
CascadeMinimizer.cc[219] : (in function: improveOnce) - Minimization success! status=0
ToyMCSamplerOpt.cc[146] : (in function: generateAsimov) - Using internal logic for binned/unbinned Asimov dataset generation
ToyMCSamplerOpt.cc[214] : (in function: generateWithHisto) - Generating asimov with histogram for pdf pdf_binfail_LOW_obsOnly: in 4 x-bins
ToyMCSamplerOpt.cc[215] : (in function: generateWithHisto) -  , in 1 y-bins
ToyMCSamplerOpt.cc[146] : (in function: generateAsimov) - Using internal logic for binned/unbinned Asimov dataset generation
ToyMCSamplerOpt.cc[214] : (in function: generateWithHisto) - Generating asimov with histogram for pdf pdf_binfail_SIG_obsOnly: in 3 x-bins
ToyMCSamplerOpt.cc[215] : (in function: generateWithHisto) -  , in 1 y-bins
ToyMCSamplerOpt.cc[146] : (in function: generateAsimov) - Using internal logic for binned/unbinned Asimov dataset generation
ToyMCSamplerOpt.cc[214] : (in function: generateWithHisto) - Generating asimov with histogram for pdf pdf_binfail_HIGH_obsOnly: in 7 x-bins
ToyMCSamplerOpt.cc[215] : (in function: generateWithHisto) -  , in 1 y-bins
ToyMCSamplerOpt.cc[146] : (in function: generateAsimov) - Using internal logic for binned/unbinned Asimov dataset generation
ToyMCSamplerOpt.cc[214] : (in function: generateWithHisto) - Generating asimov with histogram for pdf pdf_binpass_LOW_obsOnly: in 4 x-bins
ToyMCSamplerOpt.cc[215] : (in function: generateWithHisto) -  , in 1 y-bins
ToyMCSamplerOpt.cc[146] : (in function: generateAsimov) - Using internal logic for binned/unbinned Asimov dataset generation
ToyMCSamplerOpt.cc[214] : (in function: generateWithHisto) - Generating asimov with histogram for pdf pdf_binpass_SIG_obsOnly: in 3 x-bins
ToyMCSamplerOpt.cc[215] : (in function: generateWithHisto) -  , in 1 y-bins
ToyMCSamplerOpt.cc[146] : (in function: generateAsimov) - Using internal logic for binned/unbinned Asimov dataset generation
ToyMCSamplerOpt.cc[214] : (in function: generateWithHisto) - Generating asimov with histogram for pdf pdf_binpass_HIGH_obsOnly: in 7 x-bins
ToyMCSamplerOpt.cc[215] : (in function: generateWithHisto) -  , in 1 y-bins
AsymptoticLimits.cc[428] : (in function: runLimitExpected) - Median for expected limits = 1.73438, Sigma for expected limits = 0.884902
AsymptoticLimits.cc[191] : (in function: runLimit) - NLL at global minimum of data = -11595 (r=0.7865)
AsymptoticLimits.cc[211] : (in function: runLimit) - NLL at global minimum of asimov = -11592.8 (r=0.00492241)
AsymptoticLimits.cc[337] : (in function: getCLs) - At r = 2.253822:	q_mu = 2.07990	q_A  = 5.03212	Pmu = 0.07463	1-Pb  = 0.78845	CLs  = 0.09465
AsymptoticLimits.cc[337] : (in function: getCLs) - At r = 4.507644:	q_mu = 5.90365	q_A  = 9.35212	Pmu = 0.00755	1-Pb  = 0.73512	CLs  = 0.01028
AsymptoticLimits.cc[337] : (in function: getCLs) - At r = 2.647072:	q_mu = 2.78908	q_A  = 5.87822	Pmu = 0.04745	1-Pb  = 0.77471	CLs  = 0.06125
AsymptoticLimits.cc[337] : (in function: getCLs) - At r = 3.577358:	q_mu = 4.40640	q_A  = 7.71138	Pmu = 0.01790	1-Pb  = 0.75105	CLs  = 0.02384
AsymptoticLimits.cc[337] : (in function: getCLs) - At r = 2.993209:	q_mu = 3.40636	q_A  = 6.58598	Pmu = 0.03247	1-Pb  = 0.76445	CLs  = 0.04248
AsymptoticLimits.cc[337] : (in function: getCLs) - At r = 2.800655:	q_mu = 3.06348	q_A  = 6.19645	Pmu = 0.04003	1-Pb  = 0.77004	CLs  = 0.05199
AsymptoticLimits.cc[337] : (in function: getCLs) - At r = 2.868928:	q_mu = 3.18477	q_A  = 6.33561	Pmu = 0.03716	1-Pb  = 0.76806	CLs  = 0.04839
AsymptoticLimits.cc[337] : (in function: getCLs) - At r = 2.830336:	q_mu = 3.11625	q_A  = 6.25706	Pmu = 0.03876	1-Pb  = 0.76917	CLs  = 0.05039
AsymptoticLimits.cc[337] : (in function: getCLs) - At r = 2.843950:	q_mu = 3.14044	q_A  = 6.28476	Pmu = 0.03819	1-Pb  = 0.76877	CLs  = 0.04967
AsymptoticLimits.cc[337] : (in function: getCLs) - At r = 2.836223:	q_mu = 3.12672	q_A  = 6.26900	Pmu = 0.03851	1-Pb  = 0.76900	CLs  = 0.05008
AsymptoticLimits.cc[337] : (in function: getCLs) - At r = 2.838945:	q_mu = 3.13156	q_A  = 6.27452	Pmu = 0.03840	1-Pb  = 0.76892	CLs  = 0.04993
AsymptoticLimits.cc[337] : (in function: getCLs) - At r = 2.837399:	q_mu = 3.12881	q_A  = 6.27135	Pmu = 0.03846	1-Pb  = 0.76896	CLs  = 0.05002
AsymptoticLimits.cc[337] : (in function: getCLs) - At r = 2.837945:	q_mu = 3.12978	q_A  = 6.27244	Pmu = 0.03844	1-Pb  = 0.76894	CLs  = 0.04999
AsymptoticLimits.cc[337] : (in function: getCLs) - At r = 2.837637:	q_mu = 3.12923	q_A  = 6.27180	Pmu = 0.03845	1-Pb  = 0.76895	CLs  = 0.05000
AsymptoticLimits.cc[337] : (in function: getCLs) - At r = 2.837747:	q_mu = 3.12943	q_A  = 6.27200	Pmu = 0.03845	1-Pb  = 0.76895	CLs  = 0.05000
AsymptoticLimits.cc[337] : (in function: getCLs) - At r = 2.837686:	q_mu = 3.12932	q_A  = 6.27186	Pmu = 0.03845	1-Pb  = 0.76895	CLs  = 0.05000
AsymptoticLimits.cc[337] : (in function: getCLs) - At r = 2.837710:	q_mu = 3.12936	q_A  = 6.27189	Pmu = 0.03845	1-Pb  = 0.76894	CLs  = 0.05000
AsymptoticLimits.cc[337] : (in function: getCLs) - At r = 2.837698:	q_mu = 3.12934	q_A  = 6.27186	Pmu = 0.03845	1-Pb  = 0.76894	CLs  = 0.05000
