CascadeMinimizer.cc[188] : (in function: improveOnce) - Minimization configured with Type=Minuit2, Algo=Migrad, strategy=0, tolerance=0.1
CascadeMinimizer.cc[215] : (in function: improveOnce) - Minimization finished with status=0
CascadeMinimizer.cc[219] : (in function: improveOnce) - Minimization success! status=0
ToyMCSamplerOpt.cc[146] : (in function: generateAsimov) - Using internal logic for binned/unbinned Asimov dataset generation
ToyMCSamplerOpt.cc[214] : (in function: generateWithHisto) - Generating asimov with histogram for pdf pdf_binfail_LOW_obsOnly: in 4 x-bins
ToyMCSamplerOpt.cc[215] : (in function: generateWithHisto) -  , in 1 y-bins
ToyMCSamplerOpt.cc[146] : (in function: generateAsimov) - Using internal logic for binned/unbinned Asimov dataset generation
ToyMCSamplerOpt.cc[214] : (in function: generateWithHisto) - Generating asimov with histogram for pdf pdf_binfail_SIG_obsOnly: in 3 x-bins
ToyMCSamplerOpt.cc[215] : (in function: generateWithHisto) -  , in 1 y-bins
ToyMCSamplerOpt.cc[146] : (in function: generateAsimov) - Using internal logic for binned/unbinned Asimov dataset generation
ToyMCSamplerOpt.cc[214] : (in function: generateWithHisto) - Generating asimov with histogram for pdf pdf_binfail_HIGH_obsOnly: in 7 x-bins
ToyMCSamplerOpt.cc[215] : (in function: generateWithHisto) -  , in 1 y-bins
ToyMCSamplerOpt.cc[146] : (in function: generateAsimov) - Using internal logic for binned/unbinned Asimov dataset generation
ToyMCSamplerOpt.cc[214] : (in function: generateWithHisto) - Generating asimov with histogram for pdf pdf_binpass_LOW_obsOnly: in 4 x-bins
ToyMCSamplerOpt.cc[215] : (in function: generateWithHisto) -  , in 1 y-bins
ToyMCSamplerOpt.cc[146] : (in function: generateAsimov) - Using internal logic for binned/unbinned Asimov dataset generation
ToyMCSamplerOpt.cc[214] : (in function: generateWithHisto) - Generating asimov with histogram for pdf pdf_binpass_SIG_obsOnly: in 3 x-bins
ToyMCSamplerOpt.cc[215] : (in function: generateWithHisto) -  , in 1 y-bins
ToyMCSamplerOpt.cc[146] : (in function: generateAsimov) - Using internal logic for binned/unbinned Asimov dataset generation
ToyMCSamplerOpt.cc[214] : (in function: generateWithHisto) - Generating asimov with histogram for pdf pdf_binpass_HIGH_obsOnly: in 7 x-bins
ToyMCSamplerOpt.cc[215] : (in function: generateWithHisto) -  , in 1 y-bins
AsymptoticLimits.cc[428] : (in function: runLimitExpected) - Median for expected limits = 2.70312, Sigma for expected limits = 1.37917
AsymptoticLimits.cc[191] : (in function: runLimit) - NLL at global minimum of data = -11153.2 (r=4.72295e-07)
AsymptoticLimits.cc[211] : (in function: runLimit) - NLL at global minimum of asimov = -11152.6 (r=0.00222274)
AsymptoticLimits.cc[337] : (in function: getCLs) - At r = 1.200000:	q_mu = 4.34864	q_A  = 1.12008	Pmu = 0.00489	1-Pb  = 0.06359	CLs  = 0.07687
AsymptoticLimits.cc[337] : (in function: getCLs) - At r = 2.400001:	q_mu = 8.27042	q_A  = 3.24254	Pmu = 0.00069	1-Pb  = 0.08134	CLs  = 0.00854
AsymptoticLimits.cc[337] : (in function: getCLs) - At r = 1.200001:	q_mu = 4.34864	q_A  = 1.11763	Pmu = 0.00486	1-Pb  = 0.06324	CLs  = 0.07692
AsymptoticLimits.cc[337] : (in function: getCLs) - At r = 1.800001:	q_mu = 6.33089	q_A  = 2.09759	Pmu = 0.00181	1-Pb  = 0.07194	CLs  = 0.02514
AsymptoticLimits.cc[337] : (in function: getCLs) - At r = 1.504874:	q_mu = 5.36123	q_A  = 1.59156	Pmu = 0.00293	1-Pb  = 0.06758	CLs  = 0.04334
AsymptoticLimits.cc[337] : (in function: getCLs) - At r = 1.383142:	q_mu = 4.95832	q_A  = 1.39621	Pmu = 0.00358	1-Pb  = 0.06587	CLs  = 0.05442
AsymptoticLimits.cc[337] : (in function: getCLs) - At r = 1.443712:	q_mu = 5.15897	q_A  = 1.49231	Pmu = 0.00324	1-Pb  = 0.06671	CLs  = 0.04858
AsymptoticLimits.cc[337] : (in function: getCLs) - At r = 1.419307:	q_mu = 5.07818	q_A  = 1.45333	Pmu = 0.00337	1-Pb  = 0.06637	CLs  = 0.05085
AsymptoticLimits.cc[337] : (in function: getCLs) - At r = 1.431406:	q_mu = 5.11823	q_A  = 1.47260	Pmu = 0.00331	1-Pb  = 0.06654	CLs  = 0.04971
AsymptoticLimits.cc[337] : (in function: getCLs) - At r = 1.426525:	q_mu = 5.10207	q_A  = 1.46481	Pmu = 0.00333	1-Pb  = 0.06647	CLs  = 0.05017
AsymptoticLimits.cc[337] : (in function: getCLs) - At r = 1.428946:	q_mu = 5.11008	q_A  = 1.46867	Pmu = 0.00332	1-Pb  = 0.06650	CLs  = 0.04994
AsymptoticLimits.cc[337] : (in function: getCLs) - At r = 1.427970:	q_mu = 5.10685	q_A  = 1.46711	Pmu = 0.00333	1-Pb  = 0.06649	CLs  = 0.05003
AsymptoticLimits.cc[337] : (in function: getCLs) - At r = 1.428455:	q_mu = 5.10845	q_A  = 1.46788	Pmu = 0.00332	1-Pb  = 0.06649	CLs  = 0.04999
AsymptoticLimits.cc[337] : (in function: getCLs) - At r = 1.428260:	q_mu = 5.10781	q_A  = 1.46757	Pmu = 0.00332	1-Pb  = 0.06649	CLs  = 0.05001
AsymptoticLimits.cc[337] : (in function: getCLs) - At r = 1.428357:	q_mu = 5.10813	q_A  = 1.46773	Pmu = 0.00332	1-Pb  = 0.06649	CLs  = 0.05000
AsymptoticLimits.cc[337] : (in function: getCLs) - At r = 1.428318:	q_mu = 5.10815	q_A  = 1.46766	Pmu = 0.00332	1-Pb  = 0.06648	CLs  = 0.05000
AsymptoticLimits.cc[337] : (in function: getCLs) - At r = 1.428296:	q_mu = 5.10797	q_A  = 1.46763	Pmu = 0.00332	1-Pb  = 0.06649	CLs  = 0.05000
AsymptoticLimits.cc[337] : (in function: getCLs) - At r = 1.428306:	q_mu = 5.10797	q_A  = 1.46764	Pmu = 0.00332	1-Pb  = 0.06649	CLs  = 0.05000
AsymptoticLimits.cc[337] : (in function: getCLs) - At r = 1.428311:	q_mu = 5.10798	q_A  = 1.46765	Pmu = 0.00332	1-Pb  = 0.06649	CLs  = 0.05000
