CascadeMinimizer.cc[188] : (in function: improveOnce) - Minimization configured with Type=Minuit2, Algo=Migrad, strategy=0, tolerance=0.1
CascadeMinimizer.cc[215] : (in function: improveOnce) - Minimization finished with status=0
CascadeMinimizer.cc[219] : (in function: improveOnce) - Minimization success! status=0
ToyMCSamplerOpt.cc[146] : (in function: generateAsimov) - Using internal logic for binned/unbinned Asimov dataset generation
ToyMCSamplerOpt.cc[214] : (in function: generateWithHisto) - Generating asimov with histogram for pdf pdf_binfail_LOW_obsOnly: in 4 x-bins
ToyMCSamplerOpt.cc[215] : (in function: generateWithHisto) -  , in 1 y-bins
ToyMCSamplerOpt.cc[146] : (in function: generateAsimov) - Using internal logic for binned/unbinned Asimov dataset generation
ToyMCSamplerOpt.cc[214] : (in function: generateWithHisto) - Generating asimov with histogram for pdf pdf_binfail_SIG_obsOnly: in 3 x-bins
ToyMCSamplerOpt.cc[215] : (in function: generateWithHisto) -  , in 1 y-bins
ToyMCSamplerOpt.cc[146] : (in function: generateAsimov) - Using internal logic for binned/unbinned Asimov dataset generation
ToyMCSamplerOpt.cc[214] : (in function: generateWithHisto) - Generating asimov with histogram for pdf pdf_binfail_HIGH_obsOnly: in 7 x-bins
ToyMCSamplerOpt.cc[215] : (in function: generateWithHisto) -  , in 1 y-bins
ToyMCSamplerOpt.cc[146] : (in function: generateAsimov) - Using internal logic for binned/unbinned Asimov dataset generation
ToyMCSamplerOpt.cc[214] : (in function: generateWithHisto) - Generating asimov with histogram for pdf pdf_binpass_LOW_obsOnly: in 4 x-bins
ToyMCSamplerOpt.cc[215] : (in function: generateWithHisto) -  , in 1 y-bins
ToyMCSamplerOpt.cc[146] : (in function: generateAsimov) - Using internal logic for binned/unbinned Asimov dataset generation
ToyMCSamplerOpt.cc[214] : (in function: generateWithHisto) - Generating asimov with histogram for pdf pdf_binpass_SIG_obsOnly: in 3 x-bins
ToyMCSamplerOpt.cc[215] : (in function: generateWithHisto) -  , in 1 y-bins
ToyMCSamplerOpt.cc[146] : (in function: generateAsimov) - Using internal logic for binned/unbinned Asimov dataset generation
ToyMCSamplerOpt.cc[214] : (in function: generateWithHisto) - Generating asimov with histogram for pdf pdf_binpass_HIGH_obsOnly: in 7 x-bins
ToyMCSamplerOpt.cc[215] : (in function: generateWithHisto) -  , in 1 y-bins
AsymptoticLimits.cc[428] : (in function: runLimitExpected) - Median for expected limits = 3.78125, Sigma for expected limits = 1.92924
AsymptoticLimits.cc[191] : (in function: runLimit) - NLL at global minimum of data = -11139.1 (r=2.5183)
AsymptoticLimits.cc[211] : (in function: runLimit) - NLL at global minimum of asimov = -11137.4 (r=0.0199854)
AsymptoticLimits.cc[337] : (in function: getCLs) - At r = 5.649375:	q_mu = 3.10487	q_A  = 6.73261	Pmu = 0.03903	1-Pb  = 0.79748	CLs  = 0.04894
AsymptoticLimits.cc[337] : (in function: getCLs) - At r = 4.083837:	q_mu = 1.08255	q_A  = 4.29273	Pmu = 0.14906	1-Pb  = 0.84883	CLs  = 0.17561
AsymptoticLimits.cc[337] : (in function: getCLs) - At r = 4.866606:	q_mu = 2.03577	q_A  = 5.50386	Pmu = 0.07682	1-Pb  = 0.82101	CLs  = 0.09357
AsymptoticLimits.cc[337] : (in function: getCLs) - At r = 5.472129:	q_mu = 2.85574	q_A  = 6.45371	Pmu = 0.04552	1-Pb  = 0.80248	CLs  = 0.05673
AsymptoticLimits.cc[337] : (in function: getCLs) - At r = 5.593365:	q_mu = 3.02582	q_A  = 6.64449	Pmu = 0.04097	1-Pb  = 0.79904	CLs  = 0.05128
AsymptoticLimits.cc[337] : (in function: getCLs) - At r = 5.617619:	q_mu = 3.06002	q_A  = 6.68267	Pmu = 0.04012	1-Pb  = 0.79837	CLs  = 0.05025
AsymptoticLimits.cc[337] : (in function: getCLs) - At r = 5.628820:	q_mu = 3.07579	q_A  = 6.70028	Pmu = 0.03973	1-Pb  = 0.79806	CLs  = 0.04979
AsymptoticLimits.cc[337] : (in function: getCLs) - At r = 5.622477:	q_mu = 3.06681	q_A  = 6.69028	Pmu = 0.03995	1-Pb  = 0.79823	CLs  = 0.05005
AsymptoticLimits.cc[337] : (in function: getCLs) - At r = 5.624737:	q_mu = 3.07000	q_A  = 6.69383	Pmu = 0.03987	1-Pb  = 0.79817	CLs  = 0.04996
AsymptoticLimits.cc[337] : (in function: getCLs) - At r = 5.623471:	q_mu = 3.06821	q_A  = 6.69184	Pmu = 0.03992	1-Pb  = 0.79821	CLs  = 0.05001
AsymptoticLimits.cc[337] : (in function: getCLs) - At r = 5.623924:	q_mu = 3.06885	q_A  = 6.69255	Pmu = 0.03990	1-Pb  = 0.79819	CLs  = 0.04999
AsymptoticLimits.cc[337] : (in function: getCLs) - At r = 5.623672:	q_mu = 3.06850	q_A  = 6.69215	Pmu = 0.03991	1-Pb  = 0.79820	CLs  = 0.05000
AsymptoticLimits.cc[337] : (in function: getCLs) - At r = 5.623763:	q_mu = 3.06862	q_A  = 6.69229	Pmu = 0.03991	1-Pb  = 0.79820	CLs  = 0.05000
AsymptoticLimits.cc[337] : (in function: getCLs) - At r = 5.623712:	q_mu = 3.06855	q_A  = 6.69221	Pmu = 0.03991	1-Pb  = 0.79820	CLs  = 0.05000
AsymptoticLimits.cc[337] : (in function: getCLs) - At r = 5.623731:	q_mu = 3.06858	q_A  = 6.69224	Pmu = 0.03991	1-Pb  = 0.79820	CLs  = 0.05000
