CascadeMinimizer.cc[188] : (in function: improveOnce) - Minimization configured with Type=Minuit2, Algo=Migrad, strategy=0, tolerance=0.1
CascadeMinimizer.cc[215] : (in function: improveOnce) - Minimization finished with status=0
CascadeMinimizer.cc[219] : (in function: improveOnce) - Minimization success! status=0
ToyMCSamplerOpt.cc[146] : (in function: generateAsimov) - Using internal logic for binned/unbinned Asimov dataset generation
ToyMCSamplerOpt.cc[214] : (in function: generateWithHisto) - Generating asimov with histogram for pdf pdf_binfail_LOW_obsOnly: in 4 x-bins
ToyMCSamplerOpt.cc[215] : (in function: generateWithHisto) -  , in 1 y-bins
ToyMCSamplerOpt.cc[146] : (in function: generateAsimov) - Using internal logic for binned/unbinned Asimov dataset generation
ToyMCSamplerOpt.cc[214] : (in function: generateWithHisto) - Generating asimov with histogram for pdf pdf_binfail_SIG_obsOnly: in 3 x-bins
ToyMCSamplerOpt.cc[215] : (in function: generateWithHisto) -  , in 1 y-bins
ToyMCSamplerOpt.cc[146] : (in function: generateAsimov) - Using internal logic for binned/unbinned Asimov dataset generation
ToyMCSamplerOpt.cc[214] : (in function: generateWithHisto) - Generating asimov with histogram for pdf pdf_binfail_HIGH_obsOnly: in 7 x-bins
ToyMCSamplerOpt.cc[215] : (in function: generateWithHisto) -  , in 1 y-bins
ToyMCSamplerOpt.cc[146] : (in function: generateAsimov) - Using internal logic for binned/unbinned Asimov dataset generation
ToyMCSamplerOpt.cc[214] : (in function: generateWithHisto) - Generating asimov with histogram for pdf pdf_binpass_LOW_obsOnly: in 4 x-bins
ToyMCSamplerOpt.cc[215] : (in function: generateWithHisto) -  , in 1 y-bins
ToyMCSamplerOpt.cc[146] : (in function: generateAsimov) - Using internal logic for binned/unbinned Asimov dataset generation
ToyMCSamplerOpt.cc[214] : (in function: generateWithHisto) - Generating asimov with histogram for pdf pdf_binpass_SIG_obsOnly: in 3 x-bins
ToyMCSamplerOpt.cc[215] : (in function: generateWithHisto) -  , in 1 y-bins
ToyMCSamplerOpt.cc[146] : (in function: generateAsimov) - Using internal logic for binned/unbinned Asimov dataset generation
ToyMCSamplerOpt.cc[214] : (in function: generateWithHisto) - Generating asimov with histogram for pdf pdf_binpass_HIGH_obsOnly: in 7 x-bins
ToyMCSamplerOpt.cc[215] : (in function: generateWithHisto) -  , in 1 y-bins
AsymptoticLimits.cc[428] : (in function: runLimitExpected) - Median for expected limits = 1.95312, Sigma for expected limits = 0.996511
AsymptoticLimits.cc[191] : (in function: runLimit) - NLL at global minimum of data = -11585.2 (r=7.08804e-08)
AsymptoticLimits.cc[211] : (in function: runLimit) - NLL at global minimum of asimov = -11585 (r=5.50286e-08)
AsymptoticLimits.cc[337] : (in function: getCLs) - At r = 1.200000:	q_mu = 3.16128	q_A  = 2.68962	Pmu = 0.03723	1-Pb  = 0.44283	CLs  = 0.08407
AsymptoticLimits.cc[337] : (in function: getCLs) - At r = 2.400000:	q_mu = 4.97451	q_A  = 4.42060	Pmu = 0.01273	1-Pb  = 0.44760	CLs  = 0.02845
AsymptoticLimits.cc[337] : (in function: getCLs) - At r = 1.200000:	q_mu = 3.16118	q_A  = 2.68959	Pmu = 0.03723	1-Pb  = 0.44284	CLs  = 0.08407
AsymptoticLimits.cc[337] : (in function: getCLs) - At r = 1.900379:	q_mu = 4.29310	q_A  = 3.76599	Pmu = 0.01893	1-Pb  = 0.44599	CLs  = 0.04244
AsymptoticLimits.cc[337] : (in function: getCLs) - At r = 1.625923:	q_mu = 3.87883	q_A  = 3.37027	Pmu = 0.02417	1-Pb  = 0.44492	CLs  = 0.05433
AsymptoticLimits.cc[337] : (in function: getCLs) - At r = 1.754620:	q_mu = 4.07713	q_A  = 3.55944	Pmu = 0.02149	1-Pb  = 0.44544	CLs  = 0.04825
AsymptoticLimits.cc[337] : (in function: getCLs) - At r = 1.697982:	q_mu = 3.99081	q_A  = 3.47703	Pmu = 0.02262	1-Pb  = 0.44521	CLs  = 0.05080
AsymptoticLimits.cc[337] : (in function: getCLs) - At r = 1.723327:	q_mu = 4.02960	q_A  = 3.51405	Pmu = 0.02211	1-Pb  = 0.44531	CLs  = 0.04964
AsymptoticLimits.cc[337] : (in function: getCLs) - At r = 1.711931:	q_mu = 4.01218	q_A  = 3.49743	Pmu = 0.02233	1-Pb  = 0.44527	CLs  = 0.05016
AsymptoticLimits.cc[337] : (in function: getCLs) - At r = 1.716988:	q_mu = 4.01992	q_A  = 3.50481	Pmu = 0.02223	1-Pb  = 0.44529	CLs  = 0.04993
AsymptoticLimits.cc[337] : (in function: getCLs) - At r = 1.714706:	q_mu = 4.01643	q_A  = 3.50148	Pmu = 0.02228	1-Pb  = 0.44528	CLs  = 0.05003
AsymptoticLimits.cc[337] : (in function: getCLs) - At r = 1.715717:	q_mu = 4.01797	q_A  = 3.50296	Pmu = 0.02226	1-Pb  = 0.44528	CLs  = 0.04999
AsymptoticLimits.cc[337] : (in function: getCLs) - At r = 1.715261:	q_mu = 4.01727	q_A  = 3.50229	Pmu = 0.02227	1-Pb  = 0.44528	CLs  = 0.05001
AsymptoticLimits.cc[337] : (in function: getCLs) - At r = 1.715463:	q_mu = 4.01776	q_A  = 3.50258	Pmu = 0.02226	1-Pb  = 0.44526	CLs  = 0.04999
AsymptoticLimits.cc[337] : (in function: getCLs) - At r = 1.715382:	q_mu = 4.01750	q_A  = 3.50259	Pmu = 0.02226	1-Pb  = 0.44529	CLs  = 0.05000
AsymptoticLimits.cc[337] : (in function: getCLs) - At r = 1.715342:	q_mu = 4.01741	q_A  = 3.50244	Pmu = 0.02227	1-Pb  = 0.44528	CLs  = 0.05000
AsymptoticLimits.cc[337] : (in function: getCLs) - At r = 1.715362:	q_mu = 4.01743	q_A  = 3.50245	Pmu = 0.02226	1-Pb  = 0.44528	CLs  = 0.05000
AsymptoticLimits.cc[337] : (in function: getCLs) - At r = 1.715371:	q_mu = 4.01764	q_A  = 3.50245	Pmu = 0.02226	1-Pb  = 0.44526	CLs  = 0.05000
AsymptoticLimits.cc[337] : (in function: getCLs) - At r = 1.715366:	q_mu = 4.01748	q_A  = 3.50259	Pmu = 0.02226	1-Pb  = 0.44529	CLs  = 0.05000
