CascadeMinimizer.cc[188] : (in function: improveOnce) - Minimization configured with Type=Minuit2, Algo=Migrad, strategy=0, tolerance=0.1
CascadeMinimizer.cc[215] : (in function: improveOnce) - Minimization finished with status=0
CascadeMinimizer.cc[219] : (in function: improveOnce) - Minimization success! status=0
ToyMCSamplerOpt.cc[146] : (in function: generateAsimov) - Using internal logic for binned/unbinned Asimov dataset generation
ToyMCSamplerOpt.cc[214] : (in function: generateWithHisto) - Generating asimov with histogram for pdf pdf_binfail_LOW_obsOnly: in 4 x-bins
ToyMCSamplerOpt.cc[215] : (in function: generateWithHisto) -  , in 1 y-bins
ToyMCSamplerOpt.cc[146] : (in function: generateAsimov) - Using internal logic for binned/unbinned Asimov dataset generation
ToyMCSamplerOpt.cc[214] : (in function: generateWithHisto) - Generating asimov with histogram for pdf pdf_binfail_SIG_obsOnly: in 3 x-bins
ToyMCSamplerOpt.cc[215] : (in function: generateWithHisto) -  , in 1 y-bins
ToyMCSamplerOpt.cc[146] : (in function: generateAsimov) - Using internal logic for binned/unbinned Asimov dataset generation
ToyMCSamplerOpt.cc[214] : (in function: generateWithHisto) - Generating asimov with histogram for pdf pdf_binfail_HIGH_obsOnly: in 7 x-bins
ToyMCSamplerOpt.cc[215] : (in function: generateWithHisto) -  , in 1 y-bins
ToyMCSamplerOpt.cc[146] : (in function: generateAsimov) - Using internal logic for binned/unbinned Asimov dataset generation
ToyMCSamplerOpt.cc[214] : (in function: generateWithHisto) - Generating asimov with histogram for pdf pdf_binpass_LOW_obsOnly: in 4 x-bins
ToyMCSamplerOpt.cc[215] : (in function: generateWithHisto) -  , in 1 y-bins
ToyMCSamplerOpt.cc[146] : (in function: generateAsimov) - Using internal logic for binned/unbinned Asimov dataset generation
ToyMCSamplerOpt.cc[214] : (in function: generateWithHisto) - Generating asimov with histogram for pdf pdf_binpass_SIG_obsOnly: in 3 x-bins
ToyMCSamplerOpt.cc[215] : (in function: generateWithHisto) -  , in 1 y-bins
ToyMCSamplerOpt.cc[146] : (in function: generateAsimov) - Using internal logic for binned/unbinned Asimov dataset generation
ToyMCSamplerOpt.cc[214] : (in function: generateWithHisto) - Generating asimov with histogram for pdf pdf_binpass_HIGH_obsOnly: in 7 x-bins
ToyMCSamplerOpt.cc[215] : (in function: generateWithHisto) -  , in 1 y-bins
AsymptoticLimits.cc[428] : (in function: runLimitExpected) - Median for expected limits = 1.32031, Sigma for expected limits = 0.673641
AsymptoticLimits.cc[191] : (in function: runLimit) - NLL at global minimum of data = -11590.4 (r=9.71391e-07)
AsymptoticLimits.cc[211] : (in function: runLimit) - NLL at global minimum of asimov = -11590.1 (r=2.11058e-07)
AsymptoticLimits.cc[337] : (in function: getCLs) - At r = 1.200001:	q_mu = 4.86594	q_A  = 3.51500	Pmu = 0.01270	1-Pb  = 0.35932	CLs  = 0.03536
AsymptoticLimits.cc[337] : (in function: getCLs) - At r = 0.600001:	q_mu = 2.98099	q_A  = 1.73417	Pmu = 0.03670	1-Pb  = 0.31796	CLs  = 0.11544
AsymptoticLimits.cc[337] : (in function: getCLs) - At r = 0.939435:	q_mu = 4.10556	q_A  = 2.77521	Pmu = 0.01945	1-Pb  = 0.34484	CLs  = 0.05641
AsymptoticLimits.cc[337] : (in function: getCLs) - At r = 1.045382:	q_mu = 4.42342	q_A  = 3.08197	Pmu = 0.01627	1-Pb  = 0.35121	CLs  = 0.04634
AsymptoticLimits.cc[337] : (in function: getCLs) - At r = 0.991414:	q_mu = 4.26307	q_A  = 2.92664	Pmu = 0.01781	1-Pb  = 0.34805	CLs  = 0.05116
AsymptoticLimits.cc[337] : (in function: getCLs) - At r = 1.012197:	q_mu = 4.32515	q_A  = 2.98663	Pmu = 0.01720	1-Pb  = 0.34928	CLs  = 0.04923
AsymptoticLimits.cc[337] : (in function: getCLs) - At r = 1.001335:	q_mu = 4.29274	q_A  = 2.95527	Pmu = 0.01751	1-Pb  = 0.34864	CLs  = 0.05023
AsymptoticLimits.cc[337] : (in function: getCLs) - At r = 1.005482:	q_mu = 4.30513	q_A  = 2.96724	Pmu = 0.01739	1-Pb  = 0.34888	CLs  = 0.04985
AsymptoticLimits.cc[337] : (in function: getCLs) - At r = 1.003308:	q_mu = 4.29864	q_A  = 2.96096	Pmu = 0.01745	1-Pb  = 0.34875	CLs  = 0.05005
AsymptoticLimits.cc[337] : (in function: getCLs) - At r = 1.004138:	q_mu = 4.30111	q_A  = 2.96335	Pmu = 0.01743	1-Pb  = 0.34880	CLs  = 0.04997
AsymptoticLimits.cc[337] : (in function: getCLs) - At r = 1.003704:	q_mu = 4.29982	q_A  = 2.96210	Pmu = 0.01744	1-Pb  = 0.34878	CLs  = 0.05001
AsymptoticLimits.cc[337] : (in function: getCLs) - At r = 1.003870:	q_mu = 4.30031	q_A  = 2.96257	Pmu = 0.01744	1-Pb  = 0.34878	CLs  = 0.04999
AsymptoticLimits.cc[337] : (in function: getCLs) - At r = 1.003783:	q_mu = 4.30012	q_A  = 2.96234	Pmu = 0.01744	1-Pb  = 0.34877	CLs  = 0.05000
AsymptoticLimits.cc[337] : (in function: getCLs) - At r = 1.003805:	q_mu = 4.30014	q_A  = 2.96239	Pmu = 0.01744	1-Pb  = 0.34878	CLs  = 0.05000
AsymptoticLimits.cc[337] : (in function: getCLs) - At r = 1.003795:	q_mu = 4.30009	q_A  = 2.96236	Pmu = 0.01744	1-Pb  = 0.34878	CLs  = 0.05000
AsymptoticLimits.cc[337] : (in function: getCLs) - At r = 1.003799:	q_mu = 4.30010	q_A  = 2.96237	Pmu = 0.01744	1-Pb  = 0.34878	CLs  = 0.05000
