CascadeMinimizer.cc[188] : (in function: improveOnce) - Minimization configured with Type=Minuit2, Algo=Migrad, strategy=0, tolerance=0.1
CascadeMinimizer.cc[215] : (in function: improveOnce) - Minimization finished with status=0
CascadeMinimizer.cc[219] : (in function: improveOnce) - Minimization success! status=0
ToyMCSamplerOpt.cc[146] : (in function: generateAsimov) - Using internal logic for binned/unbinned Asimov dataset generation
ToyMCSamplerOpt.cc[214] : (in function: generateWithHisto) - Generating asimov with histogram for pdf pdf_binfail_LOW_obsOnly: in 4 x-bins
ToyMCSamplerOpt.cc[215] : (in function: generateWithHisto) -  , in 1 y-bins
ToyMCSamplerOpt.cc[146] : (in function: generateAsimov) - Using internal logic for binned/unbinned Asimov dataset generation
ToyMCSamplerOpt.cc[214] : (in function: generateWithHisto) - Generating asimov with histogram for pdf pdf_binfail_SIG_obsOnly: in 3 x-bins
ToyMCSamplerOpt.cc[215] : (in function: generateWithHisto) -  , in 1 y-bins
ToyMCSamplerOpt.cc[146] : (in function: generateAsimov) - Using internal logic for binned/unbinned Asimov dataset generation
ToyMCSamplerOpt.cc[214] : (in function: generateWithHisto) - Generating asimov with histogram for pdf pdf_binfail_HIGH_obsOnly: in 7 x-bins
ToyMCSamplerOpt.cc[215] : (in function: generateWithHisto) -  , in 1 y-bins
ToyMCSamplerOpt.cc[146] : (in function: generateAsimov) - Using internal logic for binned/unbinned Asimov dataset generation
ToyMCSamplerOpt.cc[214] : (in function: generateWithHisto) - Generating asimov with histogram for pdf pdf_binpass_LOW_obsOnly: in 4 x-bins
ToyMCSamplerOpt.cc[215] : (in function: generateWithHisto) -  , in 1 y-bins
ToyMCSamplerOpt.cc[146] : (in function: generateAsimov) - Using internal logic for binned/unbinned Asimov dataset generation
ToyMCSamplerOpt.cc[214] : (in function: generateWithHisto) - Generating asimov with histogram for pdf pdf_binpass_SIG_obsOnly: in 3 x-bins
ToyMCSamplerOpt.cc[215] : (in function: generateWithHisto) -  , in 1 y-bins
ToyMCSamplerOpt.cc[146] : (in function: generateAsimov) - Using internal logic for binned/unbinned Asimov dataset generation
ToyMCSamplerOpt.cc[214] : (in function: generateWithHisto) - Generating asimov with histogram for pdf pdf_binpass_HIGH_obsOnly: in 7 x-bins
ToyMCSamplerOpt.cc[215] : (in function: generateWithHisto) -  , in 1 y-bins
AsymptoticLimits.cc[428] : (in function: runLimitExpected) - Median for expected limits = 1.46094, Sigma for expected limits = 0.74539
AsymptoticLimits.cc[191] : (in function: runLimit) - NLL at global minimum of data = -11595.2 (r=1.0412)
AsymptoticLimits.cc[211] : (in function: runLimit) - NLL at global minimum of asimov = -11591.2 (r=0.00261991)
AsymptoticLimits.cc[337] : (in function: getCLs) - At r = 2.930111:	q_mu = 1.77524	q_A  = 7.24377	Pmu = 0.09137	1-Pb  = 0.91293	CLs  = 0.10008
AsymptoticLimits.cc[337] : (in function: getCLs) - At r = 5.860223:	q_mu = 5.31563	q_A  = 12.16776	Pmu = 0.01057	1-Pb  = 0.88153	CLs  = 0.01199
AsymptoticLimits.cc[337] : (in function: getCLs) - At r = 3.450713:	q_mu = 2.43772	q_A  = 8.23131	Pmu = 0.05922	1-Pb  = 0.90451	CLs  = 0.06548
AsymptoticLimits.cc[337] : (in function: getCLs) - At r = 4.655468:	q_mu = 3.92572	q_A  = 10.33388	Pmu = 0.02378	1-Pb  = 0.89127	CLs  = 0.02668
AsymptoticLimits.cc[337] : (in function: getCLs) - At r = 3.981125:	q_mu = 3.10343	q_A  = 9.19591	Pmu = 0.03906	1-Pb  = 0.89810	CLs  = 0.04350
AsymptoticLimits.cc[337] : (in function: getCLs) - At r = 3.730467:	q_mu = 2.79058	q_A  = 8.74838	Pmu = 0.04741	1-Pb  = 0.90100	CLs  = 0.05262
AsymptoticLimits.cc[337] : (in function: getCLs) - At r = 3.834369:	q_mu = 2.92074	q_A  = 8.93565	Pmu = 0.04372	1-Pb  = 0.89977	CLs  = 0.04859
AsymptoticLimits.cc[337] : (in function: getCLs) - At r = 3.783806:	q_mu = 2.85744	q_A  = 8.84482	Pmu = 0.04548	1-Pb  = 0.90036	CLs  = 0.05051
AsymptoticLimits.cc[337] : (in function: getCLs) - At r = 3.804516:	q_mu = 2.88337	q_A  = 8.88207	Pmu = 0.04475	1-Pb  = 0.90012	CLs  = 0.04971
AsymptoticLimits.cc[337] : (in function: getCLs) - At r = 3.794391:	q_mu = 2.87069	q_A  = 8.86386	Pmu = 0.04510	1-Pb  = 0.90024	CLs  = 0.05010
AsymptoticLimits.cc[337] : (in function: getCLs) - At r = 3.798530:	q_mu = 2.87588	q_A  = 8.87131	Pmu = 0.04496	1-Pb  = 0.90019	CLs  = 0.04994
AsymptoticLimits.cc[337] : (in function: getCLs) - At r = 3.796504:	q_mu = 2.87334	q_A  = 8.86766	Pmu = 0.04503	1-Pb  = 0.90021	CLs  = 0.05002
AsymptoticLimits.cc[337] : (in function: getCLs) - At r = 3.797331:	q_mu = 2.87438	q_A  = 8.86915	Pmu = 0.04500	1-Pb  = 0.90020	CLs  = 0.04999
AsymptoticLimits.cc[337] : (in function: getCLs) - At r = 3.796926:	q_mu = 2.87387	q_A  = 8.86842	Pmu = 0.04501	1-Pb  = 0.90021	CLs  = 0.05000
AsymptoticLimits.cc[337] : (in function: getCLs) - At r = 3.797091:	q_mu = 2.87408	q_A  = 8.86872	Pmu = 0.04501	1-Pb  = 0.90021	CLs  = 0.05000
AsymptoticLimits.cc[337] : (in function: getCLs) - At r = 3.797010:	q_mu = 2.87398	q_A  = 8.86857	Pmu = 0.04501	1-Pb  = 0.90021	CLs  = 0.05000
AsymptoticLimits.cc[337] : (in function: getCLs) - At r = 3.797044:	q_mu = 2.87402	q_A  = 8.86863	Pmu = 0.04501	1-Pb  = 0.90021	CLs  = 0.05000
AsymptoticLimits.cc[337] : (in function: getCLs) - At r = 3.797027:	q_mu = 2.87400	q_A  = 8.86860	Pmu = 0.04501	1-Pb  = 0.90021	CLs  = 0.05000
