CascadeMinimizer.cc[188] : (in function: improveOnce) - Minimization configured with Type=Minuit2, Algo=Migrad, strategy=0, tolerance=0.1
CascadeMinimizer.cc[215] : (in function: improveOnce) - Minimization finished with status=0
CascadeMinimizer.cc[219] : (in function: improveOnce) - Minimization success! status=0
ToyMCSamplerOpt.cc[146] : (in function: generateAsimov) - Using internal logic for binned/unbinned Asimov dataset generation
ToyMCSamplerOpt.cc[214] : (in function: generateWithHisto) - Generating asimov with histogram for pdf pdf_binfail_LOW_obsOnly: in 4 x-bins
ToyMCSamplerOpt.cc[215] : (in function: generateWithHisto) -  , in 1 y-bins
ToyMCSamplerOpt.cc[146] : (in function: generateAsimov) - Using internal logic for binned/unbinned Asimov dataset generation
ToyMCSamplerOpt.cc[214] : (in function: generateWithHisto) - Generating asimov with histogram for pdf pdf_binfail_SIG_obsOnly: in 3 x-bins
ToyMCSamplerOpt.cc[215] : (in function: generateWithHisto) -  , in 1 y-bins
ToyMCSamplerOpt.cc[146] : (in function: generateAsimov) - Using internal logic for binned/unbinned Asimov dataset generation
ToyMCSamplerOpt.cc[214] : (in function: generateWithHisto) - Generating asimov with histogram for pdf pdf_binfail_HIGH_obsOnly: in 7 x-bins
ToyMCSamplerOpt.cc[215] : (in function: generateWithHisto) -  , in 1 y-bins
ToyMCSamplerOpt.cc[146] : (in function: generateAsimov) - Using internal logic for binned/unbinned Asimov dataset generation
ToyMCSamplerOpt.cc[214] : (in function: generateWithHisto) - Generating asimov with histogram for pdf pdf_binpass_LOW_obsOnly: in 4 x-bins
ToyMCSamplerOpt.cc[215] : (in function: generateWithHisto) -  , in 1 y-bins
ToyMCSamplerOpt.cc[146] : (in function: generateAsimov) - Using internal logic for binned/unbinned Asimov dataset generation
ToyMCSamplerOpt.cc[214] : (in function: generateWithHisto) - Generating asimov with histogram for pdf pdf_binpass_SIG_obsOnly: in 3 x-bins
ToyMCSamplerOpt.cc[215] : (in function: generateWithHisto) -  , in 1 y-bins
ToyMCSamplerOpt.cc[146] : (in function: generateAsimov) - Using internal logic for binned/unbinned Asimov dataset generation
ToyMCSamplerOpt.cc[214] : (in function: generateWithHisto) - Generating asimov with histogram for pdf pdf_binpass_HIGH_obsOnly: in 7 x-bins
ToyMCSamplerOpt.cc[215] : (in function: generateWithHisto) -  , in 1 y-bins
AsymptoticLimits.cc[428] : (in function: runLimitExpected) - Median for expected limits = 2.10938, Sigma for expected limits = 1.07623
AsymptoticLimits.cc[191] : (in function: runLimit) - NLL at global minimum of data = -11584.7 (r=3.79056e-08)
AsymptoticLimits.cc[211] : (in function: runLimit) - NLL at global minimum of asimov = -11584.5 (r=4.23713e-06)
AsymptoticLimits.cc[337] : (in function: getCLs) - At r = 1.200000:	q_mu = 3.12741	q_A  = 2.44794	Pmu = 0.03740	1-Pb  = 0.41405	CLs  = 0.09032
AsymptoticLimits.cc[337] : (in function: getCLs) - At r = 2.400000:	q_mu = 5.08558	q_A  = 4.22989	Pmu = 0.01177	1-Pb  = 0.41760	CLs  = 0.02817
AsymptoticLimits.cc[337] : (in function: getCLs) - At r = 1.200000:	q_mu = 3.12741	q_A  = 2.44796	Pmu = 0.03740	1-Pb  = 0.41405	CLs  = 0.09032
AsymptoticLimits.cc[337] : (in function: getCLs) - At r = 1.687295:	q_mu = 3.99859	q_A  = 3.23395	Pmu = 0.02217	1-Pb  = 0.41582	CLs  = 0.05331
AsymptoticLimits.cc[337] : (in function: getCLs) - At r = 1.887137:	q_mu = 4.32241	q_A  = 3.52912	Pmu = 0.01832	1-Pb  = 0.41639	CLs  = 0.04400
AsymptoticLimits.cc[337] : (in function: getCLs) - At r = 1.780646:	q_mu = 4.15198	q_A  = 3.37356	Pmu = 0.02025	1-Pb  = 0.41609	CLs  = 0.04867
AsymptoticLimits.cc[337] : (in function: getCLs) - At r = 1.739805:	q_mu = 4.08532	q_A  = 3.31283	Pmu = 0.02106	1-Pb  = 0.41597	CLs  = 0.05063
AsymptoticLimits.cc[337] : (in function: getCLs) - At r = 1.758299:	q_mu = 4.11574	q_A  = 3.34050	Pmu = 0.02069	1-Pb  = 0.41602	CLs  = 0.04972
AsymptoticLimits.cc[337] : (in function: getCLs) - At r = 1.750051:	q_mu = 4.10214	q_A  = 3.32814	Pmu = 0.02085	1-Pb  = 0.41600	CLs  = 0.05013
AsymptoticLimits.cc[337] : (in function: getCLs) - At r = 1.753758:	q_mu = 4.10817	q_A  = 3.33364	Pmu = 0.02078	1-Pb  = 0.41601	CLs  = 0.04995
AsymptoticLimits.cc[337] : (in function: getCLs) - At r = 1.752134:	q_mu = 4.10551	q_A  = 3.33138	Pmu = 0.02081	1-Pb  = 0.41603	CLs  = 0.05002
AsymptoticLimits.cc[337] : (in function: getCLs) - At r = 1.752862:	q_mu = 4.10669	q_A  = 3.33233	Pmu = 0.02080	1-Pb  = 0.41601	CLs  = 0.04999
AsymptoticLimits.cc[337] : (in function: getCLs) - At r = 1.752547:	q_mu = 4.10635	q_A  = 3.33183	Pmu = 0.02080	1-Pb  = 0.41599	CLs  = 0.05000
AsymptoticLimits.cc[337] : (in function: getCLs) - At r = 1.752658:	q_mu = 4.10639	q_A  = 3.33199	Pmu = 0.02080	1-Pb  = 0.41601	CLs  = 0.05000
AsymptoticLimits.cc[337] : (in function: getCLs) - At r = 1.752627:	q_mu = 4.10632	q_A  = 3.33209	Pmu = 0.02080	1-Pb  = 0.41603	CLs  = 0.05000
AsymptoticLimits.cc[337] : (in function: getCLs) - At r = 1.752644:	q_mu = 4.10634	q_A  = 3.33200	Pmu = 0.02080	1-Pb  = 0.41601	CLs  = 0.05000
AsymptoticLimits.cc[337] : (in function: getCLs) - At r = 1.752652:	q_mu = 4.10653	q_A  = 3.33199	Pmu = 0.02080	1-Pb  = 0.41599	CLs  = 0.05000
