CascadeMinimizer.cc[188] : (in function: improveOnce) - Minimization configured with Type=Minuit2, Algo=Migrad, strategy=0, tolerance=0.1
CascadeMinimizer.cc[215] : (in function: improveOnce) - Minimization finished with status=0
CascadeMinimizer.cc[219] : (in function: improveOnce) - Minimization success! status=0
ToyMCSamplerOpt.cc[146] : (in function: generateAsimov) - Using internal logic for binned/unbinned Asimov dataset generation
ToyMCSamplerOpt.cc[214] : (in function: generateWithHisto) - Generating asimov with histogram for pdf pdf_binfail_LOW_obsOnly: in 4 x-bins
ToyMCSamplerOpt.cc[215] : (in function: generateWithHisto) -  , in 1 y-bins
ToyMCSamplerOpt.cc[146] : (in function: generateAsimov) - Using internal logic for binned/unbinned Asimov dataset generation
ToyMCSamplerOpt.cc[214] : (in function: generateWithHisto) - Generating asimov with histogram for pdf pdf_binfail_SIG_obsOnly: in 3 x-bins
ToyMCSamplerOpt.cc[215] : (in function: generateWithHisto) -  , in 1 y-bins
ToyMCSamplerOpt.cc[146] : (in function: generateAsimov) - Using internal logic for binned/unbinned Asimov dataset generation
ToyMCSamplerOpt.cc[214] : (in function: generateWithHisto) - Generating asimov with histogram for pdf pdf_binfail_HIGH_obsOnly: in 7 x-bins
ToyMCSamplerOpt.cc[215] : (in function: generateWithHisto) -  , in 1 y-bins
ToyMCSamplerOpt.cc[146] : (in function: generateAsimov) - Using internal logic for binned/unbinned Asimov dataset generation
ToyMCSamplerOpt.cc[214] : (in function: generateWithHisto) - Generating asimov with histogram for pdf pdf_binpass_LOW_obsOnly: in 4 x-bins
ToyMCSamplerOpt.cc[215] : (in function: generateWithHisto) -  , in 1 y-bins
ToyMCSamplerOpt.cc[146] : (in function: generateAsimov) - Using internal logic for binned/unbinned Asimov dataset generation
ToyMCSamplerOpt.cc[214] : (in function: generateWithHisto) - Generating asimov with histogram for pdf pdf_binpass_SIG_obsOnly: in 3 x-bins
ToyMCSamplerOpt.cc[215] : (in function: generateWithHisto) -  , in 1 y-bins
ToyMCSamplerOpt.cc[146] : (in function: generateAsimov) - Using internal logic for binned/unbinned Asimov dataset generation
ToyMCSamplerOpt.cc[214] : (in function: generateWithHisto) - Generating asimov with histogram for pdf pdf_binpass_HIGH_obsOnly: in 7 x-bins
ToyMCSamplerOpt.cc[215] : (in function: generateWithHisto) -  , in 1 y-bins
AsymptoticLimits.cc[428] : (in function: runLimitExpected) - Median for expected limits = 1.86719, Sigma for expected limits = 0.952664
AsymptoticLimits.cc[191] : (in function: runLimit) - NLL at global minimum of data = -11585.4 (r=1.06205e-07)
AsymptoticLimits.cc[211] : (in function: runLimit) - NLL at global minimum of asimov = -11585.2 (r=1.60812e-06)
AsymptoticLimits.cc[337] : (in function: getCLs) - At r = 1.200000:	q_mu = 3.51374	q_A  = 2.69149	Pmu = 0.02930	1-Pb  = 0.40106	CLs  = 0.07306
AsymptoticLimits.cc[337] : (in function: getCLs) - At r = 2.400000:	q_mu = 5.67319	q_A  = 4.64091	Pmu = 0.00834	1-Pb  = 0.40532	CLs  = 0.02057
AsymptoticLimits.cc[337] : (in function: getCLs) - At r = 1.200000:	q_mu = 3.51378	q_A  = 2.69156	Pmu = 0.02930	1-Pb  = 0.40107	CLs  = 0.07306
AsymptoticLimits.cc[337] : (in function: getCLs) - At r = 1.727181:	q_mu = 4.54915	q_A  = 3.61800	Pmu = 0.01590	1-Pb  = 0.40332	CLs  = 0.03943
AsymptoticLimits.cc[337] : (in function: getCLs) - At r = 1.459294:	q_mu = 4.04402	q_A  = 3.16376	Pmu = 0.02138	1-Pb  = 0.40228	CLs  = 0.05313
AsymptoticLimits.cc[337] : (in function: getCLs) - At r = 1.556547:	q_mu = 4.23201	q_A  = 3.33235	Pmu = 0.01914	1-Pb  = 0.40268	CLs  = 0.04753
AsymptoticLimits.cc[337] : (in function: getCLs) - At r = 1.501706:	q_mu = 4.12666	q_A  = 3.23778	Pmu = 0.02036	1-Pb  = 0.40246	CLs  = 0.05059
AsymptoticLimits.cc[337] : (in function: getCLs) - At r = 1.520894:	q_mu = 4.16369	q_A  = 3.27100	Pmu = 0.01992	1-Pb  = 0.40253	CLs  = 0.04949
AsymptoticLimits.cc[337] : (in function: getCLs) - At r = 1.509879:	q_mu = 4.14245	q_A  = 3.25194	Pmu = 0.02017	1-Pb  = 0.40249	CLs  = 0.05012
AsymptoticLimits.cc[337] : (in function: getCLs) - At r = 1.513708:	q_mu = 4.14984	q_A  = 3.25857	Pmu = 0.02008	1-Pb  = 0.40250	CLs  = 0.04990
AsymptoticLimits.cc[337] : (in function: getCLs) - At r = 1.511503:	q_mu = 4.14559	q_A  = 3.25476	Pmu = 0.02013	1-Pb  = 0.40250	CLs  = 0.05002
AsymptoticLimits.cc[337] : (in function: getCLs) - At r = 1.512268:	q_mu = 4.14707	q_A  = 3.25608	Pmu = 0.02012	1-Pb  = 0.40250	CLs  = 0.04998
AsymptoticLimits.cc[337] : (in function: getCLs) - At r = 1.511827:	q_mu = 4.14621	q_A  = 3.25532	Pmu = 0.02013	1-Pb  = 0.40250	CLs  = 0.05000
AsymptoticLimits.cc[337] : (in function: getCLs) - At r = 1.511980:	q_mu = 4.14651	q_A  = 3.25571	Pmu = 0.02012	1-Pb  = 0.40251	CLs  = 0.04999
AsymptoticLimits.cc[337] : (in function: getCLs) - At r = 1.511914:	q_mu = 4.14655	q_A  = 3.25550	Pmu = 0.02012	1-Pb  = 0.40248	CLs  = 0.05000
AsymptoticLimits.cc[337] : (in function: getCLs) - At r = 1.511865:	q_mu = 4.14632	q_A  = 3.25540	Pmu = 0.02013	1-Pb  = 0.40250	CLs  = 0.05000
AsymptoticLimits.cc[337] : (in function: getCLs) - At r = 1.511886:	q_mu = 4.14634	q_A  = 3.25543	Pmu = 0.02013	1-Pb  = 0.40250	CLs  = 0.05000
AsymptoticLimits.cc[337] : (in function: getCLs) - At r = 1.511896:	q_mu = 4.14635	q_A  = 3.25559	Pmu = 0.02013	1-Pb  = 0.40252	CLs  = 0.05000
AsymptoticLimits.cc[337] : (in function: getCLs) - At r = 1.511890:	q_mu = 4.14652	q_A  = 3.25547	Pmu = 0.02012	1-Pb  = 0.40248	CLs  = 0.05000
