CascadeMinimizer.cc[188] : (in function: improveOnce) - Minimization configured with Type=Minuit2, Algo=Migrad, strategy=0, tolerance=0.1
CascadeMinimizer.cc[215] : (in function: improveOnce) - Minimization finished with status=0
CascadeMinimizer.cc[219] : (in function: improveOnce) - Minimization success! status=0
ToyMCSamplerOpt.cc[146] : (in function: generateAsimov) - Using internal logic for binned/unbinned Asimov dataset generation
ToyMCSamplerOpt.cc[214] : (in function: generateWithHisto) - Generating asimov with histogram for pdf pdf_binfail_LOW_obsOnly: in 4 x-bins
ToyMCSamplerOpt.cc[215] : (in function: generateWithHisto) -  , in 1 y-bins
ToyMCSamplerOpt.cc[146] : (in function: generateAsimov) - Using internal logic for binned/unbinned Asimov dataset generation
ToyMCSamplerOpt.cc[214] : (in function: generateWithHisto) - Generating asimov with histogram for pdf pdf_binfail_SIG_obsOnly: in 3 x-bins
ToyMCSamplerOpt.cc[215] : (in function: generateWithHisto) -  , in 1 y-bins
ToyMCSamplerOpt.cc[146] : (in function: generateAsimov) - Using internal logic for binned/unbinned Asimov dataset generation
ToyMCSamplerOpt.cc[214] : (in function: generateWithHisto) - Generating asimov with histogram for pdf pdf_binfail_HIGH_obsOnly: in 7 x-bins
ToyMCSamplerOpt.cc[215] : (in function: generateWithHisto) -  , in 1 y-bins
ToyMCSamplerOpt.cc[146] : (in function: generateAsimov) - Using internal logic for binned/unbinned Asimov dataset generation
ToyMCSamplerOpt.cc[214] : (in function: generateWithHisto) - Generating asimov with histogram for pdf pdf_binpass_LOW_obsOnly: in 4 x-bins
ToyMCSamplerOpt.cc[215] : (in function: generateWithHisto) -  , in 1 y-bins
ToyMCSamplerOpt.cc[146] : (in function: generateAsimov) - Using internal logic for binned/unbinned Asimov dataset generation
ToyMCSamplerOpt.cc[214] : (in function: generateWithHisto) - Generating asimov with histogram for pdf pdf_binpass_SIG_obsOnly: in 3 x-bins
ToyMCSamplerOpt.cc[215] : (in function: generateWithHisto) -  , in 1 y-bins
ToyMCSamplerOpt.cc[146] : (in function: generateAsimov) - Using internal logic for binned/unbinned Asimov dataset generation
ToyMCSamplerOpt.cc[214] : (in function: generateWithHisto) - Generating asimov with histogram for pdf pdf_binpass_HIGH_obsOnly: in 7 x-bins
ToyMCSamplerOpt.cc[215] : (in function: generateWithHisto) -  , in 1 y-bins
AsymptoticLimits.cc[428] : (in function: runLimitExpected) - Median for expected limits = 0.744141, Sigma for expected limits = 0.379671
AsymptoticLimits.cc[191] : (in function: runLimit) - NLL at global minimum of data = -11142.5 (r=1.95982e-09)
AsymptoticLimits.cc[211] : (in function: runLimit) - NLL at global minimum of asimov = -11141.8 (r=4.44745e-06)
AsymptoticLimits.cc[337] : (in function: getCLs) - At r = 1.200000:	q_mu = 9.49796	q_A  = 6.18657	Pmu = 0.00081	1-Pb  = 0.25281	CLs  = 0.00320
AsymptoticLimits.cc[337] : (in function: getCLs) - At r = 0.600000:	q_mu = 5.51551	q_A  = 3.04492	Pmu = 0.00709	1-Pb  = 0.23950	CLs  = 0.02959
AsymptoticLimits.cc[337] : (in function: getCLs) - At r = 0.300000:	q_mu = 3.04962	q_A  = 1.33136	Pmu = 0.02882	1-Pb  = 0.22826	CLs  = 0.12626
AsymptoticLimits.cc[337] : (in function: getCLs) - At r = 0.453210:	q_mu = 4.36280	q_A  = 2.21016	Pmu = 0.01353	1-Pb  = 0.23454	CLs  = 0.05769
AsymptoticLimits.cc[337] : (in function: getCLs) - At r = 0.507723:	q_mu = 4.80169	q_A  = 2.52241	Pmu = 0.01056	1-Pb  = 0.23651	CLs  = 0.04466
AsymptoticLimits.cc[337] : (in function: getCLs) - At r = 0.477570:	q_mu = 4.56065	q_A  = 2.34988	Pmu = 0.01210	1-Pb  = 0.23543	CLs  = 0.05138
AsymptoticLimits.cc[337] : (in function: getCLs) - At r = 0.488295:	q_mu = 4.64681	q_A  = 2.41130	Pmu = 0.01152	1-Pb  = 0.23582	CLs  = 0.04887
AsymptoticLimits.cc[337] : (in function: getCLs) - At r = 0.482234:	q_mu = 4.59814	q_A  = 2.37659	Pmu = 0.01184	1-Pb  = 0.23560	CLs  = 0.05027
AsymptoticLimits.cc[337] : (in function: getCLs) - At r = 0.484375:	q_mu = 4.61542	q_A  = 2.38887	Pmu = 0.01173	1-Pb  = 0.23567	CLs  = 0.04977
AsymptoticLimits.cc[337] : (in function: getCLs) - At r = 0.483158:	q_mu = 4.60558	q_A  = 2.38189	Pmu = 0.01179	1-Pb  = 0.23563	CLs  = 0.05005
AsymptoticLimits.cc[337] : (in function: getCLs) - At r = 0.483588:	q_mu = 4.60902	q_A  = 2.38434	Pmu = 0.01177	1-Pb  = 0.23565	CLs  = 0.04995
AsymptoticLimits.cc[337] : (in function: getCLs) - At r = 0.483346:	q_mu = 4.60707	q_A  = 2.38295	Pmu = 0.01178	1-Pb  = 0.23564	CLs  = 0.05001
AsymptoticLimits.cc[337] : (in function: getCLs) - At r = 0.483433:	q_mu = 4.60777	q_A  = 2.38345	Pmu = 0.01178	1-Pb  = 0.23564	CLs  = 0.04999
AsymptoticLimits.cc[337] : (in function: getCLs) - At r = 0.483385:	q_mu = 4.60746	q_A  = 2.38317	Pmu = 0.01178	1-Pb  = 0.23563	CLs  = 0.05000
AsymptoticLimits.cc[337] : (in function: getCLs) - At r = 0.483397:	q_mu = 4.60750	q_A  = 2.38327	Pmu = 0.01178	1-Pb  = 0.23564	CLs  = 0.05000
AsymptoticLimits.cc[337] : (in function: getCLs) - At r = 0.483390:	q_mu = 4.60743	q_A  = 2.38321	Pmu = 0.01178	1-Pb  = 0.23564	CLs  = 0.05000
AsymptoticLimits.cc[337] : (in function: getCLs) - At r = 0.483393:	q_mu = 4.60745	q_A  = 2.38323	Pmu = 0.01178	1-Pb  = 0.23564	CLs  = 0.05000
