CascadeMinimizer.cc[188] : (in function: improveOnce) - Minimization configured with Type=Minuit2, Algo=Migrad, strategy=0, tolerance=0.1
CascadeMinimizer.cc[215] : (in function: improveOnce) - Minimization finished with status=0
CascadeMinimizer.cc[219] : (in function: improveOnce) - Minimization success! status=0
ToyMCSamplerOpt.cc[146] : (in function: generateAsimov) - Using internal logic for binned/unbinned Asimov dataset generation
ToyMCSamplerOpt.cc[214] : (in function: generateWithHisto) - Generating asimov with histogram for pdf pdf_binfail_LOW_obsOnly: in 4 x-bins
ToyMCSamplerOpt.cc[215] : (in function: generateWithHisto) -  , in 1 y-bins
ToyMCSamplerOpt.cc[146] : (in function: generateAsimov) - Using internal logic for binned/unbinned Asimov dataset generation
ToyMCSamplerOpt.cc[214] : (in function: generateWithHisto) - Generating asimov with histogram for pdf pdf_binfail_SIG_obsOnly: in 3 x-bins
ToyMCSamplerOpt.cc[215] : (in function: generateWithHisto) -  , in 1 y-bins
ToyMCSamplerOpt.cc[146] : (in function: generateAsimov) - Using internal logic for binned/unbinned Asimov dataset generation
ToyMCSamplerOpt.cc[214] : (in function: generateWithHisto) - Generating asimov with histogram for pdf pdf_binfail_HIGH_obsOnly: in 7 x-bins
ToyMCSamplerOpt.cc[215] : (in function: generateWithHisto) -  , in 1 y-bins
ToyMCSamplerOpt.cc[146] : (in function: generateAsimov) - Using internal logic for binned/unbinned Asimov dataset generation
ToyMCSamplerOpt.cc[214] : (in function: generateWithHisto) - Generating asimov with histogram for pdf pdf_binpass_LOW_obsOnly: in 4 x-bins
ToyMCSamplerOpt.cc[215] : (in function: generateWithHisto) -  , in 1 y-bins
ToyMCSamplerOpt.cc[146] : (in function: generateAsimov) - Using internal logic for binned/unbinned Asimov dataset generation
ToyMCSamplerOpt.cc[214] : (in function: generateWithHisto) - Generating asimov with histogram for pdf pdf_binpass_SIG_obsOnly: in 3 x-bins
ToyMCSamplerOpt.cc[215] : (in function: generateWithHisto) -  , in 1 y-bins
ToyMCSamplerOpt.cc[146] : (in function: generateAsimov) - Using internal logic for binned/unbinned Asimov dataset generation
ToyMCSamplerOpt.cc[214] : (in function: generateWithHisto) - Generating asimov with histogram for pdf pdf_binpass_HIGH_obsOnly: in 7 x-bins
ToyMCSamplerOpt.cc[215] : (in function: generateWithHisto) -  , in 1 y-bins
AsymptoticLimits.cc[428] : (in function: runLimitExpected) - Median for expected limits = 1.86328, Sigma for expected limits = 0.950671
AsymptoticLimits.cc[191] : (in function: runLimit) - NLL at global minimum of data = -11157.1 (r=1.91223)
AsymptoticLimits.cc[211] : (in function: runLimit) - NLL at global minimum of asimov = -11153.7 (r=0.00919601)
AsymptoticLimits.cc[337] : (in function: getCLs) - At r = 5.003830:	q_mu = 4.73273	q_A  = 13.64988	Pmu = 0.01480	1-Pb  = 0.93563	CLs  = 0.01581
AsymptoticLimits.cc[337] : (in function: getCLs) - At r = 3.458029:	q_mu = 1.61539	q_A  = 8.76994	Pmu = 0.10187	1-Pb  = 0.95453	CLs  = 0.10672
AsymptoticLimits.cc[337] : (in function: getCLs) - At r = 4.258274:	q_mu = 3.14103	q_A  = 11.28711	Pmu = 0.03817	1-Pb  = 0.94378	CLs  = 0.04045
AsymptoticLimits.cc[337] : (in function: getCLs) - At r = 3.958314:	q_mu = 2.54035	q_A  = 10.34677	Pmu = 0.05549	1-Pb  = 0.94768	CLs  = 0.05855
AsymptoticLimits.cc[337] : (in function: getCLs) - At r = 4.120703:	q_mu = 2.86205	q_A  = 10.85647	Pmu = 0.04535	1-Pb  = 0.94555	CLs  = 0.04796
AsymptoticLimits.cc[337] : (in function: getCLs) - At r = 4.061066:	q_mu = 2.74287	q_A  = 10.66939	Pmu = 0.04884	1-Pb  = 0.94633	CLs  = 0.05161
AsymptoticLimits.cc[337] : (in function: getCLs) - At r = 4.093625:	q_mu = 2.80783	q_A  = 10.77159	Pmu = 0.04690	1-Pb  = 0.94590	CLs  = 0.04958
AsymptoticLimits.cc[337] : (in function: getCLs) - At r = 4.081702:	q_mu = 2.78395	q_A  = 10.73412	Pmu = 0.04761	1-Pb  = 0.94606	CLs  = 0.05032
AsymptoticLimits.cc[337] : (in function: getCLs) - At r = 4.088228:	q_mu = 2.79698	q_A  = 10.75459	Pmu = 0.04722	1-Pb  = 0.94597	CLs  = 0.04992
AsymptoticLimits.cc[337] : (in function: getCLs) - At r = 4.085855:	q_mu = 2.79224	q_A  = 10.74714	Pmu = 0.04736	1-Pb  = 0.94600	CLs  = 0.05006
AsymptoticLimits.cc[337] : (in function: getCLs) - At r = 4.087161:	q_mu = 2.79485	q_A  = 10.75124	Pmu = 0.04728	1-Pb  = 0.94599	CLs  = 0.04998
AsymptoticLimits.cc[337] : (in function: getCLs) - At r = 4.086688:	q_mu = 2.79390	q_A  = 10.74975	Pmu = 0.04731	1-Pb  = 0.94599	CLs  = 0.05001
AsymptoticLimits.cc[337] : (in function: getCLs) - At r = 4.086949:	q_mu = 2.79442	q_A  = 10.75057	Pmu = 0.04730	1-Pb  = 0.94599	CLs  = 0.05000
AsymptoticLimits.cc[337] : (in function: getCLs) - At r = 4.086854:	q_mu = 2.79423	q_A  = 10.75028	Pmu = 0.04730	1-Pb  = 0.94599	CLs  = 0.05000
AsymptoticLimits.cc[337] : (in function: getCLs) - At r = 4.086907:	q_mu = 2.79434	q_A  = 10.75044	Pmu = 0.04730	1-Pb  = 0.94599	CLs  = 0.05000
AsymptoticLimits.cc[337] : (in function: getCLs) - At r = 4.086888:	q_mu = 2.79430	q_A  = 10.75038	Pmu = 0.04730	1-Pb  = 0.94599	CLs  = 0.05000
AsymptoticLimits.cc[337] : (in function: getCLs) - At r = 4.086898:	q_mu = 2.79432	q_A  = 10.75041	Pmu = 0.04730	1-Pb  = 0.94599	CLs  = 0.05000
