CascadeMinimizer.cc[188] : (in function: improveOnce) - Minimization configured with Type=Minuit2, Algo=Migrad, strategy=0, tolerance=0.1
CascadeMinimizer.cc[215] : (in function: improveOnce) - Minimization finished with status=0
CascadeMinimizer.cc[219] : (in function: improveOnce) - Minimization success! status=0
ToyMCSamplerOpt.cc[146] : (in function: generateAsimov) - Using internal logic for binned/unbinned Asimov dataset generation
ToyMCSamplerOpt.cc[214] : (in function: generateWithHisto) - Generating asimov with histogram for pdf pdf_binfail_LOW_obsOnly: in 4 x-bins
ToyMCSamplerOpt.cc[215] : (in function: generateWithHisto) -  , in 1 y-bins
ToyMCSamplerOpt.cc[146] : (in function: generateAsimov) - Using internal logic for binned/unbinned Asimov dataset generation
ToyMCSamplerOpt.cc[214] : (in function: generateWithHisto) - Generating asimov with histogram for pdf pdf_binfail_SIG_obsOnly: in 3 x-bins
ToyMCSamplerOpt.cc[215] : (in function: generateWithHisto) -  , in 1 y-bins
ToyMCSamplerOpt.cc[146] : (in function: generateAsimov) - Using internal logic for binned/unbinned Asimov dataset generation
ToyMCSamplerOpt.cc[214] : (in function: generateWithHisto) - Generating asimov with histogram for pdf pdf_binfail_HIGH_obsOnly: in 7 x-bins
ToyMCSamplerOpt.cc[215] : (in function: generateWithHisto) -  , in 1 y-bins
ToyMCSamplerOpt.cc[146] : (in function: generateAsimov) - Using internal logic for binned/unbinned Asimov dataset generation
ToyMCSamplerOpt.cc[214] : (in function: generateWithHisto) - Generating asimov with histogram for pdf pdf_binpass_LOW_obsOnly: in 4 x-bins
ToyMCSamplerOpt.cc[215] : (in function: generateWithHisto) -  , in 1 y-bins
ToyMCSamplerOpt.cc[146] : (in function: generateAsimov) - Using internal logic for binned/unbinned Asimov dataset generation
ToyMCSamplerOpt.cc[214] : (in function: generateWithHisto) - Generating asimov with histogram for pdf pdf_binpass_SIG_obsOnly: in 3 x-bins
ToyMCSamplerOpt.cc[215] : (in function: generateWithHisto) -  , in 1 y-bins
ToyMCSamplerOpt.cc[146] : (in function: generateAsimov) - Using internal logic for binned/unbinned Asimov dataset generation
ToyMCSamplerOpt.cc[214] : (in function: generateWithHisto) - Generating asimov with histogram for pdf pdf_binpass_HIGH_obsOnly: in 7 x-bins
ToyMCSamplerOpt.cc[215] : (in function: generateWithHisto) -  , in 1 y-bins
AsymptoticLimits.cc[428] : (in function: runLimitExpected) - Median for expected limits = 2.39844, Sigma for expected limits = 1.22372
AsymptoticLimits.cc[191] : (in function: runLimit) - NLL at global minimum of data = -11154.6 (r=4.15243e-07)
AsymptoticLimits.cc[211] : (in function: runLimit) - NLL at global minimum of asimov = -11154 (r=0.00176631)
AsymptoticLimits.cc[337] : (in function: getCLs) - At r = 1.200000:	q_mu = 5.63815	q_A  = 1.31060	Pmu = 0.00120	1-Pb  = 0.02937	CLs  = 0.04096
AsymptoticLimits.cc[337] : (in function: getCLs) - At r = 0.600000:	q_mu = 2.91625	q_A  = 0.39216	Pmu = 0.00413	1-Pb  = 0.02194	CLs  = 0.18812
AsymptoticLimits.cc[337] : (in function: getCLs) - At r = 0.900000:	q_mu = 4.29781	q_A  = 0.80568	Pmu = 0.00224	1-Pb  = 0.02587	CLs  = 0.08641
AsymptoticLimits.cc[337] : (in function: getCLs) - At r = 1.075878:	q_mu = 5.08807	q_A  = 1.08855	Pmu = 0.00154	1-Pb  = 0.02764	CLs  = 0.05565
AsymptoticLimits.cc[337] : (in function: getCLs) - At r = 1.135381:	q_mu = 5.35255	q_A  = 1.19011	Pmu = 0.00136	1-Pb  = 0.02821	CLs  = 0.04806
AsymptoticLimits.cc[337] : (in function: getCLs) - At r = 1.110617:	q_mu = 5.24262	q_A  = 1.14748	Pmu = 0.00143	1-Pb  = 0.02797	CLs  = 0.05108
AsymptoticLimits.cc[337] : (in function: getCLs) - At r = 1.122495:	q_mu = 5.29533	q_A  = 1.16781	Pmu = 0.00139	1-Pb  = 0.02808	CLs  = 0.04961
AsymptoticLimits.cc[337] : (in function: getCLs) - At r = 1.117546:	q_mu = 5.27335	q_A  = 1.15930	Pmu = 0.00141	1-Pb  = 0.02804	CLs  = 0.05021
AsymptoticLimits.cc[337] : (in function: getCLs) - At r = 1.119924:	q_mu = 5.28391	q_A  = 1.16338	Pmu = 0.00140	1-Pb  = 0.02806	CLs  = 0.04992
AsymptoticLimits.cc[337] : (in function: getCLs) - At r = 1.118935:	q_mu = 5.27951	q_A  = 1.16168	Pmu = 0.00140	1-Pb  = 0.02805	CLs  = 0.05004
AsymptoticLimits.cc[337] : (in function: getCLs) - At r = 1.119411:	q_mu = 5.28162	q_A  = 1.16250	Pmu = 0.00140	1-Pb  = 0.02805	CLs  = 0.04998
AsymptoticLimits.cc[337] : (in function: getCLs) - At r = 1.119214:	q_mu = 5.28086	q_A  = 1.16216	Pmu = 0.00140	1-Pb  = 0.02805	CLs  = 0.05001
AsymptoticLimits.cc[337] : (in function: getCLs) - At r = 1.119297:	q_mu = 5.28115	q_A  = 1.16230	Pmu = 0.00140	1-Pb  = 0.02805	CLs  = 0.05000
AsymptoticLimits.cc[337] : (in function: getCLs) - At r = 1.119262:	q_mu = 5.28097	q_A  = 1.16224	Pmu = 0.00140	1-Pb  = 0.02805	CLs  = 0.05000
AsymptoticLimits.cc[337] : (in function: getCLs) - At r = 1.119277:	q_mu = 5.28103	q_A  = 1.16226	Pmu = 0.00140	1-Pb  = 0.02805	CLs  = 0.05000
AsymptoticLimits.cc[337] : (in function: getCLs) - At r = 1.119285:	q_mu = 5.28107	q_A  = 1.16228	Pmu = 0.00140	1-Pb  = 0.02805	CLs  = 0.05000
AsymptoticLimits.cc[337] : (in function: getCLs) - At r = 1.119282:	q_mu = 5.28119	q_A  = 1.16227	Pmu = 0.00140	1-Pb  = 0.02805	CLs  = 0.05000
