CascadeMinimizer.cc[188] : (in function: improveOnce) - Minimization configured with Type=Minuit2, Algo=Migrad, strategy=0, tolerance=0.1
CascadeMinimizer.cc[215] : (in function: improveOnce) - Minimization finished with status=0
CascadeMinimizer.cc[219] : (in function: improveOnce) - Minimization success! status=0
ToyMCSamplerOpt.cc[146] : (in function: generateAsimov) - Using internal logic for binned/unbinned Asimov dataset generation
ToyMCSamplerOpt.cc[214] : (in function: generateWithHisto) - Generating asimov with histogram for pdf pdf_binfail_LOW_obsOnly: in 4 x-bins
ToyMCSamplerOpt.cc[215] : (in function: generateWithHisto) -  , in 1 y-bins
ToyMCSamplerOpt.cc[146] : (in function: generateAsimov) - Using internal logic for binned/unbinned Asimov dataset generation
ToyMCSamplerOpt.cc[214] : (in function: generateWithHisto) - Generating asimov with histogram for pdf pdf_binfail_SIG_obsOnly: in 3 x-bins
ToyMCSamplerOpt.cc[215] : (in function: generateWithHisto) -  , in 1 y-bins
ToyMCSamplerOpt.cc[146] : (in function: generateAsimov) - Using internal logic for binned/unbinned Asimov dataset generation
ToyMCSamplerOpt.cc[214] : (in function: generateWithHisto) - Generating asimov with histogram for pdf pdf_binfail_HIGH_obsOnly: in 7 x-bins
ToyMCSamplerOpt.cc[215] : (in function: generateWithHisto) -  , in 1 y-bins
ToyMCSamplerOpt.cc[146] : (in function: generateAsimov) - Using internal logic for binned/unbinned Asimov dataset generation
ToyMCSamplerOpt.cc[214] : (in function: generateWithHisto) - Generating asimov with histogram for pdf pdf_binpass_LOW_obsOnly: in 4 x-bins
ToyMCSamplerOpt.cc[215] : (in function: generateWithHisto) -  , in 1 y-bins
ToyMCSamplerOpt.cc[146] : (in function: generateAsimov) - Using internal logic for binned/unbinned Asimov dataset generation
ToyMCSamplerOpt.cc[214] : (in function: generateWithHisto) - Generating asimov with histogram for pdf pdf_binpass_SIG_obsOnly: in 3 x-bins
ToyMCSamplerOpt.cc[215] : (in function: generateWithHisto) -  , in 1 y-bins
ToyMCSamplerOpt.cc[146] : (in function: generateAsimov) - Using internal logic for binned/unbinned Asimov dataset generation
ToyMCSamplerOpt.cc[214] : (in function: generateWithHisto) - Generating asimov with histogram for pdf pdf_binpass_HIGH_obsOnly: in 7 x-bins
ToyMCSamplerOpt.cc[215] : (in function: generateWithHisto) -  , in 1 y-bins
AsymptoticLimits.cc[428] : (in function: runLimitExpected) - Median for expected limits = 1.09375, Sigma for expected limits = 0.558046
AsymptoticLimits.cc[191] : (in function: runLimit) - NLL at global minimum of data = -11136.5 (r=2.21469e-07)
AsymptoticLimits.cc[211] : (in function: runLimit) - NLL at global minimum of asimov = -11136 (r=3.05554e-06)
AsymptoticLimits.cc[337] : (in function: getCLs) - At r = 1.200000:	q_mu = 5.69587	q_A  = 4.17467	Pmu = 0.00786	1-Pb  = 0.35485	CLs  = 0.02214
AsymptoticLimits.cc[337] : (in function: getCLs) - At r = 0.600000:	q_mu = 3.31077	q_A  = 2.13076	Pmu = 0.03117	1-Pb  = 0.34304	CLs  = 0.09086
AsymptoticLimits.cc[337] : (in function: getCLs) - At r = 0.923076:	q_mu = 4.66737	q_A  = 3.27594	Pmu = 0.01411	1-Pb  = 0.35035	CLs  = 0.04026
AsymptoticLimits.cc[337] : (in function: getCLs) - At r = 0.789670:	q_mu = 4.13084	q_A  = 2.81646	Pmu = 0.01923	1-Pb  = 0.34768	CLs  = 0.05532
AsymptoticLimits.cc[337] : (in function: getCLs) - At r = 0.850322:	q_mu = 4.37855	q_A  = 3.02761	Pmu = 0.01666	1-Pb  = 0.34893	CLs  = 0.04775
AsymptoticLimits.cc[337] : (in function: getCLs) - At r = 0.822992:	q_mu = 4.26770	q_A  = 2.93292	Pmu = 0.01776	1-Pb  = 0.34838	CLs  = 0.05099
AsymptoticLimits.cc[337] : (in function: getCLs) - At r = 0.834988:	q_mu = 4.31647	q_A  = 2.97457	Pmu = 0.01727	1-Pb  = 0.34863	CLs  = 0.04954
AsymptoticLimits.cc[337] : (in function: getCLs) - At r = 0.829500:	q_mu = 4.29426	q_A  = 2.95552	Pmu = 0.01749	1-Pb  = 0.34851	CLs  = 0.05019
AsymptoticLimits.cc[337] : (in function: getCLs) - At r = 0.831886:	q_mu = 4.30389	q_A  = 2.96381	Pmu = 0.01740	1-Pb  = 0.34856	CLs  = 0.04991
AsymptoticLimits.cc[337] : (in function: getCLs) - At r = 0.830791:	q_mu = 4.29943	q_A  = 2.96000	Pmu = 0.01744	1-Pb  = 0.34854	CLs  = 0.05004
AsymptoticLimits.cc[337] : (in function: getCLs) - At r = 0.831272:	q_mu = 4.30138	q_A  = 2.96170	Pmu = 0.01742	1-Pb  = 0.34856	CLs  = 0.04998
AsymptoticLimits.cc[337] : (in function: getCLs) - At r = 0.831053:	q_mu = 4.30049	q_A  = 2.96092	Pmu = 0.01743	1-Pb  = 0.34855	CLs  = 0.05001
AsymptoticLimits.cc[337] : (in function: getCLs) - At r = 0.831150:	q_mu = 4.30096	q_A  = 2.96125	Pmu = 0.01743	1-Pb  = 0.34854	CLs  = 0.04999
AsymptoticLimits.cc[337] : (in function: getCLs) - At r = 0.831100:	q_mu = 4.30070	q_A  = 2.96108	Pmu = 0.01743	1-Pb  = 0.34855	CLs  = 0.05000
AsymptoticLimits.cc[337] : (in function: getCLs) - At r = 0.831121:	q_mu = 4.30077	q_A  = 2.96115	Pmu = 0.01743	1-Pb  = 0.34855	CLs  = 0.05000
AsymptoticLimits.cc[337] : (in function: getCLs) - At r = 0.831115:	q_mu = 4.30074	q_A  = 2.96113	Pmu = 0.01743	1-Pb  = 0.34855	CLs  = 0.05000
AsymptoticLimits.cc[337] : (in function: getCLs) - At r = 0.831119:	q_mu = 4.30075	q_A  = 2.96117	Pmu = 0.01743	1-Pb  = 0.34855	CLs  = 0.05000
