CascadeMinimizer.cc[188] : (in function: improveOnce) - Minimization configured with Type=Minuit2, Algo=Migrad, strategy=0, tolerance=0.1
CascadeMinimizer.cc[215] : (in function: improveOnce) - Minimization finished with status=0
CascadeMinimizer.cc[219] : (in function: improveOnce) - Minimization success! status=0
ToyMCSamplerOpt.cc[146] : (in function: generateAsimov) - Using internal logic for binned/unbinned Asimov dataset generation
ToyMCSamplerOpt.cc[214] : (in function: generateWithHisto) - Generating asimov with histogram for pdf pdf_binfail_LOW_obsOnly: in 4 x-bins
ToyMCSamplerOpt.cc[215] : (in function: generateWithHisto) -  , in 1 y-bins
ToyMCSamplerOpt.cc[146] : (in function: generateAsimov) - Using internal logic for binned/unbinned Asimov dataset generation
ToyMCSamplerOpt.cc[214] : (in function: generateWithHisto) - Generating asimov with histogram for pdf pdf_binfail_SIG_obsOnly: in 3 x-bins
ToyMCSamplerOpt.cc[215] : (in function: generateWithHisto) -  , in 1 y-bins
ToyMCSamplerOpt.cc[146] : (in function: generateAsimov) - Using internal logic for binned/unbinned Asimov dataset generation
ToyMCSamplerOpt.cc[214] : (in function: generateWithHisto) - Generating asimov with histogram for pdf pdf_binfail_HIGH_obsOnly: in 7 x-bins
ToyMCSamplerOpt.cc[215] : (in function: generateWithHisto) -  , in 1 y-bins
ToyMCSamplerOpt.cc[146] : (in function: generateAsimov) - Using internal logic for binned/unbinned Asimov dataset generation
ToyMCSamplerOpt.cc[214] : (in function: generateWithHisto) - Generating asimov with histogram for pdf pdf_binpass_LOW_obsOnly: in 4 x-bins
ToyMCSamplerOpt.cc[215] : (in function: generateWithHisto) -  , in 1 y-bins
ToyMCSamplerOpt.cc[146] : (in function: generateAsimov) - Using internal logic for binned/unbinned Asimov dataset generation
ToyMCSamplerOpt.cc[214] : (in function: generateWithHisto) - Generating asimov with histogram for pdf pdf_binpass_SIG_obsOnly: in 3 x-bins
ToyMCSamplerOpt.cc[215] : (in function: generateWithHisto) -  , in 1 y-bins
ToyMCSamplerOpt.cc[146] : (in function: generateAsimov) - Using internal logic for binned/unbinned Asimov dataset generation
ToyMCSamplerOpt.cc[214] : (in function: generateWithHisto) - Generating asimov with histogram for pdf pdf_binpass_HIGH_obsOnly: in 7 x-bins
ToyMCSamplerOpt.cc[215] : (in function: generateWithHisto) -  , in 1 y-bins
AsymptoticLimits.cc[428] : (in function: runLimitExpected) - Median for expected limits = 1.39844, Sigma for expected limits = 0.713502
AsymptoticLimits.cc[191] : (in function: runLimit) - NLL at global minimum of data = -11589.7 (r=1.88135e-10)
AsymptoticLimits.cc[211] : (in function: runLimit) - NLL at global minimum of asimov = -11589.5 (r=9.14e-07)
AsymptoticLimits.cc[337] : (in function: getCLs) - At r = 1.200000:	q_mu = 2.98835	q_A  = 3.37335	Pmu = 0.04193	1-Pb  = 0.54300	CLs  = 0.07722
AsymptoticLimits.cc[337] : (in function: getCLs) - At r = 2.400000:	q_mu = 4.99240	q_A  = 5.91619	Pmu = 0.01273	1-Pb  = 0.57846	CLs  = 0.02201
AsymptoticLimits.cc[337] : (in function: getCLs) - At r = 1.200000:	q_mu = 2.98819	q_A  = 3.37333	Pmu = 0.04194	1-Pb  = 0.54301	CLs  = 0.07723
AsymptoticLimits.cc[337] : (in function: getCLs) - At r = 1.772443:	q_mu = 4.01453	q_A  = 4.67618	Pmu = 0.02255	1-Pb  = 0.56309	CLs  = 0.04006
AsymptoticLimits.cc[337] : (in function: getCLs) - At r = 1.503267:	q_mu = 3.55118	q_A  = 4.08751	Pmu = 0.02975	1-Pb  = 0.55460	CLs  = 0.05364
AsymptoticLimits.cc[337] : (in function: getCLs) - At r = 1.608968:	q_mu = 3.73679	q_A  = 4.32329	Pmu = 0.02661	1-Pb  = 0.55811	CLs  = 0.04768
AsymptoticLimits.cc[337] : (in function: getCLs) - At r = 1.553786:	q_mu = 3.64046	q_A  = 4.20103	Pmu = 0.02820	1-Pb  = 0.55632	CLs  = 0.05068
AsymptoticLimits.cc[337] : (in function: getCLs) - At r = 1.574641:	q_mu = 3.67702	q_A  = 4.24739	Pmu = 0.02758	1-Pb  = 0.55700	CLs  = 0.04952
AsymptoticLimits.cc[337] : (in function: getCLs) - At r = 1.563552:	q_mu = 3.65759	q_A  = 4.22273	Pmu = 0.02791	1-Pb  = 0.55664	CLs  = 0.05014
AsymptoticLimits.cc[337] : (in function: getCLs) - At r = 1.567717:	q_mu = 3.66489	q_A  = 4.23200	Pmu = 0.02779	1-Pb  = 0.55677	CLs  = 0.04990
AsymptoticLimits.cc[337] : (in function: getCLs) - At r = 1.565498:	q_mu = 3.66100	q_A  = 4.22706	Pmu = 0.02785	1-Pb  = 0.55670	CLs  = 0.05003
AsymptoticLimits.cc[337] : (in function: getCLs) - At r = 1.566331:	q_mu = 3.66246	q_A  = 4.22892	Pmu = 0.02783	1-Pb  = 0.55673	CLs  = 0.04998
AsymptoticLimits.cc[337] : (in function: getCLs) - At r = 1.565887:	q_mu = 3.66168	q_A  = 4.22793	Pmu = 0.02784	1-Pb  = 0.55671	CLs  = 0.05001
AsymptoticLimits.cc[337] : (in function: getCLs) - At r = 1.566054:	q_mu = 3.66198	q_A  = 4.22830	Pmu = 0.02783	1-Pb  = 0.55672	CLs  = 0.05000
AsymptoticLimits.cc[337] : (in function: getCLs) - At r = 1.565965:	q_mu = 3.66198	q_A  = 4.22810	Pmu = 0.02783	1-Pb  = 0.55670	CLs  = 0.05000
AsymptoticLimits.cc[337] : (in function: getCLs) - At r = 1.565932:	q_mu = 3.66181	q_A  = 4.22814	Pmu = 0.02784	1-Pb  = 0.55672	CLs  = 0.05000
AsymptoticLimits.cc[337] : (in function: getCLs) - At r = 1.565946:	q_mu = 3.66181	q_A  = 4.22808	Pmu = 0.02784	1-Pb  = 0.55671	CLs  = 0.05000
AsymptoticLimits.cc[337] : (in function: getCLs) - At r = 1.565956:	q_mu = 3.66182	q_A  = 4.22809	Pmu = 0.02784	1-Pb  = 0.55671	CLs  = 0.05000
AsymptoticLimits.cc[337] : (in function: getCLs) - At r = 1.565961:	q_mu = 3.66182	q_A  = 4.22809	Pmu = 0.02784	1-Pb  = 0.55671	CLs  = 0.05000
